Component: Arm Compiler for Embedded 6.24 Tool: armlink [5f371500]

==============================================================================

Section Cross References

    startup_stm32h750xx.o(RESET) refers to startup_stm32h750xx.o(STACK) for __initial_sp
    startup_stm32h750xx.o(RESET) refers to startup_stm32h750xx.o(.text) for Reset_Handler
    startup_stm32h750xx.o(RESET) refers to stm32h7xx_it.o(.text.NMI_Handler) for NMI_Handler
    startup_stm32h750xx.o(RESET) refers to stm32h7xx_it.o(.text.HardFault_Handler) for HardFault_Handler
    startup_stm32h750xx.o(RESET) refers to stm32h7xx_it.o(.text.MemManage_Handler) for MemManage_Handler
    startup_stm32h750xx.o(RESET) refers to stm32h7xx_it.o(.text.BusFault_Handler) for BusFault_Handler
    startup_stm32h750xx.o(RESET) refers to stm32h7xx_it.o(.text.UsageFault_Handler) for UsageFault_Handler
    startup_stm32h750xx.o(RESET) refers to port.o(.text.SVC_Handler) for SVC_Handler
    startup_stm32h750xx.o(RESET) refers to stm32h7xx_it.o(.text.DebugMon_Handler) for DebugMon_Handler
    startup_stm32h750xx.o(RESET) refers to port.o(.text.PendSV_Handler) for PendSV_Handler
    startup_stm32h750xx.o(RESET) refers to cmsis_os2.o(.text.SysTick_Handler) for SysTick_Handler
    startup_stm32h750xx.o(RESET) refers to stm32h7xx_it.o(.text.EXTI0_IRQHandler) for EXTI0_IRQHandler
    startup_stm32h750xx.o(RESET) refers to stm32h7xx_it.o(.text.DMA1_Stream0_IRQHandler) for DMA1_Stream0_IRQHandler
    startup_stm32h750xx.o(RESET) refers to stm32h7xx_it.o(.text.DMA1_Stream1_IRQHandler) for DMA1_Stream1_IRQHandler
    startup_stm32h750xx.o(RESET) refers to stm32h7xx_it.o(.text.DMA1_Stream2_IRQHandler) for DMA1_Stream2_IRQHandler
    startup_stm32h750xx.o(RESET) refers to stm32h7xx_it.o(.text.USART1_IRQHandler) for USART1_IRQHandler
    startup_stm32h750xx.o(RESET) refers to stm32h7xx_it.o(.text.USART2_IRQHandler) for USART2_IRQHandler
    startup_stm32h750xx.o(RESET) refers to stm32h7xx_it.o(.text.EXTI15_10_IRQHandler) for EXTI15_10_IRQHandler
    startup_stm32h750xx.o(RESET) refers to stm32h7xx_it.o(.text.TIM7_IRQHandler) for TIM7_IRQHandler
    startup_stm32h750xx.o(.text) refers to system_stm32h7xx.o(.text.ExitRun0Mode) for ExitRun0Mode
    startup_stm32h750xx.o(.text) refers to system_stm32h7xx.o(.text.SystemInit) for SystemInit
    startup_stm32h750xx.o(.text) refers to entry.o(.ARM.Collect$$$$00000000) for __main
    main.o(.text.main) refers to stm32h7xx_hal.o(.text.HAL_Init) for HAL_Init
    main.o(.text.main) refers to main.o(.text.SystemClock_Config) for SystemClock_Config
    main.o(.text.main) refers to main.o(.text.PeriphCommonClock_Config) for PeriphCommonClock_Config
    main.o(.text.main) refers to gpio.o(.text.MX_GPIO_Init) for MX_GPIO_Init
    main.o(.text.main) refers to dma.o(.text.MX_DMA_Init) for MX_DMA_Init
    main.o(.text.main) refers to usart.o(.text.MX_USART1_UART_Init) for MX_USART1_UART_Init
    main.o(.text.main) refers to i2c.o(.text.MX_I2C1_Init) for MX_I2C1_Init
    main.o(.text.main) refers to tim.o(.text.MX_TIM2_Init) for MX_TIM2_Init
    main.o(.text.main) refers to tim.o(.text.MX_TIM3_Init) for MX_TIM3_Init
    main.o(.text.main) refers to tim.o(.text.MX_TIM12_Init) for MX_TIM12_Init
    main.o(.text.main) refers to tim.o(.text.MX_TIM15_Init) for MX_TIM15_Init
    main.o(.text.main) refers to spi.o(.text.MX_SPI2_Init) for MX_SPI2_Init
    main.o(.text.main) refers to usart.o(.text.MX_USART2_UART_Init) for MX_USART2_UART_Init
    main.o(.text.main) refers to cmsis_os2.o(.text.osKernelInitialize) for osKernelInitialize
    main.o(.text.main) refers to freertos.o(.text.MX_FREERTOS_Init) for MX_FREERTOS_Init
    main.o(.text.main) refers to cmsis_os2.o(.text.osKernelStart) for osKernelStart
    main.o(.text.main) refers to stm32h7xx_hal.o(.text.HAL_Delay) for HAL_Delay
    main.o(.ARM.exidx.text.main) refers to main.o(.text.main) for [Anonymous Symbol]
    main.o(.text.SystemClock_Config) refers to memseta.o(.text) for __aeabi_memclr4
    main.o(.text.SystemClock_Config) refers to stm32h7xx_hal_pwr_ex.o(.text.HAL_PWREx_ConfigSupply) for HAL_PWREx_ConfigSupply
    main.o(.text.SystemClock_Config) refers to stm32h7xx_hal_rcc.o(.text.HAL_RCC_OscConfig) for HAL_RCC_OscConfig
    main.o(.text.SystemClock_Config) refers to main.o(.text.Error_Handler) for Error_Handler
    main.o(.text.SystemClock_Config) refers to stm32h7xx_hal_rcc.o(.text.HAL_RCC_ClockConfig) for HAL_RCC_ClockConfig
    main.o(.ARM.exidx.text.SystemClock_Config) refers to main.o(.text.SystemClock_Config) for [Anonymous Symbol]
    main.o(.text.PeriphCommonClock_Config) refers to memseta.o(.text) for __aeabi_memclr8
    main.o(.text.PeriphCommonClock_Config) refers to stm32h7xx_hal_rcc_ex.o(.text.HAL_RCCEx_PeriphCLKConfig) for HAL_RCCEx_PeriphCLKConfig
    main.o(.text.PeriphCommonClock_Config) refers to main.o(.text.Error_Handler) for Error_Handler
    main.o(.ARM.exidx.text.PeriphCommonClock_Config) refers to main.o(.text.PeriphCommonClock_Config) for [Anonymous Symbol]
[...]
    st7789v2_cs_set_level                    0x08013509   Thumb Code    62  st7789v2.o(.text.st7789v2_cs_set_level)
    st7789v2_dc_set_level                    0x08013549   Thumb Code    62  st7789v2.o(.text.st7789v2_dc_set_level)
    st7789v2_read_write_byte                 0x08013589   Thumb Code    44  st7789v2.o(.text.st7789v2_read_write_byte)
    st7789v2_res_set_level                   0x080135b9   Thumb Code    62  st7789v2.o(.text.st7789v2_res_set_level)
    uxListRemove                             0x08013699   Thumb Code    72  list.o(.text.uxListRemove)
    vApplicationGetIdleTaskMemory            0x080136e1   Thumb Code    42  cmsis_os2.o(.text.vApplicationGetIdleTaskMemory)
    vApplicationGetTimerTaskMemory           0x08013711   Thumb Code    44  cmsis_os2.o(.text.vApplicationGetTimerTaskMemory)
    vListInitialise                          0x08013741   Thumb Code    46  list.o(.text.vListInitialise)
    vListInitialiseItem                      0x08013771   Thumb Code    14  list.o(.text.vListInitialiseItem)
    vListInsert                              0x08013781   Thumb Code   106  list.o(.text.vListInsert)
    vListInsertEnd                           0x080137f1   Thumb Code    58  list.o(.text.vListInsertEnd)
    vPortEnterCritical                       0x08013849   Thumb Code    86  port.o(.text.vPortEnterCritical)
    vPortExitCritical                        0x080138a1   Thumb Code    74  port.o(.text.vPortExitCritical)
    vPortFree                                0x080138f1   Thumb Code   206  heap_4.o(.text.vPortFree)
    vPortSetupTimerInterrupt                 0x080139c1   Thumb Code    68  port.o(.text.vPortSetupTimerInterrupt)
    vPortValidateInterruptPriority           0x08013a09   Thumb Code   132  port.o(.text.vPortValidateInterruptPriority)
    vQueueAddToRegistry                      0x08013a91   Thumb Code    82  queue.o(.text.vQueueAddToRegistry)
    vQueueWaitForMessageRestricted           0x08013ae9   Thumb Code   100  queue.o(.text.vQueueWaitForMessageRestricted)
    vTaskDelay                               0x08013b51   Thumb Code   110  tasks.o(.text.vTaskDelay)
    vTaskDelayUntil                          0x08013bc1   Thumb Code   276  tasks.o(.text.vTaskDelayUntil)
    vTaskInternalSetTimeOutState             0x08013cd9   Thumb Code    36  tasks.o(.text.vTaskInternalSetTimeOutState)
    vTaskMissedYield                         0x08013d01   Thumb Code    14  tasks.o(.text.vTaskMissedYield)
    vTaskPlaceOnEventList                    0x08013d11   Thumb Code    66  tasks.o(.text.vTaskPlaceOnEventList)
    vTaskPlaceOnEventListRestricted          0x08013d59   Thumb Code    82  tasks.o(.text.vTaskPlaceOnEventListRestricted)
    vTaskStartScheduler                      0x08013db1   Thumb Code   224  tasks.o(.text.vTaskStartScheduler)
    vTaskSuspendAll                          0x08013e91   Thumb Code    16  tasks.o(.text.vTaskSuspendAll)
    vTaskSwitchContext                       0x08013ea1   Thumb Code   198  tasks.o(.text.vTaskSwitchContext)
    xPortStartScheduler                      0x08013f69   Thumb Code   342  port.o(.text.xPortStartScheduler)
    xPortSysTickHandler                      0x080140c1   Thumb Code    60  port.o(.text.xPortSysTickHandler)
    xQueueGenericCreateStatic                0x08014101   Thumb Code   270  queue.o(.text.xQueueGenericCreateStatic)
    xQueueGenericReset                       0x08014211   Thumb Code   186  queue.o(.text.xQueueGenericReset)
    xQueueGenericSend                        0x080142d1   Thumb Code   556  queue.o(.text.xQueueGenericSend)
    xQueueGenericSendFromISR                 0x08014501   Thumb Code   332  queue.o(.text.xQueueGenericSendFromISR)
    xQueueReceive                            0x08014651   Thumb Code   476  queue.o(.text.xQueueReceive)
    xTaskCheckForTimeOut                     0x08014831   Thumb Code   204  tasks.o(.text.xTaskCheckForTimeOut)
    xTaskCreate                              0x08014901   Thumb Code   158  tasks.o(.text.xTaskCreate)
    xTaskCreateStatic                        0x080149a1   Thumb Code   206  tasks.o(.text.xTaskCreateStatic)
    xTaskGetSchedulerState                   0x08014a71   Thumb Code    56  tasks.o(.text.xTaskGetSchedulerState)
    xTaskGetTickCount                        0x08014aa9   Thumb Code    20  tasks.o(.text.xTaskGetTickCount)
    xTaskIncrementTick                       0x08014ac1   Thumb Code   452  tasks.o(.text.xTaskIncrementTick)
    xTaskPriorityDisinherit                  0x08014c89   Thumb Code   236  tasks.o(.text.xTaskPriorityDisinherit)
    xTaskRemoveFromEventList                 0x08014d79   Thumb Code   206  tasks.o(.text.xTaskRemoveFromEventList)
    xTaskResumeAll                           0x08014e49   Thumb Code   390  tasks.o(.text.xTaskResumeAll)
    xTimerCreateTimerTask                    0x08014fd1   Thumb Code   148  timers.o(.text.xTimerCreateTimerTask)
    xTimerGenericCommand                     0x08015069   Thumb Code   176  timers.o(.text.xTimerGenericCommand)
    __0sprintf                               0x08015119   Thumb Code    34  printfa.o(i.__0sprintf)
    __1sprintf                               0x08015119   Thumb Code     0  printfa.o(i.__0sprintf)
    __2sprintf                               0x08015119   Thumb Code     0  printfa.o(i.__0sprintf)
    __c89sprintf                             0x08015119   Thumb Code     0  printfa.o(i.__0sprintf)
    sprintf                                  0x08015119   Thumb Code     0  printfa.o(i.__0sprintf)
    __ARM_fpclassifyf                        0x08015141   Thumb Code    38  fpclassifyf.o(i.__ARM_fpclassifyf)
    __hardfp_asinf                           0x08015169   Thumb Code   258  asinf.o(i.__hardfp_asinf)
    __hardfp_atan2f                          0x08015295   Thumb Code   594  atan2f.o(i.__hardfp_atan2f)
    __hardfp_cosf                            0x08015541   Thumb Code   280  cosf.o(i.__hardfp_cosf)
    __hardfp_sinf                            0x08015691   Thumb Code   344  sinf.o(i.__hardfp_sinf)
    __mathlib_flt_infnan                     0x08015821   Thumb Code     6  funder.o(i.__mathlib_flt_infnan)
    __mathlib_flt_infnan2                    0x08015827   Thumb Code     6  funder.o(i.__mathlib_flt_infnan2)
    __mathlib_flt_invalid                    0x0801582d   Thumb Code    10  funder.o(i.__mathlib_flt_invalid)
    __mathlib_flt_underflow                  0x0801583d   Thumb Code    10  funder.o(i.__mathlib_flt_underflow)
    __mathlib_rredf2                         0x0801584d   Thumb Code   316  rredf.o(i.__mathlib_rredf2)
    __scatterload_copy                       0x080159a1   Thumb Code    14  handlers.o(i.__scatterload_copy)
    __scatterload_null                       0x080159af   Thumb Code     2  handlers.o(i.__scatterload_null)
    __scatterload_zeroinit                   0x080159b1   Thumb Code    14  handlers.o(i.__scatterload_zeroinit)
    __set_errno                              0x080159c1   Thumb Code     6  errno.o(i.__set_errno)
    _is_digit                                0x08015b51   Thumb Code    14  scanf_fp.o(i._is_digit)
    malloc                                   0x08016299   Thumb Code    92  malloc.o(i.malloc)
    sqrtf                                    0x08016305   Thumb Code    62  sqrtf.o(i.sqrtf)
    __ctype_categories                       0x08016364   Data          64  ctype_c.o(.constdata)
    AngVelControlTa_attributes               0x08016408   Data          36  freertos.o(.rodata.AngVelControlTa_attributes)
    AngleControlTas_attributes               0x0801642c   Data          36  freertos.o(.rodata.AngleControlTas_attributes)
    AttitudeTask_attributes                  0x08016450   Data          36  freertos.o(.rodata.AttitudeTask_attributes)
    D1CorePrescTable                         0x08016474   Data          16  system_stm32h7xx.o(.rodata.D1CorePrescTable)
    DisplayTask_attributes                   0x0801648c   Data          36  freertos.o(.rodata.DisplayTask_attributes)
    LightTask_attributes                     0x080164b0   Data          36  freertos.o(.rodata.LightTask_attributes)
    MotorTask_attributes                     0x080164d4   Data          36  freertos.o(.rodata.MotorTask_attributes)
    SpeedControlTas_attributes               0x080164f8   Data          36  freertos.o(.rodata.SpeedControlTas_attributes)
    UARTPrescTable                           0x0801652c   Data          24  stm32h7xx_hal_uart.o(.rodata.UARTPrescTable)
    ascii_1206                               0x08016544   Data        1140  st7789v2.o(.rodata.ascii_1206)
    ascii_1608                               0x080169b8   Data        1520  st7789v2.o(.rodata.ascii_1608)
    ascii_2412                               0x08016fa8   Data        4560  st7789v2.o(.rodata.ascii_2412)
    ascii_3216                               0x08018178   Data        6080  st7789v2.o(.rodata.ascii_3216)
    defaultTask_attributes                   0x08019938   Data          36  freertos.o(.rodata.defaultTask_attributes)
    Region$$Table$$Base                      0x08019a14   Number         0  anon$$obj.o(Region$$Table)
    Region$$Table$$Limit                     0x08019a34   Number         0  anon$$obj.o(Region$$Table)
    __microlib_freelist                      0x24000000   Data           4  mvars.o(.data)
    __microlib_freelist_initialised          0x24000004   Data           4  mvars.o(.data)
    SystemCoreClock                          0x2400000c   Data           4  system_stm32h7xx.o(.data.SystemCoreClock)
    SystemD2Clock                            0x24000010   Data           4  system_stm32h7xx.o(.data.SystemD2Clock)
    stm32_ctx                                0x24000014   Data          16  lsm6dsv.o(.data.stm32_ctx)
    uwTickFreq                               0x24000024   Data           1  stm32h7xx_hal.o(.data.uwTickFreq)
    uwTickPrio                               0x24000028   Data           4  stm32h7xx_hal.o(.data.uwTickPrio)
    AngVelControlTaHandle                    0x24000030   Data           4  freertos.o(.bss.AngVelControlTaHandle)
    AngleControlTasHandle                    0x24000034   Data           4  freertos.o(.bss.AngleControlTasHandle)
    AttitudeTaskHandle                       0x24000038   Data           4  freertos.o(.bss.AttitudeTaskHandle)
    Disp_Line                                0x2400003c   Data          20  task_display.o(.bss.Disp_Line)
    DisplayTaskHandle                        0x24000050   Data           4  freertos.o(.bss.DisplayTaskHandle)
    LightTaskHandle                          0x24000058   Data           4  freertos.o(.bss.LightTaskHandle)
    MotorTaskHandle                          0x2400005c   Data           4  freertos.o(.bss.MotorTaskHandle)
    SpeedControlTasHandle                    0x24000060   Data           4  freertos.o(.bss.SpeedControlTasHandle)
    angle_pid                                0x2400006c   Data           4  task_control.o(.bss.angle_pid)
    angvel_pid                               0x24000070   Data           4  task_control.o(.bss.angvel_pid)
    defaultTaskHandle                        0x24000074   Data           4  freertos.o(.bss.defaultTaskHandle)
    display_flag                             0x2400008d   Data           1  task_light.o(.bss.display_flag)
    distance                                 0x24000090   Data           4  freertos.o(.bss.distance)
    duty                                     0x24000094   Data           4  task_motor.o(.bss.duty)
    hdma_usart1_rx                           0x24000098   Data         120  usart.o(.bss.hdma_usart1_rx)
    hdma_usart1_tx                           0x24000110   Data         120  usart.o(.bss.hdma_usart1_tx)
    hdma_usart2_rx                           0x24000188   Data         120  usart.o(.bss.hdma_usart2_rx)
    hi2c1                                    0x24000200   Data          84  i2c.o(.bss.hi2c1)
    hspi2                                    0x24000254   Data         136  spi.o(.bss.hspi2)
    htim12                                   0x240002dc   Data          76  tim.o(.bss.htim12)
    htim15                                   0x24000328   Data          76  tim.o(.bss.htim15)
    htim2                                    0x24000374   Data          76  tim.o(.bss.htim2)
    htim3                                    0x240003c0   Data          76  tim.o(.bss.htim3)
    htim7                                    0x2400040c   Data          76  stm32h7xx_hal_timebase_tim.o(.bss.htim7)
    huart1                                   0x24000458   Data         148  usart.o(.bss.huart1)
    huart2                                   0x240004ec   Data         148  usart.o(.bss.huart2)
    ibus_instance                            0x24000580   Data           4  freertos.o(.bss.ibus_instance)
    led0                                     0x24000588   Data           4  task_light.o(.bss.led0)
    led1                                     0x2400058c   Data           4  task_light.o(.bss.led1)
    lsm6dsv                                  0x24000590   Data           4  task_attitude.o(.bss.lsm6dsv)
    mahony_ahrs                              0x24000594   Data           4  task_attitude.o(.bss.mahony_ahrs)
    pitch                                    0x24000598   Data           4  task_attitude.o(.bss.pitch)
    pxCurrentTCB                             0x240006d0   Data           4  tasks.o(.bss.pxCurrentTCB)
    roll                                     0x24000b48   Data           4  task_attitude.o(.bss.roll)
    speed                                    0x24000b4c   Data           4  task_control.o(.bss.speed)
    speed_pid                                0x24000b50   Data           4  task_control.o(.bss.speed_pid)
    st7789v2                                 0x24000b54   Data           4  task_display.o(.bss.st7789v2)
    target_angle                             0x24000b58   Data           4  task_control.o(.bss.target_angle)
    target_angvel                            0x24000b5c   Data           4  task_control.o(.bss.target_angvel)
    target_speed                             0x24000b60   Data           4  task_control.o(.bss.target_speed)
    tb6612_motor1                            0x24000b64   Data           4  task_motor.o(.bss.tb6612_motor1)
    tb6612_motor2                            0x24000b68   Data           4  task_motor.o(.bss.tb6612_motor2)
    uwTick                                   0x24004788   Data           4  stm32h7xx_hal.o(.bss.uwTick)
    xQueueRegistry                           0x24004ee0   Data          64  queue.o(.bss.xQueueRegistry)
    yaw                                      0x24004f64   Data           4  task_attitude.o(.bss.yaw)
    __heap_base                              0x24004f68   Data           0  startup_stm32h750xx.o(HEAP)
    __heap_limit                             0x24005f68   Data           0  startup_stm32h750xx.o(HEAP)
    __initial_sp                             0x24007f68   Data           0  startup_stm32h750xx.o(STACK)



==============================================================================

Memory Map of the image

  Image Entry point : 0x08000299

  Load Region LR_IROM1 (Base: 0x08000000, Size: 0x00019a68, Max: 0x00020000, ABSOLUTE)

    Execution Region ER_IROM1 (Exec base: 0x08000000, Load base: 0x08000000, Size: 0x00019a34, Max: 0x00020000, ABSOLUTE)

    Exec Addr    Load Addr    Size         Type   Attr      Idx    E Section Name        Object

    0x08000000   0x08000000   0x00000298   Data   RO            3    RESET               startup_stm32h750xx.o
    0x08000298   0x08000298   0x00000000   Code   RO         3426  * .ARM.Collect$$$$00000000  mc_w.l(entry.o)
    0x08000298   0x08000298   0x00000004   Code   RO         3520    .ARM.Collect$$$$00000001  mc_w.l(entry2.o)
    0x0800029c   0x0800029c   0x00000004   Code   RO         3523    .ARM.Collect$$$$00000004  mc_w.l(entry5.o)
    0x080002a0   0x080002a0   0x00000000   Code   RO         3525    .ARM.Collect$$$$00000008  mc_w.l(entry7b.o)
    0x080002a0   0x080002a0   0x00000000   Code   RO         3527    .ARM.Collect$$$$0000000A  mc_w.l(entry8b.o)
    0x080002a0   0x080002a0   0x00000008   Code   RO         3528    .ARM.Collect$$$$0000000B  mc_w.l(entry9a.o)
    0x080002a8   0x080002a8   0x00000000   Code   RO         3530    .ARM.Collect$$$$0000000D  mc_w.l(entry10a.o)
    0x080002a8   0x080002a8   0x00000000   Code   RO         3532    .ARM.Collect$$$$0000000F  mc_w.l(entry11a.o)
    0x080002a8   0x080002a8   0x00000004   Code   RO         3521    .ARM.Collect$$$$00002712  mc_w.l(entry2.o)
    0x080002ac   0x080002ac   0x0000002c   Code   RO            4    .text               startup_stm32h750xx.o
    0x080002d8   0x080002d8   0x00000062   Code   RO         3429    .text               mc_w.l(uldiv.o)
    0x0800033a   0x0800033a   0x00000024   Code   RO         3431    .text               mc_w.l(memcpya.o)
    0x0800035e   0x0800035e   0x00000024   Code   RO         3433    .text               mc_w.l(memseta.o)
    0x08000382   0x08000382   0x00000002   PAD
    0x08000384   0x08000384   0x00000038   Code   RO         3493    .text               mc_w.l(sscanf.o)
    0x080003bc   0x080003bc   0x0000002c   Code   RO         3544    .text               mc_w.l(uidiv.o)
    0x080003e8   0x080003e8   0x0000001e   Code   RO         3546    .text               mc_w.l(llshl.o)
    0x08000406   0x08000406   0x00000020   Code   RO         3548    .text               mc_w.l(llushr.o)
    0x08000426   0x08000426   0x00000156   Code   RO         3559    .text               mc_w.l(_scanf_longlong.o)
    0x0800057c   0x0800057c   0x0000014c   Code   RO         3561    .text               mc_w.l(_scanf_int.o)
    0x080006c8   0x080006c8   0x000000e0   Code   RO         3563    .text               mc_w.l(_scanf_str.o)
    0x080007a8   0x080007a8   0x00000360   Code   RO         3565    .text               mc_w.l(scanf_fp.o)
    0x08000b08   0x08000b08   0x00000028   Code   RO         3569    .text               mc_w.l(scanf_char.o)
    0x08000b30   0x08000b30   0x00000040   Code   RO         3571    .text               mc_w.l(_sgetc.o)
    0x08000b70   0x08000b70   0x00000000   Code   RO         3573    .text               mc_w.l(iusefp.o)
    0x08000b70   0x08000b70   0x0000014e   Code   RO         3574    .text               mf_w.l(dadd.o)
    0x08000cbe   0x08000cbe   0x000000e4   Code   RO         3576    .text               mf_w.l(dmul.o)
    0x08000da2   0x08000da2   0x000000de   Code   RO         3578    .text               mf_w.l(ddiv.o)
    0x08000e80   0x08000e80   0x00000030   Code   RO         3580    .text               mf_w.l(dfixul.o)
    0x08000eb0   0x08000eb0   0x00000030   Code   RO         3582    .text               mf_w.l(cdrcmple.o)
    0x08000ee0   0x08000ee0   0x00000030   Code   RO         3584    .text               mc_w.l(init.o)
    0x08000f10   0x08000f10   0x00000024   Code   RO         3586    .text               mc_w.l(llsshr.o)
    0x08000f34   0x08000f34   0x0000000a   Code   RO         3588    .text               mc_w.l(isspace_c.o)
    0x08000f3e   0x08000f3e   0x0000001c   Code   RO         3590    .text               mc_w.l(_chval.o)
    0x08000f5a   0x08000f5a   0x00000002   PAD
    0x08000f5c   0x08000f5c   0x0000032c   Code   RO         3592    .text               mc_w.l(_scanf.o)
    0x08001288   0x08001288   0x000000ba   Code   RO         3594    .text               mf_w.l(depilogue.o)
    0x08001342   0x08001342   0x00000018   Code   RO         3596    .text               mf_w.l(dfltul.o)
    0x0800135a   0x0800135a   0x00000038   Code   RO         3598    .text               mf_w.l(d2f.o)
    0x08001392   0x08001392   0x00000002   PAD
    0x08001394   0x08001394   0x00000028   Code   RO         3600    .text               mc_w.l(ctype_c.o)
    0x080013bc   0x080013bc   0x0000006e   Code   RO         3603    .text               mf_w.l(fepilogue.o)
    0x0800142a   0x0800142a   0x00000006   PAD
    0x08001430   0x08001430   0x00000004   Code   RO          178    .text.BusFault_Handler  stm32h7xx_it.o
    0x08001434   0x08001434   0x00000004   PAD
    0x08001438   0x08001438   0x00000010   Code   RO          186    .text.DMA1_Stream0_IRQHandler  stm32h7xx_it.o
    0x08001448   0x08001448   0x00000010   Code   RO          188    .text.DMA1_Stream1_IRQHandler  stm32h7xx_it.o
    0x08001458   0x08001458   0x00000010   Code   RO          190    .text.DMA1_Stream2_IRQHandler  stm32h7xx_it.o
    0x08001468   0x08001468   0x000001ca   Code   RO          903    .text.DMA_CalcBaseAndBitshift  stm32h7xx_hal_dma.o
    0x08001632   0x08001632   0x00000006   PAD
    0x08001638   0x08001638   0x00000178   Code   RO          905    .text.DMA_CalcDMAMUXChannelBaseAndMask  stm32h7xx_hal_dma.o
    0x080017b0   0x080017b0   0x0000012a   Code   RO          907    .text.DMA_CalcDMAMUXRequestGenBaseAndMask  stm32h7xx_hal_dma.o
    0x080018da   0x080018da   0x00000006   PAD
    0x080018e0   0x080018e0   0x000000f0   Code   RO          901    .text.DMA_CheckFifoParam  stm32h7xx_hal_dma.o
    0x080019d0   0x080019d0   0x00000514   Code   RO          913    .text.DMA_SetConfig  stm32h7xx_hal_dma.o
    0x08001ee4   0x08001ee4   0x00000004   PAD
    0x08001ee8   0x08001ee8   0x00000002   Code   RO          182    .text.DebugMon_Handler  stm32h7xx_it.o
    0x08001eea   0x08001eea   0x00000006   PAD
    0x08001ef0   0x08001ef0   0x0000000a   Code   RO          184    .text.EXTI0_IRQHandler  stm32h7xx_it.o
    0x08001efa   0x08001efa   0x00000006   PAD
    0x08001f00   0x08001f00   0x0000000c   Code   RO          196    .text.EXTI15_10_IRQHandler  stm32h7xx_it.o
    0x08001f0c   0x08001f0c   0x00000004   PAD
    0x08001f10   0x08001f10   0x0000000e   Code   RO           17    .text.Error_Handler  main.o
    0x08001f1e   0x08001f1e   0x00000002   PAD
    0x08001f20   0x08001f20   0x00000028   Code   RO         1779    .text.ExitRun0Mode  system_stm32h7xx.o
    0x08001f48   0x08001f48   0x00000978   Code   RO          917    .text.HAL_DMA_Abort  stm32h7xx_hal_dma.o
    0x080028c0   0x080028c0   0x000006aa   Code   RO          919    .text.HAL_DMA_Abort_IT  stm32h7xx_hal_dma.o
    0x08002f6a   0x08002f6a   0x00000006   PAD
    0x08002f70   0x08002f70   0x000011c0   Code   RO          923    .text.HAL_DMA_IRQHandler  stm32h7xx_hal_dma.o
    0x08004130   0x08004130   0x00000962   Code   RO          899    .text.HAL_DMA_Init  stm32h7xx_hal_dma.o
    0x08004a92   0x08004a92   0x00000006   PAD
    0x08004a98   0x08004a98   0x00000702   Code   RO          915    .text.HAL_DMA_Start_IT  stm32h7xx_hal_dma.o
    0x0800519a   0x0800519a   0x00000006   PAD
    0x080051a0   0x080051a0   0x00000042   Code   RO         1163    .text.HAL_Delay     stm32h7xx_hal.o
    0x080051e2   0x080051e2   0x00000006   PAD
    0x080051e8   0x080051e8   0x0000000a   Code   RO          861    .text.HAL_GPIO_EXTI_Callback  stm32h7xx_hal_gpio.o
    0x080051f2   0x080051f2   0x00000006   PAD
    0x080051f8   0x080051f8   0x00000034   Code   RO          859    .text.HAL_GPIO_EXTI_IRQHandler  stm32h7xx_hal_gpio.o
    0x0800522c   0x0800522c   0x00000004   PAD
    0x08005230   0x08005230   0x000003c4   Code   RO          847    .text.HAL_GPIO_Init  stm32h7xx_hal_gpio.o
    0x080055f4   0x080055f4   0x00000004   PAD
    0x080055f8   0x080055f8   0x0000002e   Code   RO          851    .text.HAL_GPIO_ReadPin  stm32h7xx_hal_gpio.o
    0x08005626   0x08005626   0x00000002   PAD
    0x08005628   0x08005628   0x0000002e   Code   RO          853    .text.HAL_GPIO_WritePin  stm32h7xx_hal_gpio.o
    0x08005656   0x08005656   0x00000002   PAD
    0x08005658   0x08005658   0x0000000e   Code   RO         1171    .text.HAL_GetREVID  stm32h7xx_hal.o
    0x08005666   0x08005666   0x00000002   PAD
    0x08005668   0x08005668   0x0000000c   Code   RO         1155    .text.HAL_GetTick   stm32h7xx_hal.o
    0x08005674   0x08005674   0x00000004   PAD
    0x08005678   0x08005678   0x00000098   Code   RO         1418    .text.HAL_I2CEx_ConfigAnalogFilter  stm32h7xx_hal_i2c_ex.o
    0x08005710   0x08005710   0x000000a2   Code   RO         1420    .text.HAL_I2CEx_ConfigDigitalFilter  stm32h7xx_hal_i2c_ex.o
    0x080057b2   0x080057b2   0x00000006   PAD
    0x080057b8   0x080057b8   0x00000114   Code   RO         1249    .text.HAL_I2C_Init  stm32h7xx_hal_i2c.o
    0x080058cc   0x080058cc   0x00000004   PAD
    0x080058d0   0x080058d0   0x0000028a   Code   RO         1317    .text.HAL_I2C_Mem_Read  stm32h7xx_hal_i2c.o
    0x08005b5a   0x08005b5a   0x00000006   PAD
    0x08005b60   0x08005b60   0x00000274   Code   RO         1313    .text.HAL_I2C_Mem_Write  stm32h7xx_hal_i2c.o
    0x08005dd4   0x08005dd4   0x00000004   PAD
    0x08005dd8   0x08005dd8   0x000000ac   Code   RO           97    .text.HAL_I2C_MspInit  i2c.o
    0x08005e84   0x08005e84   0x00000004   PAD
    0x08005e88   0x08005e88   0x0000001a   Code   RO         1153    .text.HAL_IncTick   stm32h7xx_hal.o
    0x08005ea2   0x08005ea2   0x00000006   PAD
    0x08005ea8   0x08005ea8   0x0000007a   Code   RO         1143    .text.HAL_Init      stm32h7xx_hal.o
    0x08005f22   0x08005f22   0x00000006   PAD
    0x08005f28   0x08005f28   0x000000dc   Code   RO          215    .text.HAL_InitTick  stm32h7xx_hal_timebase_tim.o
    0x08006004   0x08006004   0x00000004   PAD
    0x08006008   0x08006008   0x00000032   Code   RO          207    .text.HAL_MspInit   stm32h7xx_hal_msp.o
    0x0800603a   0x0800603a   0x00000006   PAD
    0x08006040   0x08006040   0x00000014   Code   RO          589    .text.HAL_NVIC_EnableIRQ  stm32h7xx_hal_cortex.o
    0x08006054   0x08006054   0x00000004   PAD
    0x08006058   0x08006058   0x0000002e   Code   RO          581    .text.HAL_NVIC_SetPriority  stm32h7xx_hal_cortex.o
    0x08006086   0x08006086   0x00000002   PAD
    0x08006088   0x08006088   0x00000010   Code   RO          577    .text.HAL_NVIC_SetPriorityGrouping  stm32h7xx_hal_cortex.o
    0x08006098   0x08006098   0x000000a2   Code   RO         1056    .text.HAL_PWREx_ConfigSupply  stm32h7xx_hal_pwr_ex.o
    0x0800613a   0x0800613a   0x00000006   PAD
    0x08006140   0x08006140   0x00000026   Code   RO          705    .text.HAL_RCCEx_GetD3PCLK1Freq  stm32h7xx_hal_rcc_ex.o
    0x08006166   0x08006166   0x00000002   PAD
    0x08006168   0x08006168   0x00000298   Code   RO          701    .text.HAL_RCCEx_GetPLL2ClockFreq  stm32h7xx_hal_rcc_ex.o
    0x08006400   0x08006400   0x00000298   Code   RO          703    .text.HAL_RCCEx_GetPLL3ClockFreq  stm32h7xx_hal_rcc_ex.o
    0x08006698   0x08006698   0x000010a0   Code   RO          689    .text.HAL_RCCEx_PeriphCLKConfig  stm32h7xx_hal_rcc_ex.o
    0x08007738   0x08007738   0x00000498   Code   RO          658    .text.HAL_RCC_ClockConfig  stm32h7xx_hal_rcc.o
    0x08007bd0   0x08007bd0   0x00000088   Code   RO          676    .text.HAL_RCC_GetClockConfig  stm32h7xx_hal_rcc.o
    0x08007c58   0x08007c58   0x00000056   Code   RO          668    .text.HAL_RCC_GetHCLKFreq  stm32h7xx_hal_rcc.o
    0x08007cae   0x08007cae   0x00000002   PAD
    0x08007cb0   0x08007cb0   0x00000026   Code   RO          670    .text.HAL_RCC_GetPCLK1Freq  stm32h7xx_hal_rcc.o
    0x08007cd6   0x08007cd6   0x00000002   PAD
    0x08007cd8   0x08007cd8   0x00000026   Code   RO          672    .text.HAL_RCC_GetPCLK2Freq  stm32h7xx_hal_rcc.o
    0x08007cfe   0x08007cfe   0x00000002   PAD
    0x08007d00   0x08007d00   0x000002fc   Code   RO          660    .text.HAL_RCC_GetSysClockFreq  stm32h7xx_hal_rcc.o
    0x08007ffc   0x08007ffc   0x00000004   PAD
    0x08008000   0x08008000   0x00000b58   Code   RO          656    .text.HAL_RCC_OscConfig  stm32h7xx_hal_rcc.o
    0x08008b58   0x08008b58   0x00000292   Code   RO         1462    .text.HAL_SPI_Init  stm32h7xx_hal_spi.o
    0x08008dea   0x08008dea   0x00000006   PAD
    0x08008df0   0x08008df0   0x000000f6   Code   RO          111    .text.HAL_SPI_MspInit  spi.o
    0x08008ee6   0x08008ee6   0x00000002   PAD
    0x08008ee8   0x08008ee8   0x00000704   Code   RO         1480    .text.HAL_SPI_TransmitReceive  stm32h7xx_hal_spi.o
    0x080095ec   0x080095ec   0x00000004   PAD
    0x080095f0   0x080095f0   0x00000008   Code   RO          564    .text.HAL_TIMEx_Break2Callback  stm32h7xx_hal_tim_ex.o
    0x080095f8   0x080095f8   0x00000008   Code   RO          562    .text.HAL_TIMEx_BreakCallback  stm32h7xx_hal_tim_ex.o
    0x08009600   0x08009600   0x00000008   Code   RO          558    .text.HAL_TIMEx_CommutCallback  stm32h7xx_hal_tim_ex.o
    0x08009608   0x08009608   0x00000158   Code   RO          546    .text.HAL_TIMEx_MasterConfigSynchronization  stm32h7xx_hal_tim_ex.o
    0x08009760   0x08009760   0x000000a8   Code   RO          229    .text.HAL_TIM_Base_Init  stm32h7xx_hal_tim.o
    0x08009808   0x08009808   0x0000006e   Code   RO          135    .text.HAL_TIM_Base_MspInit  tim.o
    0x08009876   0x08009876   0x00000002   PAD
    0x08009878   0x08009878   0x00000104   Code   RO          243    .text.HAL_TIM_Base_Start_IT  stm32h7xx_hal_tim.o
    0x0800997c   0x0800997c   0x00000004   PAD
    0x08009980   0x08009980   0x000001d0   Code   RO          425    .text.HAL_TIM_ConfigClockSource  stm32h7xx_hal_tim.o
    0x08009b50   0x08009b50   0x00000134   Code   RO          343    .text.HAL_TIM_Encoder_Init  stm32h7xx_hal_tim.o
    0x08009c84   0x08009c84   0x00000004   PAD
    0x08009c88   0x08009c88   0x000000ec   Code   RO          133    .text.HAL_TIM_Encoder_MspInit  tim.o
    0x08009d74   0x08009d74   0x00000004   PAD
    0x08009d78   0x08009d78   0x0000014e   Code   RO          351    .text.HAL_TIM_Encoder_Start  stm32h7xx_hal_tim.o
    0x08009ec6   0x08009ec6   0x00000002   PAD
    0x08009ec8   0x08009ec8   0x00000008   Code   RO          365    .text.HAL_TIM_IC_CaptureCallback  stm32h7xx_hal_tim.o
    0x08009ed0   0x08009ed0   0x00000250   Code   RO          363    .text.HAL_TIM_IRQHandler  stm32h7xx_hal_tim.o
    0x0800a120   0x0800a120   0x00000068   Code   RO          129    .text.HAL_TIM_MspPostInit  tim.o
    0x0800a188   0x0800a188   0x00000008   Code   RO          367    .text.HAL_TIM_OC_DelayElapsedCallback  stm32h7xx_hal_tim.o
    0x0800a190   0x0800a190   0x000001b0   Code   RO          399    .text.HAL_TIM_PWM_ConfigChannel  stm32h7xx_hal_tim.o
    0x0800a340   0x0800a340   0x000000a8   Code   RO          283    .text.HAL_TIM_PWM_Init  stm32h7xx_hal_tim.o
    0x0800a3e8   0x0800a3e8   0x00000008   Code   RO          285    .text.HAL_TIM_PWM_MspInit  stm32h7xx_hal_tim.o
    0x0800a3f0   0x0800a3f0   0x00000008   Code   RO          369    .text.HAL_TIM_PWM_PulseFinishedCallback  stm32h7xx_hal_tim.o
    0x0800a3f8   0x0800a3f8   0x0000027e   Code   RO          291    .text.HAL_TIM_PWM_Start  stm32h7xx_hal_tim.o
    0x0800a676   0x0800a676   0x00000002   PAD
    0x0800a678   0x0800a678   0x00000022   Code   RO           19    .text.HAL_TIM_PeriodElapsedCallback  main.o
    0x0800a69a   0x0800a69a   0x00000006   PAD
    0x0800a6a0   0x0800a6a0   0x00000008   Code   RO          373    .text.HAL_TIM_TriggerCallback  stm32h7xx_hal_tim.o
    0x0800a6a8   0x0800a6a8   0x0000007c   Code   RO         1752    .text.HAL_UARTEx_DisableFifoMode  stm32h7xx_hal_uart_ex.o
    0x0800a724   0x0800a724   0x00000004   PAD
    0x0800a728   0x0800a728   0x000000b0   Code   RO         1762    .text.HAL_UARTEx_ReceiveToIdle_DMA  stm32h7xx_hal_uart_ex.o
    0x0800a7d8   0x0800a7d8   0x0000035a   Code   RO         2520    .text.HAL_UARTEx_RxEventCallback  bsp_uart.o
    0x0800ab32   0x0800ab32   0x00000006   PAD
    0x0800ab38   0x0800ab38   0x00000008   Code   RO         1734    .text.HAL_UARTEx_RxFifoFullCallback  stm32h7xx_hal_uart_ex.o
    0x0800ab40   0x0800ab40   0x0000008c   Code   RO         1756    .text.HAL_UARTEx_SetRxFifoThreshold  stm32h7xx_hal_uart_ex.o
    0x0800abcc   0x0800abcc   0x00000004   PAD
    0x0800abd0   0x0800abd0   0x0000008c   Code   RO         1754    .text.HAL_UARTEx_SetTxFifoThreshold  stm32h7xx_hal_uart_ex.o
    0x0800ac5c   0x0800ac5c   0x00000004   PAD
    0x0800ac60   0x0800ac60   0x00000008   Code   RO         1736    .text.HAL_UARTEx_TxFifoEmptyCallback  stm32h7xx_hal_uart_ex.o
    0x0800ac68   0x0800ac68   0x00000008   Code   RO         1732    .text.HAL_UARTEx_WakeupCallback  stm32h7xx_hal_uart_ex.o
    0x0800ac70   0x0800ac70   0x00000310   Code   RO         2522    .text.HAL_UART_ErrorCallback  bsp_uart.o
    0x0800af80   0x0800af80   0x000006fe   Code   RO         1670    .text.HAL_UART_IRQHandler  stm32h7xx_hal_uart.o
    0x0800b67e   0x0800b67e   0x00000002   PAD
    0x0800b680   0x0800b680   0x000000aa   Code   RO         1582    .text.HAL_UART_Init  stm32h7xx_hal_uart.o
    0x0800b72a   0x0800b72a   0x00000006   PAD
    0x0800b730   0x0800b730   0x00000284   Code   RO          156    .text.HAL_UART_MspInit  usart.o
    0x0800b9b4   0x0800b9b4   0x00000004   PAD
    0x0800b9b8   0x0800b9b8   0x00000008   Code   RO         1684    .text.HAL_UART_RxCpltCallback  stm32h7xx_hal_uart.o
    0x0800b9c0   0x0800b9c0   0x00000008   Code   RO         1686    .text.HAL_UART_RxHalfCpltCallback  stm32h7xx_hal_uart.o
    0x0800b9c8   0x0800b9c8   0x00000008   Code   RO         1680    .text.HAL_UART_TxCpltCallback  stm32h7xx_hal_uart.o
    0x0800b9d0   0x0800b9d0   0x00000012   Code   RO          174    .text.HardFault_Handler  stm32h7xx_it.o
    0x0800b9e2   0x0800b9e2   0x00000006   PAD
    0x0800b9e8   0x0800b9e8   0x00000040   Code   RO         1273    .text.I2C_Flush_TXDR  stm32h7xx_hal_i2c.o
    0x0800ba28   0x0800ba28   0x000001fe   Code   RO         1409    .text.I2C_IsErrorOccurred  stm32h7xx_hal_i2c.o
    0x0800bc26   0x0800bc26   0x00000002   PAD
    0x0800bc28   0x0800bc28   0x000000be   Code   RO         1319    .text.I2C_RequestMemoryRead  stm32h7xx_hal_i2c.o
    0x0800bce6   0x0800bce6   0x00000002   PAD
    0x0800bce8   0x0800bce8   0x000000c0   Code   RO         1315    .text.I2C_RequestMemoryWrite  stm32h7xx_hal_i2c.o
    0x0800bda8   0x0800bda8   0x00000054   Code   RO         1261    .text.I2C_TransferConfig  stm32h7xx_hal_i2c.o
    0x0800bdfc   0x0800bdfc   0x00000004   PAD
    0x0800be00   0x0800be00   0x000000c4   Code   RO         1259    .text.I2C_WaitOnFlagUntilTimeout  stm32h7xx_hal_i2c.o
    0x0800bec4   0x0800bec4   0x00000004   PAD
    0x0800bec8   0x0800bec8   0x000000a2   Code   RO         1265    .text.I2C_WaitOnSTOPFlagUntilTimeout  stm32h7xx_hal_i2c.o
    0x0800bf6a   0x0800bf6a   0x00000006   PAD
    0x0800bf70   0x0800bf70   0x000000ac   Code   RO         1263    .text.I2C_WaitOnTXISFlagUntilTimeout  stm32h7xx_hal_i2c.o
    0x0800c01c   0x0800c01c   0x00000004   PAD
    0x0800c020   0x0800c020   0x00000020   Code   RO         3185    .text.LED_Off       led.o
    0x0800c040   0x0800c040   0x00000022   Code   RO         3187    .text.LED_On        led.o
    0x0800c062   0x0800c062   0x00000006   PAD
    0x0800c068   0x0800c068   0x0000005a   Code   RO         3183    .text.LED_Register  led.o
    0x0800c0c2   0x0800c0c2   0x00000006   PAD
    0x0800c0c8   0x0800c0c8   0x0000012a   Code   RO         3215    .text.LSM6DSV_Init  lsm6dsv.o
    0x0800c1f2   0x0800c1f2   0x00000006   PAD
    0x0800c1f8   0x0800c1f8   0x0000001c   Code   RO         3217    .text.LSM6DSV_IsBusy  lsm6dsv.o
    0x0800c214   0x0800c214   0x00000004   PAD
    0x0800c218   0x0800c218   0x00000064   Code   RO         3219    .text.LSM6DSV_ReadAccel  lsm6dsv.o
    0x0800c27c   0x0800c27c   0x00000004   PAD
    0x0800c280   0x0800c280   0x00000058   Code   RO         3225    .text.LSM6DSV_ReadData  lsm6dsv.o
    0x0800c2d8   0x0800c2d8   0x00000064   Code   RO         3221    .text.LSM6DSV_ReadGyro  lsm6dsv.o
    0x0800c33c   0x0800c33c   0x00000004   PAD
    0x0800c340   0x0800c340   0x00000028   Code   RO         3223    .text.LSM6DSV_ReadTemperature  lsm6dsv.o
    0x0800c368   0x0800c368   0x00000094   Code   RO         3213    .text.LSM6DSV_Register  lsm6dsv.o
    0x0800c3fc   0x0800c3fc   0x00000004   PAD
    0x0800c400   0x0800c400   0x0000003a   Code   RO         2463    .text.LowPassFilter_GetValue  lowpass_filter.o
    0x0800c43a   0x0800c43a   0x00000006   PAD
    0x0800c440   0x0800c440   0x00000052   Code   RO         2461    .text.LowPassFilter_Init  lowpass_filter.o
    0x0800c492   0x0800c492   0x00000006   PAD
    0x0800c498   0x0800c498   0x00000060   Code   RO           87    .text.MX_DMA_Init   dma.o
    0x0800c4f8   0x0800c4f8   0x0000010a   Code   RO           37    .text.MX_FREERTOS_Init  freertos.o
    0x0800c602   0x0800c602   0x00000006   PAD
    0x0800c608   0x0800c608   0x0000020a   Code   RO           29    .text.MX_GPIO_Init  gpio.o
    0x0800c812   0x0800c812   0x00000006   PAD
    0x0800c818   0x0800c818   0x00000076   Code   RO           95    .text.MX_I2C1_Init  i2c.o
    0x0800c88e   0x0800c88e   0x00000002   PAD
    0x0800c890   0x0800c890   0x0000006e   Code   RO          109    .text.MX_SPI2_Init  spi.o
    0x0800c8fe   0x0800c8fe   0x00000002   PAD
    0x0800c900   0x0800c900   0x000000f4   Code   RO          127    .text.MX_TIM12_Init  tim.o
    0x0800c9f4   0x0800c9f4   0x00000004   PAD
    0x0800c9f8   0x0800c9f8   0x0000008a   Code   RO          131    .text.MX_TIM15_Init  tim.o
    0x0800ca82   0x0800ca82   0x00000006   PAD
    0x0800ca88   0x0800ca88   0x0000007a   Code   RO          123    .text.MX_TIM2_Init  tim.o
    0x0800cb02   0x0800cb02   0x00000006   PAD
    0x0800cb08   0x0800cb08   0x0000007e   Code   RO          125    .text.MX_TIM3_Init  tim.o
    0x0800cb86   0x0800cb86   0x00000002   PAD
    0x0800cb88   0x0800cb88   0x0000008e   Code   RO          152    .text.MX_USART1_UART_Init  usart.o
    0x0800cc16   0x0800cc16   0x00000002   PAD
    0x0800cc18   0x0800cc18   0x0000008e   Code   RO          154    .text.MX_USART2_UART_Init  usart.o
    0x0800cca6   0x0800cca6   0x00000002   PAD
    0x0800cca8   0x0800cca8   0x000000e8   Code   RO         2480    .text.MahonyAHRS_GetAngles  mahony_ahrs.o
    0x0800cd90   0x0800cd90   0x00000264   Code   RO         2474    .text.MahonyAHRS_Init  mahony_ahrs.o
    0x0800cff4   0x0800cff4   0x00000004   PAD
    0x0800cff8   0x0800cff8   0x000000a0   Code   RO         2472    .text.MahonyAHRS_Register  mahony_ahrs.o
    0x0800d098   0x0800d098   0x00000380   Code   RO         2478    .text.MahonyAHRS_Update  mahony_ahrs.o
    0x0800d418   0x0800d418   0x00000072   Code   RO         2476    .text.Mahony_invSqrt  mahony_ahrs.o
    0x0800d48a   0x0800d48a   0x00000006   PAD
    0x0800d490   0x0800d490   0x00000004   Code   RO          176    .text.MemManage_Handler  stm32h7xx_it.o
    0x0800d494   0x0800d494   0x00000004   PAD
    0x0800d498   0x0800d498   0x00000004   Code   RO          172    .text.NMI_Handler   stm32h7xx_it.o
    0x0800d49c   0x0800d49c   0x00000004   PAD
    0x0800d4a0   0x0800d4a0   0x0000006c   Code   RO          587    .text.NVIC_EncodePriority  stm32h7xx_hal_cortex.o
    0x0800d50c   0x0800d50c   0x00000004   PAD
    0x0800d510   0x0800d510   0x00000242   Code   RO         2501    .text.PID_Calculate  pid_controller.o
    0x0800d752   0x0800d752   0x00000006   PAD
    0x0800d758   0x0800d758   0x0000005a   Code   RO         2489    .text.PID_Register  pid_controller.o
    0x0800d7b2   0x0800d7b2   0x00000006   PAD
    0x0800d7b8   0x0800d7b8   0x00000052   Code   RO         2497    .text.PID_SetIntegralLimit  pid_controller.o
    0x0800d80a   0x0800d80a   0x00000006   PAD
    0x0800d810   0x0800d810   0x00000052   Code   RO         2495    .text.PID_SetIntegralSeperate  pid_controller.o
    0x0800d862   0x0800d862   0x00000006   PAD
    0x0800d868   0x0800d868   0x0000005e   Code   RO         2491    .text.PID_SetLowPassFilter  pid_controller.o
    0x0800d8c6   0x0800d8c6   0x00000002   PAD
    0x0800d8c8   0x0800d8c8   0x0000009c   Code   RO         2533    .text.PWM_Register  bsp_pwm.o
    0x0800d964   0x0800d964   0x00000004   PAD
    0x0800d968   0x0800d968   0x00000126   Code   RO         2535    .text.PWM_SelectTclk  bsp_pwm.o
    0x0800da8e   0x0800da8e   0x00000002   PAD
    0x0800da90   0x0800da90   0x0000015e   Code   RO         2539    .text.PWM_SetDutyRatio  bsp_pwm.o
    0x0800dbee   0x0800dbee   0x00000002   PAD
    0x0800dbf0   0x0800dbf0   0x00000064   Code   RO         2537    .text.PWM_SetPeriod  bsp_pwm.o
    0x0800dc54   0x0800dc54   0x00000004   PAD
    0x0800dc58   0x0800dc58   0x00000014   Code   RO         2541    .text.PWM_Start     bsp_pwm.o
    0x0800dc6c   0x0800dc6c   0x00000004   PAD
    0x0800dc70   0x0800dc70   0x00000064   Code   RO         2445    .text.PendSV_Handler  port.o
    0x0800dcd4   0x0800dcd4   0x00000004   PAD
    0x0800dcd8   0x0800dcd8   0x0000002e   Code   RO           15    .text.PeriphCommonClock_Config  main.o
    0x0800dd06   0x0800dd06   0x00000002   PAD
    0x0800dd08   0x0800dd08   0x000001ca   Code   RO          691    .text.RCCEx_PLL2_Config  stm32h7xx_hal_rcc_ex.o
    0x0800ded2   0x0800ded2   0x00000006   PAD
    0x0800ded8   0x0800ded8   0x000001ca   Code   RO          693    .text.RCCEx_PLL3_Config  stm32h7xx_hal_rcc_ex.o
    0x0800e0a2   0x0800e0a2   0x00000006   PAD
    0x0800e0a8   0x0800e0a8   0x00000116   Code   RO         1474    .text.SPI_CloseTransfer  stm32h7xx_hal_spi.o
    0x0800e1be   0x0800e1be   0x00000002   PAD
    0x0800e1c0   0x0800e1c0   0x0000002a   Code   RO         1464    .text.SPI_GetPacketSize  stm32h7xx_hal_spi.o
    0x0800e1ea   0x0800e1ea   0x00000006   PAD
    0x0800e1f0   0x0800e1f0   0x00000068   Code   RO         1476    .text.SPI_WaitOnFlagUntilTimeout  stm32h7xx_hal_spi.o
    0x0800e258   0x0800e258   0x00000060   Code   RO         3273    .text.ST7789V2_Address_Set  st7789v2.o
    0x0800e2b8   0x0800e2b8   0x00000040   Code   RO         3281    .text.ST7789V2_DrawPoint  st7789v2.o
    0x0800e2f8   0x0800e2f8   0x000000de   Code   RO         3279    .text.ST7789V2_Fill  st7789v2.o
    0x0800e3d6   0x0800e3d6   0x00000002   PAD
    0x0800e3d8   0x0800e3d8   0x00000278   Code   RO         3277    .text.ST7789V2_Init  st7789v2.o
    0x0800e650   0x0800e650   0x000000a8   Code   RO         3275    .text.ST7789V2_Register  st7789v2.o
    0x0800e6f8   0x0800e6f8   0x0000024e   Code   RO         3299    .text.ST7789V2_ShowChar  st7789v2.o
    0x0800e946   0x0800e946   0x00000002   PAD
    0x0800e948   0x0800e948   0x0000008c   Code   RO         3301    .text.ST7789V2_ShowString  st7789v2.o
    0x0800e9d4   0x0800e9d4   0x00000004   PAD
    0x0800e9d8   0x0800e9d8   0x0000002a   Code   RO         3269    .text.ST7789V2_WR_DATA  st7789v2.o
    0x0800ea02   0x0800ea02   0x00000006   PAD
    0x0800ea08   0x0800ea08   0x00000020   Code   RO         3267    .text.ST7789V2_WR_DATA8  st7789v2.o
    0x0800ea28   0x0800ea28   0x00000028   Code   RO         3271    .text.ST7789V2_WR_REG  st7789v2.o
    0x0800ea50   0x0800ea50   0x00000028   Code   RO         3265    .text.ST7789V2_Writ_Bus  st7789v2.o
    0x0800ea78   0x0800ea78   0x00000008   PAD
    0x0800ea80   0x0800ea80   0x00000024   Code   RO         2429    .text.SVC_Handler   port.o
    0x0800eaa4   0x0800eaa4   0x00000004   PAD
    0x0800eaa8   0x0800eaa8   0x0000000e   Code   RO         2225    .text.SVC_Setup     cmsis_os2.o
    0x0800eab6   0x0800eab6   0x00000002   PAD
    0x0800eab8   0x0800eab8   0x00000098   Code   RO         3384    .text.StartAngVelControlTask  task_control.o
    0x0800eb50   0x0800eb50   0x000000cc   Code   RO         3382    .text.StartAngleControlTask  task_control.o
    0x0800ec1c   0x0800ec1c   0x00000004   PAD
    0x0800ec20   0x0800ec20   0x00000144   Code   RO         3326    .text.StartAttitudeTask  task_attitude.o
    0x0800ed64   0x0800ed64   0x00000004   PAD
    0x0800ed68   0x0800ed68   0x0000003a   Code   RO           39    .text.StartDefaultTask  freertos.o
    0x0800eda2   0x0800eda2   0x00000006   PAD
    0x0800eda8   0x0800eda8   0x000001f4   Code   RO         3342    .text.StartDisplayTask  task_display.o
    0x0800ef9c   0x0800ef9c   0x00000004   PAD
    0x0800efa0   0x0800efa0   0x000000cc   Code   RO         3354    .text.StartLightTask  task_light.o
    0x0800f06c   0x0800f06c   0x00000004   PAD
    0x0800f070   0x0800f070   0x00000180   Code   RO         3366    .text.StartMotorTask  task_motor.o
    0x0800f1f0   0x0800f1f0   0x000000b8   Code   RO         3380    .text.StartSpeedControlTask  task_control.o
    0x0800f2a8   0x0800f2a8   0x0000001e   Code   RO         2215    .text.SysTick_Handler  cmsis_os2.o
    0x0800f2c6   0x0800f2c6   0x00000002   PAD
    0x0800f2c8   0x0800f2c8   0x000000ec   Code   RO           13    .text.SystemClock_Config  main.o
    0x0800f3b4   0x0800f3b4   0x00000004   PAD
    0x0800f3b8   0x0800f3b8   0x0000018c   Code   RO         1775    .text.SystemInit    system_stm32h7xx.o
    0x0800f544   0x0800f544   0x00000004   PAD
    0x0800f548   0x0800f548   0x000000b0   Code   RO         3244    .text.TB6612_GetSpeed  tb6612.o
    0x0800f5f8   0x0800f5f8   0x0000002a   Code   RO         3242    .text.TB6612_GetSpeed_Start  tb6612.o
    0x0800f622   0x0800f622   0x00000006   PAD
    0x0800f628   0x0800f628   0x00000012   Code   RO         3246    .text.TB6612_MotorStart  tb6612.o
    0x0800f63a   0x0800f63a   0x00000006   PAD
    0x0800f640   0x0800f640   0x000000c2   Code   RO         3238    .text.TB6612_Register  tb6612.o
    0x0800f702   0x0800f702   0x00000006   PAD
    0x0800f708   0x0800f708   0x00000062   Code   RO         3240    .text.TB6612_SetDuty  tb6612.o
    0x0800f76a   0x0800f76a   0x00000006   PAD
    0x0800f770   0x0800f770   0x00000010   Code   RO          198    .text.TIM7_IRQHandler  stm32h7xx_it.o
    0x0800f780   0x0800f780   0x000001a4   Code   RO          233    .text.TIM_Base_SetConfig  stm32h7xx_hal_tim.o
    0x0800f924   0x0800f924   0x00000004   PAD
    0x0800f928   0x0800f928   0x00000036   Code   RO          267    .text.TIM_CCxChannelCmd  stm32h7xx_hal_tim.o
    0x0800f95e   0x0800f95e   0x00000002   PAD
    0x0800f960   0x0800f960   0x00000034   Code   RO          423    .text.TIM_ETR_SetConfig  stm32h7xx_hal_tim.o
    0x0800f994   0x0800f994   0x00000004   PAD
    0x0800f998   0x0800f998   0x00000030   Code   RO          429    .text.TIM_ITRx_SetConfig  stm32h7xx_hal_tim.o
    0x0800f9c8   0x0800f9c8   0x00000150   Code   RO          377    .text.TIM_OC1_SetConfig  stm32h7xx_hal_tim.o
    0x0800fb18   0x0800fb18   0x0000016c   Code   RO          379    .text.TIM_OC2_SetConfig  stm32h7xx_hal_tim.o
    0x0800fc84   0x0800fc84   0x00000004   PAD
    0x0800fc88   0x0800fc88   0x0000016a   Code   RO          381    .text.TIM_OC3_SetConfig  stm32h7xx_hal_tim.o
    0x0800fdf2   0x0800fdf2   0x00000006   PAD
    0x0800fdf8   0x0800fdf8   0x000000da   Code   RO          383    .text.TIM_OC4_SetConfig  stm32h7xx_hal_tim.o
    0x0800fed2   0x0800fed2   0x00000006   PAD
    0x0800fed8   0x0800fed8   0x000000d0   Code   RO          385    .text.TIM_OC5_SetConfig  stm32h7xx_hal_tim.o
    0x0800ffa8   0x0800ffa8   0x000000d2   Code   RO          387    .text.TIM_OC6_SetConfig  stm32h7xx_hal_tim.o
    0x0801007a   0x0801007a   0x00000006   PAD
    0x08010080   0x08010080   0x00000050   Code   RO          427    .text.TIM_TI1_ConfigInputStage  stm32h7xx_hal_tim.o
    0x080100d0   0x080100d0   0x00000052   Code   RO          431    .text.TIM_TI2_ConfigInputStage  stm32h7xx_hal_tim.o
    0x08010122   0x08010122   0x00000006   PAD
    0x08010128   0x08010128   0x00000086   Code   RO         1750    .text.UARTEx_SetNbDataToProcess  stm32h7xx_hal_uart_ex.o
    0x080101ae   0x080101ae   0x00000002   PAD
    0x080101b0   0x080101b0   0x00000148   Code   RO         1586    .text.UART_AdvFeatureConfig  stm32h7xx_hal_uart.o
    0x080102f8   0x080102f8   0x00000146   Code   RO         1590    .text.UART_CheckIdleState  stm32h7xx_hal_uart.o
    0x0801043e   0x0801043e   0x00000002   PAD
    0x08010440   0x08010440   0x0000001e   Code   RO         1672    .text.UART_DMAAbortOnError  stm32h7xx_hal_uart.o
    0x0801045e   0x0801045e   0x00000002   PAD
    0x08010460   0x08010460   0x00000080   Code   RO         1628    .text.UART_DMAError  stm32h7xx_hal_uart.o
    0x080104e0   0x080104e0   0x000000f6   Code   RO         1718    .text.UART_DMAReceiveCplt  stm32h7xx_hal_uart.o
    0x080105d6   0x080105d6   0x00000002   PAD
    0x080105d8   0x080105d8   0x00000036   Code   RO         1720    .text.UART_DMARxHalfCplt  stm32h7xx_hal_uart.o
    0x0801060e   0x0801060e   0x00000002   PAD
    0x08010610   0x08010610   0x0000009e   Code   RO         1642    .text.UART_EndRxTransfer  stm32h7xx_hal_uart.o
    0x080106ae   0x080106ae   0x00000002   PAD
    0x080106b0   0x080106b0   0x00000044   Code   RO         1678    .text.UART_EndTransmit_IT  stm32h7xx_hal_uart.o
    0x080106f4   0x080106f4   0x00000004   PAD
    0x080106f8   0x080106f8   0x0000005c   Code   RO         1640    .text.UART_EndTxTransfer  stm32h7xx_hal_uart.o
    0x08010754   0x08010754   0x00000004   PAD
    0x08010758   0x08010758   0x000000cc   Code   RO         2512    .text.UART_Register  bsp_uart.o
    0x08010824   0x08010824   0x00000004   PAD
    0x08010828   0x08010828   0x000001c0   Code   RO         2514    .text.UART_Service_Init  bsp_uart.o
    0x080109e8   0x080109e8   0x00000922   Code   RO         1588    .text.UART_SetConfig  stm32h7xx_hal_uart.o
    0x0801130a   0x0801130a   0x00000006   PAD
    0x08011310   0x08011310   0x0000012e   Code   RO         1632    .text.UART_Start_Receive_DMA  stm32h7xx_hal_uart.o
    0x0801143e   0x0801143e   0x00000002   PAD
    0x08011440   0x08011440   0x0000010c   Code   RO         1604    .text.UART_WaitOnFlagUntilTimeout  stm32h7xx_hal_uart.o
    0x0801154c   0x0801154c   0x00000004   PAD
    0x08011550   0x08011550   0x00000010   Code   RO          192    .text.USART1_IRQHandler  stm32h7xx_it.o
    0x08011560   0x08011560   0x00000010   Code   RO          194    .text.USART2_IRQHandler  stm32h7xx_it.o
    0x08011570   0x08011570   0x00000004   Code   RO          180    .text.UsageFault_Handler  stm32h7xx_it.o
    0x08011574   0x08011574   0x00000004   PAD
    0x08011578   0x08011578   0x00000030   Code   RO          591    .text.__NVIC_EnableIRQ  stm32h7xx_hal_cortex.o
    0x080115a8   0x080115a8   0x00000010   Code   RO          583    .text.__NVIC_GetPriorityGrouping  stm32h7xx_hal_cortex.o
    0x080115b8   0x080115b8   0x00000042   Code   RO          585    .text.__NVIC_SetPriority  stm32h7xx_hal_cortex.o
    0x080115fa   0x080115fa   0x00000006   PAD
    0x08011600   0x08011600   0x00000042   Code   RO         2379    .text.__NVIC_SetPriority  cmsis_os2.o
    0x08011642   0x08011642   0x00000006   PAD
    0x08011648   0x08011648   0x0000003c   Code   RO          579    .text.__NVIC_SetPriorityGrouping  stm32h7xx_hal_cortex.o
    0x08011684   0x08011684   0x00000004   PAD
    0x08011688   0x08011688   0x00000028   Code   RO           55    .text.ibus_data_parse_callback  freertos.o
    0x080116b0   0x080116b0   0x00000072   Code   RO         2697    .text.lsm6dsv16x_acceleration_raw_get  lsm6dsv16x_reg.o
    0x08011722   0x08011722   0x00000006   PAD
    0x08011728   0x08011728   0x00000072   Code   RO         2691    .text.lsm6dsv16x_angular_rate_raw_get  lsm6dsv16x_reg.o
    0x0801179a   0x0801179a   0x00000006   PAD
    0x080117a0   0x080117a0   0x00000050   Code   RO         2627    .text.lsm6dsv16x_block_data_update_set  lsm6dsv16x_reg.o
    0x080117f0   0x080117f0   0x0000001c   Code   RO         2605    .text.lsm6dsv16x_device_id_get  lsm6dsv16x_reg.o
    0x0801180c   0x0801180c   0x00000004   PAD
    0x08011810   0x08011810   0x00000050   Code   RO         2825    .text.lsm6dsv16x_filt_gy_lp1_bandwidth_set  lsm6dsv16x_reg.o
    0x08011860   0x08011860   0x0000004e   Code   RO         2829    .text.lsm6dsv16x_filt_gy_lp1_set  lsm6dsv16x_reg.o
    0x080118ae   0x080118ae   0x00000002   PAD
    0x080118b0   0x080118b0   0x00000112   Code   RO         2817    .text.lsm6dsv16x_filt_settling_mask_set  lsm6dsv16x_reg.o
    0x080119c2   0x080119c2   0x00000006   PAD
    0x080119c8   0x080119c8   0x0000004c   Code   RO         2833    .text.lsm6dsv16x_filt_xl_lp2_bandwidth_set  lsm6dsv16x_reg.o
    0x08011a14   0x08011a14   0x00000004   PAD
    0x08011a18   0x08011a18   0x00000050   Code   RO         2837    .text.lsm6dsv16x_filt_xl_lp2_set  lsm6dsv16x_reg.o
    0x08011a68   0x08011a68   0x0000006c   Code   RO         2683    .text.lsm6dsv16x_flag_data_ready_get  lsm6dsv16x_reg.o
    0x08011ad4   0x08011ad4   0x00000004   PAD
    0x08011ad8   0x08011ad8   0x00000024   Code   RO         2579    .text.lsm6dsv16x_from_fs2000_to_mdps  lsm6dsv16x_reg.o
    0x08011afc   0x08011afc   0x00000004   PAD
    0x08011b00   0x08011b00   0x00000024   Code   RO         2563    .text.lsm6dsv16x_from_fs2_to_mg  lsm6dsv16x_reg.o
    0x08011b24   0x08011b24   0x00000004   PAD
    0x08011b28   0x08011b28   0x00000028   Code   RO         2583    .text.lsm6dsv16x_from_lsb_to_celsius  lsm6dsv16x_reg.o
    0x08011b50   0x08011b50   0x000000bc   Code   RO         2615    .text.lsm6dsv16x_gy_data_rate_set  lsm6dsv16x_reg.o
    0x08011c0c   0x08011c0c   0x00000004   PAD
    0x08011c10   0x08011c10   0x0000004e   Code   RO         2643    .text.lsm6dsv16x_gy_full_scale_set  lsm6dsv16x_reg.o
    0x08011c5e   0x08011c5e   0x00000002   PAD
    0x08011c60   0x08011c60   0x00000050   Code   RO         2619    .text.lsm6dsv16x_gy_mode_set  lsm6dsv16x_reg.o
    0x08011cb0   0x08011cb0   0x00000040   Code   RO         2557    .text.lsm6dsv16x_read_reg  lsm6dsv16x_reg.o
    0x08011cf0   0x08011cf0   0x000000a0   Code   RO         2599    .text.lsm6dsv16x_reset_get  lsm6dsv16x_reg.o
    0x08011d90   0x08011d90   0x000000ba   Code   RO         2597    .text.lsm6dsv16x_reset_set  lsm6dsv16x_reg.o
    0x08011e4a   0x08011e4a   0x00000006   PAD
    0x08011e50   0x08011e50   0x00000046   Code   RO         2689    .text.lsm6dsv16x_temperature_raw_get  lsm6dsv16x_reg.o
    0x08011e96   0x08011e96   0x00000002   PAD
    0x08011e98   0x08011e98   0x00000040   Code   RO         2559    .text.lsm6dsv16x_write_reg  lsm6dsv16x_reg.o
    0x08011ed8   0x08011ed8   0x000000be   Code   RO         2607    .text.lsm6dsv16x_xl_data_rate_set  lsm6dsv16x_reg.o
    0x08011f96   0x08011f96   0x00000002   PAD
    0x08011f98   0x08011f98   0x0000004e   Code   RO         2647    .text.lsm6dsv16x_xl_full_scale_set  lsm6dsv16x_reg.o
    0x08011fe6   0x08011fe6   0x00000002   PAD
    0x08011fe8   0x08011fe8   0x00000050   Code   RO         2611    .text.lsm6dsv16x_xl_mode_set  lsm6dsv16x_reg.o
    0x08012038   0x08012038   0x0000012a   Code   RO           11    .text.main          main.o
    0x08012162   0x08012162   0x00000006   PAD
    0x08012168   0x08012168   0x00000034   Code   RO         2283    .text.osDelay       cmsis_os2.o
    0x0801219c   0x0801219c   0x00000004   PAD
    0x080121a0   0x080121a0   0x00000046   Code   RO         2217    .text.osKernelInitialize  cmsis_os2.o
    0x080121e6   0x080121e6   0x00000002   PAD
    0x080121e8   0x080121e8   0x00000052   Code   RO         2223    .text.osKernelStart  cmsis_os2.o
    0x0801223a   0x0801223a   0x00000006   PAD
    0x08012240   0x08012240   0x0000015a   Code   RO         2247    .text.osThreadNew   cmsis_os2.o
    0x0801239a   0x0801239a   0x00000006   PAD
    0x080123a0   0x080123a0   0x000000d4   Code   RO         2009    .text.prvAddCurrentTaskToDelayedList  tasks.o
    0x08012474   0x08012474   0x00000004   PAD
    0x08012478   0x08012478   0x00000122   Code   RO         1995    .text.prvAddNewTaskToReadyList  tasks.o
    0x0801259a   0x0801259a   0x00000006   PAD
    0x080125a0   0x080125a0   0x000000a2   Code   RO         2146    .text.prvCheckForValidListAndQueue  timers.o
    0x08012642   0x08012642   0x00000006   PAD
    0x08012648   0x08012648   0x0000005a   Code   RO         2113    .text.prvCheckTasksWaitingTermination  tasks.o
    0x080126a2   0x080126a2   0x00000006   PAD
    0x080126a8   0x080126a8   0x00000042   Code   RO         1888    .text.prvCopyDataFromQueue  queue.o
    0x080126ea   0x080126ea   0x00000006   PAD
    0x080126f0   0x080126f0   0x000000cc   Code   RO         1876    .text.prvCopyDataToQueue  queue.o
    0x080127bc   0x080127bc   0x00000004   PAD
    0x080127c0   0x080127c0   0x0000005e   Code   RO         2001    .text.prvDeleteTCB  tasks.o
    0x0801281e   0x0801281e   0x00000002   PAD
    0x08012820   0x08012820   0x00000040   Code   RO         2184    .text.prvGetNextExpireTime  timers.o
    0x08012860   0x08012860   0x000000bc   Code   RO         2396    .text.prvHeapInit   heap_4.o
    0x0801291c   0x0801291c   0x00000004   PAD
    0x08012920   0x08012920   0x00000038   Code   RO         2035    .text.prvIdleTask   tasks.o
    0x08012958   0x08012958   0x00000048   Code   RO         1850    .text.prvInitialiseNewQueue  queue.o
    0x080129a0   0x080129a0   0x00000122   Code   RO         1993    .text.prvInitialiseNewTask  tasks.o
    0x08012ac2   0x08012ac2   0x00000006   PAD
    0x08012ac8   0x08012ac8   0x0000008e   Code   RO         2111    .text.prvInitialiseTaskLists  tasks.o
    0x08012b56   0x08012b56   0x00000002   PAD
    0x08012b58   0x08012b58   0x000000c6   Code   RO         2398    .text.prvInsertBlockIntoFreeList  heap_4.o
    0x08012c1e   0x08012c1e   0x00000002   PAD
    0x08012c20   0x08012c20   0x00000086   Code   RO         2196    .text.prvInsertTimerInActiveList  timers.o
    0x08012ca6   0x08012ca6   0x00000002   PAD
    0x08012ca8   0x08012ca8   0x00000028   Code   RO         1890    .text.prvIsQueueEmpty  queue.o
    0x08012cd0   0x08012cd0   0x0000002e   Code   RO         1878    .text.prvIsQueueFull  queue.o
    0x08012cfe   0x08012cfe   0x00000002   PAD
    0x08012d00   0x08012d00   0x00000028   Code   RO         2437    .text.prvPortStartFirstTask  port.o
    0x08012d28   0x08012d28   0x0000008e   Code   RO         2192    .text.prvProcessExpiredTimer  timers.o
    0x08012db6   0x08012db6   0x00000002   PAD
    0x08012db8   0x08012db8   0x00000192   Code   RO         2188    .text.prvProcessReceivedCommands  timers.o
    0x08012f4a   0x08012f4a   0x00000006   PAD
    0x08012f50   0x08012f50   0x0000009a   Code   RO         2186    .text.prvProcessTimerOrBlockTask  timers.o
    0x08012fea   0x08012fea   0x00000006   PAD
    0x08012ff0   0x08012ff0   0x00000046   Code   RO         2003    .text.prvResetNextTaskUnblockTime  tasks.o
    0x08013036   0x08013036   0x00000002   PAD
    0x08013038   0x08013038   0x00000044   Code   RO         2190    .text.prvSampleTimeNow  timers.o
    0x0801307c   0x0801307c   0x00000004   PAD
    0x08013080   0x08013080   0x000000d4   Code   RO         2194    .text.prvSwitchTimerLists  timers.o
    0x08013154   0x08013154   0x00000004   PAD
    0x08013158   0x08013158   0x0000004c   Code   RO         2427    .text.prvTaskExitError  port.o
    0x080131a4   0x080131a4   0x00000004   PAD
    0x080131a8   0x080131a8   0x0000001e   Code   RO         2148    .text.prvTimerTask  timers.o
    0x080131c6   0x080131c6   0x00000002   PAD
    0x080131c8   0x080131c8   0x000000ae   Code   RO         1880    .text.prvUnlockQueue  queue.o
    0x08013276   0x08013276   0x00000002   PAD
    0x08013278   0x08013278   0x000001ec   Code   RO         2394    .text.pvPortMalloc  heap_4.o
    0x08013464   0x08013464   0x00000004   PAD
    0x08013468   0x08013468   0x0000005e   Code   RO         2425    .text.pxPortInitialiseStack  port.o
    0x080134c6   0x080134c6   0x00000002   PAD
    0x080134c8   0x080134c8   0x0000003e   Code   RO         3261    .text.st7789v2_blk_set_level  st7789v2.o
    0x08013506   0x08013506   0x00000002   PAD
    0x08013508   0x08013508   0x0000003e   Code   RO         3259    .text.st7789v2_cs_set_level  st7789v2.o
    0x08013546   0x08013546   0x00000002   PAD
    0x08013548   0x08013548   0x0000003e   Code   RO         3257    .text.st7789v2_dc_set_level  st7789v2.o
    0x08013586   0x08013586   0x00000002   PAD
    0x08013588   0x08013588   0x0000002c   Code   RO         3263    .text.st7789v2_read_write_byte  st7789v2.o
    0x080135b4   0x080135b4   0x00000004   PAD
    0x080135b8   0x080135b8   0x0000003e   Code   RO         3255    .text.st7789v2_res_set_level  st7789v2.o
    0x080135f6   0x080135f6   0x00000002   PAD
    0x080135f8   0x080135f8   0x0000004e   Code   RO         3211    .text.stm32_ms6dsv_i2c_read_reg  lsm6dsv.o
    0x08013646   0x08013646   0x00000002   PAD
    0x08013648   0x08013648   0x0000004e   Code   RO         3209    .text.stm32_ms6dsv_i2c_write_reg  lsm6dsv.o
    0x08013696   0x08013696   0x00000002   PAD
    0x08013698   0x08013698   0x00000048   Code   RO         1837    .text.uxListRemove  list.o
    0x080136e0   0x080136e0   0x0000002a   Code   RO         2375    .text.vApplicationGetIdleTaskMemory  cmsis_os2.o
    0x0801370a   0x0801370a   0x00000006   PAD
    0x08013710   0x08013710   0x0000002c   Code   RO         2377    .text.vApplicationGetTimerTaskMemory  cmsis_os2.o
    0x0801373c   0x0801373c   0x00000004   PAD
    0x08013740   0x08013740   0x0000002e   Code   RO         1829    .text.vListInitialise  list.o
    0x0801376e   0x0801376e   0x00000002   PAD
    0x08013770   0x08013770   0x0000000e   Code   RO         1831    .text.vListInitialiseItem  list.o
    0x0801377e   0x0801377e   0x00000002   PAD
    0x08013780   0x08013780   0x0000006a   Code   RO         1835    .text.vListInsert   list.o
    0x080137ea   0x080137ea   0x00000006   PAD
    0x080137f0   0x080137f0   0x0000003a   Code   RO         1833    .text.vListInsertEnd  list.o
    0x0801382a   0x0801382a   0x00000006   PAD
    0x08013830   0x08013830   0x00000014   Code   RO         2435    .text.vPortEnableVFP  port.o
    0x08013844   0x08013844   0x00000004   PAD
    0x08013848   0x08013848   0x00000056   Code   RO         2441    .text.vPortEnterCritical  port.o
    0x0801389e   0x0801389e   0x00000002   PAD
    0x080138a0   0x080138a0   0x0000004a   Code   RO         2443    .text.vPortExitCritical  port.o
    0x080138ea   0x080138ea   0x00000006   PAD
    0x080138f0   0x080138f0   0x000000ce   Code   RO         2400    .text.vPortFree     heap_4.o
    0x080139be   0x080139be   0x00000002   PAD
    0x080139c0   0x080139c0   0x00000044   Code   RO         2433    .text.vPortSetupTimerInterrupt  port.o
    0x08013a04   0x08013a04   0x00000004   PAD
    0x08013a08   0x08013a08   0x00000084   Code   RO         2449    .text.vPortValidateInterruptPriority  port.o
    0x08013a8c   0x08013a8c   0x00000004   PAD
    0x08013a90   0x08013a90   0x00000052   Code   RO         1920    .text.vQueueAddToRegistry  queue.o
    0x08013ae2   0x08013ae2   0x00000006   PAD
    0x08013ae8   0x08013ae8   0x00000064   Code   RO         1924    .text.vQueueWaitForMessageRestricted  queue.o
    0x08013b4c   0x08013b4c   0x00000004   PAD
    0x08013b50   0x08013b50   0x0000006e   Code   RO         2013    .text.vTaskDelay    tasks.o
    0x08013bbe   0x08013bbe   0x00000002   PAD
    0x08013bc0   0x08013bc0   0x00000114   Code   RO         2005    .text.vTaskDelayUntil  tasks.o
    0x08013cd4   0x08013cd4   0x00000004   PAD
    0x08013cd8   0x08013cd8   0x00000024   Code   RO         2067    .text.vTaskInternalSetTimeOutState  tasks.o
    0x08013cfc   0x08013cfc   0x00000004   PAD
    0x08013d00   0x08013d00   0x0000000e   Code   RO         2071    .text.vTaskMissedYield  tasks.o
    0x08013d0e   0x08013d0e   0x00000002   PAD
    0x08013d10   0x08013d10   0x00000042   Code   RO         2055    .text.vTaskPlaceOnEventList  tasks.o
    0x08013d52   0x08013d52   0x00000006   PAD
    0x08013d58   0x08013d58   0x00000052   Code   RO         2059    .text.vTaskPlaceOnEventListRestricted  tasks.o
    0x08013daa   0x08013daa   0x00000006   PAD
    0x08013db0   0x08013db0   0x000000e0   Code   RO         2033    .text.vTaskStartScheduler  tasks.o
    0x08013e90   0x08013e90   0x00000010   Code   RO         2007    .text.vTaskSuspendAll  tasks.o
    0x08013ea0   0x08013ea0   0x000000c6   Code   RO         2025    .text.vTaskSwitchContext  tasks.o
    0x08013f66   0x08013f66   0x00000002   PAD
    0x08013f68   0x08013f68   0x00000156   Code   RO         2431    .text.xPortStartScheduler  port.o
    0x080140be   0x080140be   0x00000002   PAD
    0x080140c0   0x080140c0   0x0000003c   Code   RO         2447    .text.xPortSysTickHandler  port.o
    0x080140fc   0x080140fc   0x00000004   PAD
    0x08014100   0x08014100   0x0000010e   Code   RO         1848    .text.xQueueGenericCreateStatic  queue.o
    0x0801420e   0x0801420e   0x00000002   PAD
    0x08014210   0x08014210   0x000000ba   Code   RO         1846    .text.xQueueGenericReset  queue.o
    0x080142ca   0x080142ca   0x00000006   PAD
    0x080142d0   0x080142d0   0x0000022c   Code   RO         1866    .text.xQueueGenericSend  queue.o
    0x080144fc   0x080144fc   0x00000004   PAD
    0x08014500   0x08014500   0x0000014c   Code   RO         1882    .text.xQueueGenericSendFromISR  queue.o
    0x0801464c   0x0801464c   0x00000004   PAD
    0x08014650   0x08014650   0x000001dc   Code   RO         1886    .text.xQueueReceive  queue.o
    0x0801482c   0x0801482c   0x00000004   PAD
    0x08014830   0x08014830   0x000000cc   Code   RO         2069    .text.xTaskCheckForTimeOut  tasks.o
    0x080148fc   0x080148fc   0x00000004   PAD
    0x08014900   0x08014900   0x0000009e   Code   RO         1997    .text.xTaskCreate   tasks.o
    0x0801499e   0x0801499e   0x00000002   PAD
    0x080149a0   0x080149a0   0x000000ce   Code   RO         1991    .text.xTaskCreateStatic  tasks.o
    0x08014a6e   0x08014a6e   0x00000002   PAD
    0x08014a70   0x08014a70   0x00000038   Code   RO         2085    .text.xTaskGetSchedulerState  tasks.o
    0x08014aa8   0x08014aa8   0x00000014   Code   RO         2041    .text.xTaskGetTickCount  tasks.o
    0x08014abc   0x08014abc   0x00000004   PAD
    0x08014ac0   0x08014ac0   0x000001c4   Code   RO         2039    .text.xTaskIncrementTick  tasks.o
    0x08014c84   0x08014c84   0x00000004   PAD
    0x08014c88   0x08014c88   0x000000ec   Code   RO         2089    .text.xTaskPriorityDisinherit  tasks.o
    0x08014d74   0x08014d74   0x00000004   PAD
    0x08014d78   0x08014d78   0x000000ce   Code   RO         2061    .text.xTaskRemoveFromEventList  tasks.o
    0x08014e46   0x08014e46   0x00000002   PAD
    0x08014e48   0x08014e48   0x00000186   Code   RO         2011    .text.xTaskResumeAll  tasks.o
    0x08014fce   0x08014fce   0x00000002   PAD
    0x08014fd0   0x08014fd0   0x00000094   Code   RO         2144    .text.xTimerCreateTimerTask  timers.o
    0x08015064   0x08015064   0x00000004   PAD
    0x08015068   0x08015068   0x000000b0   Code   RO         2156    .text.xTimerGenericCommand  timers.o
    0x08015118   0x08015118   0x00000028   Code   RO         3440    i.__0sprintf        mc_w.l(printfa.o)
    0x08015140   0x08015140   0x00000026   Code   RO         3495    i.__ARM_fpclassifyf  m_wv.l(fpclassifyf.o)
    0x08015166   0x08015166   0x00000002   PAD
    0x08015168   0x08015168   0x0000012c   Code   RO         3402    i.__hardfp_asinf    m_wv.l(asinf.o)
    0x08015294   0x08015294   0x000002ac   Code   RO         3408    i.__hardfp_atan2f   m_wv.l(atan2f.o)
    0x08015540   0x08015540   0x00000150   Code   RO         3414    i.__hardfp_cosf     m_wv.l(cosf.o)
    0x08015690   0x08015690   0x00000190   Code   RO         3420    i.__hardfp_sinf     m_wv.l(sinf.o)
    0x08015820   0x08015820   0x00000006   Code   RO         3498    i.__mathlib_flt_infnan  m_wv.l(funder.o)
    0x08015826   0x08015826   0x00000006   Code   RO         3499    i.__mathlib_flt_infnan2  m_wv.l(funder.o)
    0x0801582c   0x0801582c   0x00000010   Code   RO         3500    i.__mathlib_flt_invalid  m_wv.l(funder.o)
    0x0801583c   0x0801583c   0x00000010   Code   RO         3503    i.__mathlib_flt_underflow  m_wv.l(funder.o)
    0x0801584c   0x0801584c   0x00000154   Code   RO         3511    i.__mathlib_rredf2  m_wv.l(rredf.o)
    0x080159a0   0x080159a0   0x0000000e   Code   RO         3607    i.__scatterload_copy  mc_w.l(handlers.o)
    0x080159ae   0x080159ae   0x00000002   Code   RO         3608    i.__scatterload_null  mc_w.l(handlers.o)
    0x080159b0   0x080159b0   0x0000000e   Code   RO         3609    i.__scatterload_zeroinit  mc_w.l(handlers.o)
    0x080159be   0x080159be   0x00000002   PAD
    0x080159c0   0x080159c0   0x0000000c   Code   RO         3554    i.__set_errno       mc_w.l(errno.o)
    0x080159cc   0x080159cc   0x00000184   Code   RO         3445    i._fp_digits        mc_w.l(printfa.o)
    0x08015b50   0x08015b50   0x0000000e   Code   RO         3567    i._is_digit         mc_w.l(scanf_fp.o)
    0x08015b5e   0x08015b5e   0x00000002   PAD
    0x08015b60   0x08015b60   0x000006dc   Code   RO         3446    i._printf_core      mc_w.l(printfa.o)
    0x0801623c   0x0801623c   0x00000024   Code   RO         3447    i._printf_post_padding  mc_w.l(printfa.o)
    0x08016260   0x08016260   0x0000002e   Code   RO         3448    i._printf_pre_padding  mc_w.l(printfa.o)
    0x0801628e   0x0801628e   0x0000000a   Code   RO         3450    i._sputc            mc_w.l(printfa.o)
    0x08016298   0x08016298   0x0000006c   Code   RO         3466    i.malloc            mc_w.l(malloc.o)
    0x08016304   0x08016304   0x0000003e   Code   RO         3516    i.sqrtf             m_wv.l(sqrtf.o)
    0x08016342   0x08016342   0x00000002   PAD
    0x08016344   0x08016344   0x00000020   Data   RO         3512    .constdata          m_wv.l(rredf.o)
    0x08016364   0x08016364   0x00000040   Data   RO         3601    .constdata          mc_w.l(ctype_c.o)
    0x080163a4   0x080163a4   0x00000014   Data   RO         3329    .rodata..L__const.StartAttitudeTask.init  task_attitude.o
    0x080163b8   0x080163b8   0x0000000c   Data   RO           78    .rodata..L__const.StartDefaultTask.ibus_config  freertos.o
    0x080163c4   0x080163c4   0x00000024   Data   RO         3344    .rodata..L__const.StartDisplayTask.init  task_display.o
    0x080163e8   0x080163e8   0x00000010   Data   RO         3370    .rodata..L__const.StartMotorTask.pwm_motor1_init  task_motor.o
    0x080163f8   0x080163f8   0x00000010   Data   RO         3372    .rodata..L__const.StartMotorTask.pwm_motor2_init  task_motor.o
    0x08016408   0x08016408   0x00000024   Data   RO           69    .rodata.AngVelControlTa_attributes  freertos.o
    0x0801642c   0x0801642c   0x00000024   Data   RO           68    .rodata.AngleControlTas_attributes  freertos.o
    0x08016450   0x08016450   0x00000024   Data   RO           64    .rodata.AttitudeTask_attributes  freertos.o
    0x08016474   0x08016474   0x00000010   Data   RO         1783    .rodata.D1CorePrescTable  system_stm32h7xx.o
    0x08016484   0x08016484   0x00000008   Data   RO          933    .rodata.DMA_CalcBaseAndBitshift.flagBitshiftOffset  stm32h7xx_hal_dma.o
    0x0801648c   0x0801648c   0x00000024   Data   RO           65    .rodata.DisplayTask_attributes  freertos.o
    0x080164b0   0x080164b0   0x00000024   Data   RO           63    .rodata.LightTask_attributes  freertos.o
    0x080164d4   0x080164d4   0x00000024   Data   RO           66    .rodata.MotorTask_attributes  freertos.o
    0x080164f8   0x080164f8   0x00000024   Data   RO           67    .rodata.SpeedControlTas_attributes  freertos.o
    0x0801651c   0x0801651c   0x00000008   Data   RO         1767    .rodata.UARTEx_SetNbDataToProcess.denominator  stm32h7xx_hal_uart_ex.o
    0x08016524   0x08016524   0x00000008   Data   RO         1766    .rodata.UARTEx_SetNbDataToProcess.numerator  stm32h7xx_hal_uart_ex.o
    0x0801652c   0x0801652c   0x00000018   Data   RO         1722    .rodata.UARTPrescTable  stm32h7xx_hal_uart.o
    0x08016544   0x08016544   0x00000474   Data   RO         3311    .rodata.ascii_1206  st7789v2.o
    0x080169b8   0x080169b8   0x000005f0   Data   RO         3312    .rodata.ascii_1608  st7789v2.o
    0x08016fa8   0x08016fa8   0x000011d0   Data   RO         3313    .rodata.ascii_2412  st7789v2.o
    0x08018178   0x08018178   0x000017c0   Data   RO         3314    .rodata.ascii_3216  st7789v2.o
    0x08019938   0x08019938   0x00000024   Data   RO           62    .rodata.defaultTask_attributes  freertos.o
    0x0801995c   0x0801995c   0x0000006e   Data   RO           61    .rodata.str1.1      freertos.o
    0x080199ca   0x080199ca   0x00000005   Data   RO         2129    .rodata.str1.1      tasks.o
    0x080199cf   0x080199cf   0x0000000d   Data   RO         2199    .rodata.str1.1      timers.o
    0x080199dc   0x080199dc   0x00000036   Data   RO         3347    .rodata.str1.1      task_display.o
    0x08019a12   0x08019a12   0x00000002   PAD
    0x08019a14   0x08019a14   0x00000020   Data   RO         3606    Region$$Table       anon$$obj.o


    Execution Region RW_IRAM1 (Exec base: 0x20000000, Load base: 0x08019a34, Size: 0x00000000, Max: 0x00020000, ABSOLUTE)

    **** No section assigned to this execution region ****


    Execution Region RW_IRAM2 (Exec base: 0x24000000, Load base: 0x08019a38, Size: 0x00007f68, Max: 0x00080000, ABSOLUTE)

    Exec Addr    Load Addr    Size         Type   Attr      Idx    E Section Name        Object

    0x24000000   0x08019a38   0x00000004   Data   RW         3550    .data               mc_w.l(mvars.o)
    0x24000004   0x08019a3c   0x00000004   Data   RW         3551    .data               mc_w.l(mvars.o)
    0x24000008   0x08019a40   0x00000004   Data   RW         3555    .data               mc_w.l(errno.o)
    0x2400000c   0x08019a44   0x00000004   Data   RW         1781    .data.SystemCoreClock  system_stm32h7xx.o
    0x24000010   0x08019a48   0x00000004   Data   RW         1782    .data.SystemD2Clock  system_stm32h7xx.o
    0x24000014   0x08019a4c   0x00000010   Data   RW         3227    .data.stm32_ctx     lsm6dsv.o
    0x24000024   0x08019a5c   0x00000001   Data   RW         1240    .data.uwTickFreq    stm32h7xx_hal.o
    0x24000025   0x08019a5d   0x00000003   PAD
    0x24000028   0x08019a60   0x00000004   Data   RW         1239    .data.uwTickPrio    stm32h7xx_hal.o
    0x2400002c   0x08019a64   0x00000004   Data   RW         2453    .data.uxCriticalNesting  port.o
    0x24000030        -       0x00000004   Zero   RW           77    .bss.AngVelControlTaHandle  freertos.o
    0x24000034        -       0x00000004   Zero   RW           76    .bss.AngleControlTasHandle  freertos.o
    0x24000038        -       0x00000004   Zero   RW           72    .bss.AttitudeTaskHandle  freertos.o
    0x2400003c        -       0x00000014   Zero   RW         3346    .bss.Disp_Line      task_display.o
    0x24000050        -       0x00000004   Zero   RW           73    .bss.DisplayTaskHandle  freertos.o
    0x24000054        -       0x00000004   Zero   RW         2381    .bss.KernelState    cmsis_os2.o
    0x24000058        -       0x00000004   Zero   RW           71    .bss.LightTaskHandle  freertos.o
    0x2400005c        -       0x00000004   Zero   RW           74    .bss.MotorTaskHandle  freertos.o
    0x24000060        -       0x00000004   Zero   RW           75    .bss.SpeedControlTasHandle  freertos.o
    0x24000064        -       0x00000004   Zero   RW         3328    .bss.StartAttitudeTask.xLastWakeTime  task_attitude.o
    0x24000068        -       0x00000004   Zero   RW         3369    .bss.StartMotorTask.xLastWakeTime  task_motor.o
    0x2400006c        -       0x00000004   Zero   RW         3393    .bss.angle_pid      task_control.o
    0x24000070        -       0x00000004   Zero   RW         3395    .bss.angvel_pid     task_control.o
    0x24000074        -       0x00000004   Zero   RW           70    .bss.defaultTaskHandle  freertos.o
    0x24000078        -       0x00000001   Zero   RW         3230    .bss.device_index   lsm6dsv.o
    0x24000079   0x08019a68   0x00000003   PAD
    0x2400007c        -       0x00000010   Zero   RW         3229    .bss.device_instance  lsm6dsv.o
    0x2400008c        -       0x00000001   Zero   RW         3228    .bss.device_num     lsm6dsv.o
    0x2400008d        -       0x00000001   Zero   RW         3356    .bss.display_flag   task_light.o
    0x2400008e   0x08019a68   0x00000002   PAD
    0x24000090        -       0x00000004   Zero   RW           59    .bss.distance       freertos.o
    0x24000094        -       0x00000004   Zero   RW         3368    .bss.duty           task_motor.o
    0x24000098        -       0x00000078   Zero   RW          162    .bss.hdma_usart1_rx  usart.o
    0x24000110        -       0x00000078   Zero   RW          163    .bss.hdma_usart1_tx  usart.o
    0x24000188        -       0x00000078   Zero   RW          164    .bss.hdma_usart2_rx  usart.o
    0x24000200        -       0x00000054   Zero   RW          101    .bss.hi2c1          i2c.o
    0x24000254        -       0x00000088   Zero   RW          115    .bss.hspi2          spi.o
    0x240002dc        -       0x0000004c   Zero   RW          143    .bss.htim12         tim.o
    0x24000328        -       0x0000004c   Zero   RW          144    .bss.htim15         tim.o
    0x24000374        -       0x0000004c   Zero   RW          141    .bss.htim2          tim.o
    0x240003c0        -       0x0000004c   Zero   RW          142    .bss.htim3          tim.o
    0x2400040c        -       0x0000004c   Zero   RW          221    .bss.htim7          stm32h7xx_hal_timebase_tim.o
    0x24000458        -       0x00000094   Zero   RW          160    .bss.huart1         usart.o
    0x240004ec        -       0x00000094   Zero   RW          161    .bss.huart2         usart.o
    0x24000580        -       0x00000004   Zero   RW           79    .bss.ibus_instance  freertos.o
    0x24000584        -       0x00000001   Zero   RW         2524    .bss.idx            bsp_uart.o
    0x24000585        -       0x00000001   Zero   RW         2547    .bss.idx            bsp_pwm.o
    0x24000586   0x08019a68   0x00000002   PAD
    0x24000588        -       0x00000004   Zero   RW         3358    .bss.led0           task_light.o
    0x2400058c        -       0x00000004   Zero   RW         3359    .bss.led1           task_light.o
    0x24000590        -       0x00000004   Zero   RW         3330    .bss.lsm6dsv        task_attitude.o
    0x24000594        -       0x00000004   Zero   RW         3332    .bss.mahony_ahrs    task_attitude.o
    0x24000598        -       0x00000004   Zero   RW         3333    .bss.pitch          task_attitude.o
    0x2400059c        -       0x000000a0   Zero   RW         2207    .bss.prvCheckForValidListAndQueue.ucStaticTimerQueueStorage  timers.o
    0x2400063c        -       0x00000050   Zero   RW         2206    .bss.prvCheckForValidListAndQueue.xStaticTimerQueue  timers.o
    0x2400068c        -       0x00000004   Zero   RW         2203    .bss.prvSampleTimeNow.xLastTime  timers.o
    0x24000690        -       0x00000040   Zero   RW         2548    .bss.pwm_instance   bsp_pwm.o
    0x240006d0        -       0x00000004   Zero   RW         2115    .bss.pxCurrentTCB   tasks.o
    0x240006d4        -       0x00000004   Zero   RW         2201    .bss.pxCurrentTimerList  timers.o
    0x240006d8        -       0x00000004   Zero   RW         2123    .bss.pxDelayedTaskList  tasks.o
    0x240006dc        -       0x00000004   Zero   RW         2410    .bss.pxEnd          heap_4.o
    0x240006e0        -       0x00000004   Zero   RW         2124    .bss.pxOverflowDelayedTaskList  tasks.o
    0x240006e4        -       0x00000004   Zero   RW         2202    .bss.pxOverflowTimerList  timers.o
    0x240006e8        -       0x00000460   Zero   RW         2126    .bss.pxReadyTasksLists  tasks.o
    0x24000b48        -       0x00000004   Zero   RW         3334    .bss.roll           task_attitude.o
    0x24000b4c        -       0x00000004   Zero   RW         3389    .bss.speed          task_control.o
    0x24000b50        -       0x00000004   Zero   RW         3391    .bss.speed_pid      task_control.o
    0x24000b54        -       0x00000004   Zero   RW         3345    .bss.st7789v2       task_display.o
    0x24000b58        -       0x00000004   Zero   RW         3387    .bss.target_angle   task_control.o
    0x24000b5c        -       0x00000004   Zero   RW         3386    .bss.target_angvel  task_control.o
    0x24000b60        -       0x00000004   Zero   RW         3388    .bss.target_speed   task_control.o
    0x24000b64        -       0x00000004   Zero   RW         3371    .bss.tb6612_motor1  task_motor.o
    0x24000b68        -       0x00000004   Zero   RW         3373    .bss.tb6612_motor2  task_motor.o
    0x24000b6c        -       0x00003c00   Zero   RW         2417    .bss.ucHeap         heap_4.o
    0x2400476c        -       0x00000001   Zero   RW         2451    .bss.ucMaxSysCallPriority  port.o
    0x2400476d   0x08019a68   0x00000003   PAD
    0x24004770        -       0x00000004   Zero   RW         2452    .bss.ulMaxPRIGROUPValue  port.o
    0x24004774        -       0x00000014   Zero   RW         2525    .bss.usart_instance  bsp_uart.o
    0x24004788        -       0x00000004   Zero   RW         1241    .bss.uwTick         stm32h7xx_hal.o
    0x2400478c        -       0x00000004   Zero   RW         2119    .bss.uxCurrentNumberOfTasks  tasks.o
    0x24004790        -       0x00000004   Zero   RW         2118    .bss.uxDeletedTasksWaitingCleanUp  tasks.o
    0x24004794        -       0x00000004   Zero   RW         2121    .bss.uxSchedulerSuspended  tasks.o
    0x24004798        -       0x00000004   Zero   RW         2116    .bss.uxTaskNumber   tasks.o
    0x2400479c        -       0x00000004   Zero   RW         2127    .bss.uxTopReadyPriority  tasks.o
    0x240047a0        -       0x00000200   Zero   RW         2384    .bss.vApplicationGetIdleTaskMemory.Idle_Stack  cmsis_os2.o
    0x240049a0        -       0x0000005c   Zero   RW         2383    .bss.vApplicationGetIdleTaskMemory.Idle_TCB  cmsis_os2.o
    0x240049fc        -       0x00000400   Zero   RW         2386    .bss.vApplicationGetTimerTaskMemory.Timer_Stack  cmsis_os2.o
    0x24004dfc        -       0x0000005c   Zero   RW         2385    .bss.vApplicationGetTimerTaskMemory.Timer_TCB  cmsis_os2.o
    0x24004e58        -       0x00000014   Zero   RW         2204    .bss.xActiveTimerList1  timers.o
    0x24004e6c        -       0x00000014   Zero   RW         2205    .bss.xActiveTimerList2  timers.o
    0x24004e80        -       0x00000004   Zero   RW         2411    .bss.xBlockAllocatedBit  heap_4.o
    0x24004e84        -       0x00000014   Zero   RW         2135    .bss.xDelayedTaskList1  tasks.o
    0x24004e98        -       0x00000014   Zero   RW         2136    .bss.xDelayedTaskList2  tasks.o
    0x24004eac        -       0x00000004   Zero   RW         2412    .bss.xFreeBytesRemaining  heap_4.o
    0x24004eb0        -       0x00000004   Zero   RW         2130    .bss.xIdleTaskHandle  tasks.o
    0x24004eb4        -       0x00000004   Zero   RW         2414    .bss.xMinimumEverFreeBytesRemaining  heap_4.o
    0x24004eb8        -       0x00000004   Zero   RW         2131    .bss.xNextTaskUnblockTime  tasks.o
    0x24004ebc        -       0x00000004   Zero   RW         2134    .bss.xNumOfOverflows  tasks.o
    0x24004ec0        -       0x00000004   Zero   RW         2415    .bss.xNumberOfSuccessfulAllocations  heap_4.o
    0x24004ec4        -       0x00000004   Zero   RW         2416    .bss.xNumberOfSuccessfulFrees  heap_4.o
    0x24004ec8        -       0x00000004   Zero   RW         2133    .bss.xPendedTicks   tasks.o
    0x24004ecc        -       0x00000014   Zero   RW         2128    .bss.xPendingReadyList  tasks.o
    0x24004ee0        -       0x00000040   Zero   RW         1926    .bss.xQueueRegistry  queue.o
    0x24004f20        -       0x00000004   Zero   RW         2120    .bss.xSchedulerRunning  tasks.o
    0x24004f24        -       0x00000008   Zero   RW         2413    .bss.xStart         heap_4.o
    0x24004f2c        -       0x00000014   Zero   RW         2125    .bss.xSuspendedTaskList  tasks.o
    0x24004f40        -       0x00000014   Zero   RW         2117    .bss.xTasksWaitingTermination  tasks.o
    0x24004f54        -       0x00000004   Zero   RW         2122    .bss.xTickCount     tasks.o
    0x24004f58        -       0x00000004   Zero   RW         2198    .bss.xTimerQueue    timers.o
    0x24004f5c        -       0x00000004   Zero   RW         2200    .bss.xTimerTaskHandle  timers.o
    0x24004f60        -       0x00000004   Zero   RW         2132    .bss.xYieldPending  tasks.o
    0x24004f64        -       0x00000004   Zero   RW         3335    .bss.yaw            task_attitude.o
    0x24004f68        -       0x00001000   Zero   RW            2    HEAP                startup_stm32h750xx.o
    0x24005f68        -       0x00002000   Zero   RW            1    STACK               startup_stm32h750xx.o


==============================================================================

Image component sizes


      Code (inc. data)   RO Data    RW Data    ZI Data      Debug   Object Name

       920          0          0          0         65       7325   bsp_pwm.o
      2294          0          0          0         21       6235   bsp_uart.o
       746          0          0          0       1724      36636   cmsis_os2.o
        96          0          0          0          0       5335   dma.o
       364          0        410          0         40       8661   freertos.o
       522          0          0          0          0       6195   gpio.o
      1084          0          0          0      15392       4423   heap_4.o
       290          0          0          0         84       7902   i2c.o
       156          0          0          0          0       1787   led.o
       296          0          0          0          0       2226   list.o
       140          0          0          0          0        999   lowpass_filter.o
       958          8          0         16         18       9699   lsm6dsv.o
      2382         18          0          0          0     111040   lsm6dsv16x_reg.o
      2014          4          0          0          0       3738   mahony_ahrs.o
       628          0          0          0          0       9769   main.o
       926          0          0          0          0       3905   pid_controller.o
      1128         16          0          4          5       3837   port.o
      2604          0          0          0         64      17283   queue.o
       356          0          0          0        136       8187   spi.o
      2358          0      13300          0          0      16402   st7789v2.o
        44         12        664          0      12288        852   startup_stm32h750xx.o
       240          0          0          5          4      13800   stm32h7xx_hal.o
       380          0          0          0          0      11606   stm32h7xx_hal_cortex.o
     15542          8          8          0          0      12814   stm32h7xx_hal_dma.o
      1118          0          0          0          0       7027   stm32h7xx_hal_gpio.o
      3124          0          0          0          0      37266   stm32h7xx_hal_i2c.o
       314          0          0          0          0       7302   stm32h7xx_hal_i2c_ex.o
        50          0          0          0          0       5362   stm32h7xx_hal_msp.o
       162          0          0          0          0      10391   stm32h7xx_hal_pwr_ex.o
      5142         66          0          0          0      11904   stm32h7xx_hal_rcc.o
      6538         96          0          0          0      19262   stm32h7xx_hal_rcc_ex.o
      2878          0          0          0          0      20811   stm32h7xx_hal_spi.o
      5838         22          0          0          0      37567   stm32h7xx_hal_tim.o
       368          0          0          0          0      17502   stm32h7xx_hal_tim_ex.o
       220          0          0          0         76       9696   stm32h7xx_hal_timebase_tim.o
      6322        258         24          0          0      29302   stm32h7xx_hal_uart.o
       738          0         16          0          0       8902   stm32h7xx_hal_uart_ex.o
       154          0          0          0          0       3206   stm32h7xx_it.o
       436          0         16          8          0       6169   system_stm32h7xx.o
       324         12         20          0         24       5621   task_attitude.o
       540         16          0          0         28       2530   task_control.o
       500          0         90          0         24       5220   task_display.o
       204          0          0          0          9       1761   task_light.o
       384          0         32          0         16       5924   task_motor.o
      4194          0          5          0       1280      24136   tasks.o
       528          4          0          0          0       6526   tb6612.o
      1080          0          0          0        304       9044   tim.o
      1692         10         13          0        300      11589   timers.o
       928          0          0          0        656      12006   usart.o

    ----------------------------------------------------------------------
     81172        590      14632         36      32568     626682   Object Totals
         0          0         32          0          0          0   (incl. Generated)
       928         40          2          3         10          0   (incl. Padding)

    ----------------------------------------------------------------------

      Code (inc. data)   RO Data    RW Data    ZI Data      Debug   Library Member Name

       300         42          0          0          0        176   asinf.o
       684         90          0          0          0        208   atan2f.o
       336         56          0          0          0        136   cosf.o
        38          0          0          0          0        116   fpclassifyf.o
        44         12          0          0          0        464   funder.o
       340         24         32          0          0        160   rredf.o
       400         56          0          0          0        212   sinf.o
        62          0          0          0          0        136   sqrtf.o
        28          0          0          0          0         68   _chval.o
       812          4          0          0          0        112   _scanf.o
       332          0          0          0          0         96   _scanf_int.o
       342          0          0          0          0        100   _scanf_longlong.o
       224          0          0          0          0         96   _scanf_str.o
        64          0          0          0          0         84   _sgetc.o
        40          6         64          0          0         68   ctype_c.o
         0          0          0          0          0          0   entry.o
         0          0          0          0          0          0   entry10a.o
         0          0          0          0          0          0   entry11a.o
         8          4          0          0          0          0   entry2.o
         4          0          0          0          0          0   entry5.o
         0          0          0          0          0          0   entry7b.o
         0          0          0          0          0          0   entry8b.o
         8          4          0          0          0          0   entry9a.o
        12          6          0          4          0         68   errno.o
        30          0          0          0          0          0   handlers.o
        48         10          0          0          0         68   init.o
        10          0          0          0          0         68   isspace_c.o
         0          0          0          0          0          0   iusefp.o
        30          0          0          0          0         68   llshl.o
        36          0          0          0          0         68   llsshr.o
        32          0          0          0          0         68   llushr.o
       108         16          0          0          0         84   malloc.o
        36          0          0          0          0         68   memcpya.o
        36          0          0          0          0        108   memseta.o
         0          0          0          8          0          0   mvars.o
      2276         86          0          0          0        520   printfa.o
        40          8          0          0          0         84   scanf_char.o
       878         12          0          0          0        216   scanf_fp.o
        56          8          0          0          0         84   sscanf.o
        44          0          0          0          0         80   uidiv.o
        98          0          0          0          0         92   uldiv.o
        48          0          0          0          0         68   cdrcmple.o
        56          0          0          0          0         88   d2f.o
       334          0          0          0          0        148   dadd.o
       222          0          0          0          0        100   ddiv.o
       186          0          0          0          0        176   depilogue.o
        48          0          0          0          0         68   dfixul.o
        24          0          0          0          0         76   dfltul.o
       228          0          0          0          0         96   dmul.o
       110          0          0          0          0        168   fepilogue.o

    ----------------------------------------------------------------------
      9112        444         96         12          0       4964   Library Totals
        20          0          0          0          0          0   (incl. Padding)

    ----------------------------------------------------------------------

      Code (inc. data)   RO Data    RW Data    ZI Data      Debug   Library Name

      2204        280         32          0          0       1608   m_wv.l
      5632        164         64         12          0       2368   mc_w.l
      1256          0          0          0          0        988   mf_w.l

    ----------------------------------------------------------------------
      9112        444         96         12          0       4964   Library Totals

    ----------------------------------------------------------------------

==============================================================================


      Code (inc. data)   RO Data    RW Data    ZI Data      Debug   

     90284       1034      14728         48      32568     628142   Grand Totals
     90284       1034      14728         48      32568     628142   ELF Image Totals
     90284       1034      14728         48          0          0   ROM Totals

==============================================================================

    Total RO  Size (Code + RO Data)               105012 ( 102.55kB)
    Total RW  Size (RW Data + ZI Data)             32616 (  31.85kB)
    Total ROM Size (Code + RO Data + RW Data)     105060 ( 102.60kB)

==============================================================================

