Component: Arm Compiler for Embedded 6.22 Tool: armlink [5ee90200]

==============================================================================

Section Cross References

    startup_stm32h750xx.o(STACK) refers (Special) to heapauxi.o(.text) for __use_two_region_memory
    startup_stm32h750xx.o(HEAP) refers (Special) to heapauxi.o(.text) for __use_two_region_memory
    startup_stm32h750xx.o(RESET) refers (Special) to heapauxi.o(.text) for __use_two_region_memory
    startup_stm32h750xx.o(RESET) refers to startup_stm32h750xx.o(STACK) for __initial_sp
    startup_stm32h750xx.o(RESET) refers to startup_stm32h750xx.o(.text) for Reset_Handler
    startup_stm32h750xx.o(RESET) refers to stm32h7xx_it.o(.text.NMI_Handler) for NMI_Handler
    startup_stm32h750xx.o(RESET) refers to stm32h7xx_it.o(.text.HardFault_Handler) for HardFault_Handler
    startup_stm32h750xx.o(RESET) refers to stm32h7xx_it.o(.text.MemManage_Handler) for MemManage_Handler
    startup_stm32h750xx.o(RESET) refers to stm32h7xx_it.o(.text.BusFault_Handler) for BusFault_Handler
    startup_stm32h750xx.o(RESET) refers to stm32h7xx_it.o(.text.UsageFault_Handler) for UsageFault_Handler
    startup_stm32h750xx.o(RESET) refers to stm32h7xx_it.o(.text.SVC_Handler) for SVC_Handler
    startup_stm32h750xx.o(RESET) refers to stm32h7xx_it.o(.text.DebugMon_Handler) for DebugMon_Handler
    startup_stm32h750xx.o(RESET) refers to stm32h7xx_it.o(.text.PendSV_Handler) for PendSV_Handler
    startup_stm32h750xx.o(RESET) refers to stm32h7xx_it.o(.text.SysTick_Handler) for SysTick_Handler
    startup_stm32h750xx.o(RESET) refers to stm32h7xx_it.o(.text.EXTI0_IRQHandler) for EXTI0_IRQHandler
    startup_stm32h750xx.o(RESET) refers to stm32h7xx_it.o(.text.DMA1_Stream0_IRQHandler) for DMA1_Stream0_IRQHandler
    startup_stm32h750xx.o(RESET) refers to stm32h7xx_it.o(.text.DMA1_Stream1_IRQHandler) for DMA1_Stream1_IRQHandler
    startup_stm32h750xx.o(RESET) refers to stm32h7xx_it.o(.text.USART1_IRQHandler) for USART1_IRQHandler
    startup_stm32h750xx.o(RESET) refers to stm32h7xx_it.o(.text.EXTI15_10_IRQHandler) for EXTI15_10_IRQHandler
    startup_stm32h750xx.o(.text) refers (Special) to heapauxi.o(.text) for __use_two_region_memory
    startup_stm32h750xx.o(.text) refers to system_stm32h7xx.o(.text.ExitRun0Mode) for ExitRun0Mode
    startup_stm32h750xx.o(.text) refers to system_stm32h7xx.o(.text.SystemInit) for SystemInit
    startup_stm32h750xx.o(.text) refers to __main.o(!!!main) for __main
    startup_stm32h750xx.o(.text) refers to startup_stm32h750xx.o(HEAP) for Heap_Mem
    startup_stm32h750xx.o(.text) refers to startup_stm32h750xx.o(STACK) for Stack_Mem
    main.o(.text.main) refers to main.o(.text.MPU_Config) for MPU_Config
    main.o(.text.main) refers to stm32h7xx_hal.o(.text.HAL_Init) for HAL_Init
    main.o(.text.main) refers to main.o(.text.SystemClock_Config) for SystemClock_Config
    main.o(.text.main) refers to gpio.o(.text.MX_GPIO_Init) for MX_GPIO_Init
    main.o(.text.main) refers to dma.o(.text.MX_DMA_Init) for MX_DMA_Init
    main.o(.text.main) refers to usart.o(.text.MX_USART1_UART_Init) for MX_USART1_UART_Init
    main.o(.text.main) refers to i2c.o(.text.MX_I2C1_Init) for MX_I2C1_Init
    main.o(.text.main) refers to led.o(.text.LED_Register) for LED_Register
    main.o(.text.main) refers to main.o(.bss.led0) for led0
    main.o(.text.main) refers to main.o(.bss.led1) for led1
    main.o(.text.main) refers to main.o(.rodata..L__const.main.uart1_init) for .L__const.main.uart1_init
    main.o(.text.main) refers to bsp_uart.o(.text.UART_Register) for UART_Register
    main.o(.text.main) refers to main.o(.bss.uart1) for uart1
    main.o(.text.main) refers to main.o(.rodata..L__const.main.oled_init) for .L__const.main.oled_init
    main.o(.text.main) refers to oled.o(.text.OLED_Register) for OLED_Register
    main.o(.text.main) refers to main.o(.bss.oled) for oled
    main.o(.text.main) refers to stm32h7xx_hal.o(.text.HAL_Delay) for HAL_Delay
    main.o(.text.main) refers to oled.o(.text.OLED_Init) for OLED_Init
    main.o(.text.main) refers to oled.o(.text.OLED_NewFrame) for OLED_NewFrame
    main.o(.text.main) refers to font.o(.rodata.font16x16) for font16x16
    main.o(.text.main) refers to main.o(.rodata.str1.1) for .L.str
    main.o(.text.main) refers to oled.o(.text.OLED_PrintString) for OLED_PrintString
    main.o(.text.main) refers to oled.o(.text.OLED_ShowFrame) for OLED_ShowFrame
    main.o(.text.main) refers to bsp_uart.o(.text.UART_Send) for UART_Send
    main.o(.ARM.exidx.text.main) refers to main.o(.text.main) for [Anonymous Symbol]
    main.o(.text.MPU_Config) refers to stm32h7xx_hal_cortex.o(.text.HAL_MPU_Disable) for HAL_MPU_Disable
    main.o(.text.MPU_Config) refers to stm32h7xx_hal_cortex.o(.text.HAL_MPU_ConfigRegion) for HAL_MPU_ConfigRegion
    main.o(.text.MPU_Config) refers to stm32h7xx_hal_cortex.o(.text.HAL_MPU_Enable) for HAL_MPU_Enable
[...]
    [Anonymous Symbol]                       0x0800a138   Section        0  oled.o(.text.OLED_SetBlock)
    [Anonymous Symbol]                       0x0800a278   Section        0  oled.o(.text.OLED_SetByte_Fine)
    [Anonymous Symbol]                       0x0800a350   Section        0  oled.o(.text.OLED_ShowFrame)
    [Anonymous Symbol]                       0x0800a3d0   Section        0  stm32h7xx_it.o(.text.PendSV_Handler)
    RCCEx_PLL2_Config                        0x0800a3d9   Thumb Code   458  stm32h7xx_hal_rcc_ex.o(.text.RCCEx_PLL2_Config)
    [Anonymous Symbol]                       0x0800a3d8   Section        0  stm32h7xx_hal_rcc_ex.o(.text.RCCEx_PLL2_Config)
    RCCEx_PLL3_Config                        0x0800a5a9   Thumb Code   458  stm32h7xx_hal_rcc_ex.o(.text.RCCEx_PLL3_Config)
    [Anonymous Symbol]                       0x0800a5a8   Section        0  stm32h7xx_hal_rcc_ex.o(.text.RCCEx_PLL3_Config)
    [Anonymous Symbol]                       0x0800a778   Section        0  stm32h7xx_it.o(.text.SVC_Handler)
    SysTick_Config                           0x0800a781   Thumb Code    82  stm32h7xx_hal_cortex.o(.text.SysTick_Config)
    [Anonymous Symbol]                       0x0800a780   Section        0  stm32h7xx_hal_cortex.o(.text.SysTick_Config)
    [Anonymous Symbol]                       0x0800a7d8   Section        0  stm32h7xx_it.o(.text.SysTick_Handler)
    [Anonymous Symbol]                       0x0800a7e0   Section        0  main.o(.text.SystemClock_Config)
    [Anonymous Symbol]                       0x0800a8c8   Section        0  system_stm32h7xx.o(.text.SystemInit)
    [Anonymous Symbol]                       0x0800aa58   Section        0  main.o(.text.UART1_UserCallback)
    UARTEx_SetNbDataToProcess                0x0800aad9   Thumb Code   134  stm32h7xx_hal_uart_ex.o(.text.UARTEx_SetNbDataToProcess)
    [Anonymous Symbol]                       0x0800aad8   Section        0  stm32h7xx_hal_uart_ex.o(.text.UARTEx_SetNbDataToProcess)
    [Anonymous Symbol]                       0x0800ab60   Section        0  stm32h7xx_hal_uart.o(.text.UART_AdvFeatureConfig)
    [Anonymous Symbol]                       0x0800aca8   Section        0  stm32h7xx_hal_uart.o(.text.UART_CheckIdleState)
    UART_DMAAbortOnError                     0x0800adf1   Thumb Code    30  stm32h7xx_hal_uart.o(.text.UART_DMAAbortOnError)
    [Anonymous Symbol]                       0x0800adf0   Section        0  stm32h7xx_hal_uart.o(.text.UART_DMAAbortOnError)
    UART_DMAError                            0x0800ae11   Thumb Code   128  stm32h7xx_hal_uart.o(.text.UART_DMAError)
    [Anonymous Symbol]                       0x0800ae10   Section        0  stm32h7xx_hal_uart.o(.text.UART_DMAError)
    UART_DMAReceiveCplt                      0x0800ae91   Thumb Code   246  stm32h7xx_hal_uart.o(.text.UART_DMAReceiveCplt)
    [Anonymous Symbol]                       0x0800ae90   Section        0  stm32h7xx_hal_uart.o(.text.UART_DMAReceiveCplt)
    UART_DMARxHalfCplt                       0x0800af89   Thumb Code    54  stm32h7xx_hal_uart.o(.text.UART_DMARxHalfCplt)
    [Anonymous Symbol]                       0x0800af88   Section        0  stm32h7xx_hal_uart.o(.text.UART_DMARxHalfCplt)
    UART_DMATransmitCplt                     0x0800afc1   Thumb Code   122  stm32h7xx_hal_uart.o(.text.UART_DMATransmitCplt)
    [Anonymous Symbol]                       0x0800afc0   Section        0  stm32h7xx_hal_uart.o(.text.UART_DMATransmitCplt)
    UART_DMATxHalfCplt                       0x0800b041   Thumb Code    22  stm32h7xx_hal_uart.o(.text.UART_DMATxHalfCplt)
    [Anonymous Symbol]                       0x0800b040   Section        0  stm32h7xx_hal_uart.o(.text.UART_DMATxHalfCplt)
    UART_EndRxTransfer                       0x0800b059   Thumb Code   158  stm32h7xx_hal_uart.o(.text.UART_EndRxTransfer)
    [Anonymous Symbol]                       0x0800b058   Section        0  stm32h7xx_hal_uart.o(.text.UART_EndRxTransfer)
    UART_EndTransmit_IT                      0x0800b0f9   Thumb Code    68  stm32h7xx_hal_uart.o(.text.UART_EndTransmit_IT)
    [Anonymous Symbol]                       0x0800b0f8   Section        0  stm32h7xx_hal_uart.o(.text.UART_EndTransmit_IT)
    UART_EndTxTransfer                       0x0800b141   Thumb Code    92  stm32h7xx_hal_uart.o(.text.UART_EndTxTransfer)
    [Anonymous Symbol]                       0x0800b140   Section        0  stm32h7xx_hal_uart.o(.text.UART_EndTxTransfer)
    [Anonymous Symbol]                       0x0800b1a0   Section        0  bsp_uart.o(.text.UART_Register)
    [Anonymous Symbol]                       0x0800b278   Section        0  bsp_uart.o(.text.UART_Send)
    [Anonymous Symbol]                       0x0800b2f8   Section        0  bsp_uart.o(.text.UART_Service_Init)
    [Anonymous Symbol]                       0x0800b4e0   Section        0  stm32h7xx_hal_uart.o(.text.UART_SetConfig)
    [Anonymous Symbol]                       0x0800be08   Section        0  stm32h7xx_hal_uart.o(.text.UART_Start_Receive_DMA)
    UART_TxISR_16BIT                         0x0800bf39   Thumb Code   152  stm32h7xx_hal_uart.o(.text.UART_TxISR_16BIT)
    [Anonymous Symbol]                       0x0800bf38   Section        0  stm32h7xx_hal_uart.o(.text.UART_TxISR_16BIT)
    UART_TxISR_16BIT_FIFOEN                  0x0800bfd1   Thumb Code   206  stm32h7xx_hal_uart.o(.text.UART_TxISR_16BIT_FIFOEN)
    [Anonymous Symbol]                       0x0800bfd0   Section        0  stm32h7xx_hal_uart.o(.text.UART_TxISR_16BIT_FIFOEN)
    UART_TxISR_8BIT                          0x0800c0a1   Thumb Code   142  stm32h7xx_hal_uart.o(.text.UART_TxISR_8BIT)
    [Anonymous Symbol]                       0x0800c0a0   Section        0  stm32h7xx_hal_uart.o(.text.UART_TxISR_8BIT)
    UART_TxISR_8BIT_FIFOEN                   0x0800c131   Thumb Code   196  stm32h7xx_hal_uart.o(.text.UART_TxISR_8BIT_FIFOEN)
    [Anonymous Symbol]                       0x0800c130   Section        0  stm32h7xx_hal_uart.o(.text.UART_TxISR_8BIT_FIFOEN)
    [Anonymous Symbol]                       0x0800c1f8   Section        0  stm32h7xx_hal_uart.o(.text.UART_WaitOnFlagUntilTimeout)
    [Anonymous Symbol]                       0x0800c308   Section        0  stm32h7xx_it.o(.text.USART1_IRQHandler)
    [Anonymous Symbol]                       0x0800c318   Section        0  stm32h7xx_it.o(.text.UsageFault_Handler)
    [Anonymous Symbol]                       0x0800c320   Section        0  oled.o(.text._OLED_GetUTF8Len)
    __NVIC_EnableIRQ                         0x0800c399   Thumb Code    48  stm32h7xx_hal_cortex.o(.text.__NVIC_EnableIRQ)
    [Anonymous Symbol]                       0x0800c398   Section        0  stm32h7xx_hal_cortex.o(.text.__NVIC_EnableIRQ)
    __NVIC_GetPriorityGrouping               0x0800c3c9   Thumb Code    16  stm32h7xx_hal_cortex.o(.text.__NVIC_GetPriorityGrouping)
    [Anonymous Symbol]                       0x0800c3c8   Section        0  stm32h7xx_hal_cortex.o(.text.__NVIC_GetPriorityGrouping)
    __NVIC_SetPriority                       0x0800c3d9   Thumb Code    66  stm32h7xx_hal_cortex.o(.text.__NVIC_SetPriority)
    [Anonymous Symbol]                       0x0800c3d8   Section        0  stm32h7xx_hal_cortex.o(.text.__NVIC_SetPriority)
    __NVIC_SetPriorityGrouping               0x0800c421   Thumb Code    60  stm32h7xx_hal_cortex.o(.text.__NVIC_SetPriorityGrouping)
    [Anonymous Symbol]                       0x0800c420   Section        0  stm32h7xx_hal_cortex.o(.text.__NVIC_SetPriorityGrouping)
    [Anonymous Symbol]                       0x0800c460   Section        0  main.o(.text.main)
    $v0                                      0x0800c57a   Number         0  fpinit.o(x$fpl$fpinit)
    x$fpl$fpinit                             0x0800c57a   Section       26  fpinit.o(x$fpl$fpinit)
    .L__const.main.oled_init                 0x0800c594   Data           4  main.o(.rodata..L__const.main.oled_init)
    .L__const.main.uart1_init                0x0800c598   Data          12  main.o(.rodata..L__const.main.uart1_init)
    DMA_CalcBaseAndBitshift.flagBitshiftOffset 0x0800c5b4   Data           8  stm32h7xx_hal_dma.o(.rodata.DMA_CalcBaseAndBitshift.flagBitshiftOffset)
    [Anonymous Symbol]                       0x0800c5b4   Section        0  stm32h7xx_hal_dma.o(.rodata.DMA_CalcBaseAndBitshift.flagBitshiftOffset)
    UARTEx_SetNbDataToProcess.denominator    0x0800c5bc   Data           8  stm32h7xx_hal_uart_ex.o(.rodata.UARTEx_SetNbDataToProcess.denominator)
    [Anonymous Symbol]                       0x0800c5bc   Section        0  stm32h7xx_hal_uart_ex.o(.rodata.UARTEx_SetNbDataToProcess.denominator)
    UARTEx_SetNbDataToProcess.numerator      0x0800c5c4   Data           8  stm32h7xx_hal_uart_ex.o(.rodata.UARTEx_SetNbDataToProcess.numerator)
    [Anonymous Symbol]                       0x0800c5c4   Section        0  stm32h7xx_hal_uart_ex.o(.rodata.UARTEx_SetNbDataToProcess.numerator)
    .L.str.1                                 0x0800cbec   Data          19  main.o(.rodata.str1.1)
    [Anonymous Symbol]                       0x0800cbec   Section        0  main.o(.rodata.str1.1)
    .L.str                                   0x0800cbff   Data          13  main.o(.rodata.str1.1)
    .bss                                     0x24000010   Section       96  libspace.o(.bss)
    OLED_SendCmd.sendBuffer                  0x24000070   Data           2  oled.o(.bss.OLED_SendCmd.sendBuffer)
    [Anonymous Symbol]                       0x24000070   Section        0  oled.o(.bss.OLED_SendCmd.sendBuffer)
    OLED_SetByte_Fine.temp                   0x24000072   Data           1  oled.o(.bss.OLED_SetByte_Fine.temp)
    [Anonymous Symbol]                       0x24000072   Section        0  oled.o(.bss.OLED_SetByte_Fine.temp)
    OLED_ShowFrame.sendBuffer                0x24000073   Data         129  oled.o(.bss.OLED_ShowFrame.sendBuffer)
    [Anonymous Symbol]                       0x24000073   Section        0  oled.o(.bss.OLED_ShowFrame.sendBuffer)
    idx                                      0x240002cc   Data           1  bsp_uart.o(.bss.idx)
    [Anonymous Symbol]                       0x240002cc   Section        0  bsp_uart.o(.bss.idx)
    usart_instance                           0x240002e0   Data          20  bsp_uart.o(.bss.usart_instance)
    [Anonymous Symbol]                       0x240002e0   Section        0  bsp_uart.o(.bss.usart_instance)
    Heap_Mem                                 0x240002f8   Data         512  startup_stm32h750xx.o(HEAP)
    HEAP                                     0x240002f8   Section      512  startup_stm32h750xx.o(HEAP)
    Stack_Mem                                0x240004f8   Data        1024  startup_stm32h750xx.o(STACK)
    STACK                                    0x240004f8   Section     1024  startup_stm32h750xx.o(STACK)
    __initial_sp                             0x240008f8   Data           0  startup_stm32h750xx.o(STACK)

    Global Symbols

    Symbol Name                              Value     Ov Type        Size  Object(Section)

    BuildAttributes$$THM_ISAv4$E$P$D$K$B$S$7EM$VFPv5_D16$PE$PLD8$A:L22UL41UL21$X:L11$S22US41US21$IEEE1$IW$~IW$USESV6$~STKCKD$USESV7$~SHL$OTIME$ROPI$EBA8$UX$STANDARDLIB$REQ8$PRES8$EABIv2 0x00000000   Number         0  anon$$obj.o ABSOLUTE
    __ARM_exceptions_init                     - Undefined Weak Reference
    __alloca_initialize                       - Undefined Weak Reference
    __arm_preinit_                            - Undefined Weak Reference
    __arm_relocate_pie_                       - Undefined Weak Reference
    __cpp_initialize__aeabi_                  - Undefined Weak Reference
    __cxa_finalize                            - Undefined Weak Reference
    __rt_locale                               - Undefined Weak Reference
    __sigvec_lookup                           - Undefined Weak Reference
    __user_heap_extent                        - Undefined Weak Reference
    _atexit_init                              - Undefined Weak Reference
    _call_atexit_fns                          - Undefined Weak Reference
    _clock_init                               - Undefined Weak Reference
    _fp_trap_init                             - Undefined Weak Reference
    _fp_trap_shutdown                         - Undefined Weak Reference
    _get_lc_collate                           - Undefined Weak Reference
    _get_lc_ctype                             - Undefined Weak Reference
    _get_lc_monetary                          - Undefined Weak Reference
    _get_lc_numeric                           - Undefined Weak Reference
    _get_lc_time                              - Undefined Weak Reference
    _getenv_init                              - Undefined Weak Reference
    _handle_redirection                       - Undefined Weak Reference
    _initio                                   - Undefined Weak Reference
    _mutex_acquire                            - Undefined Weak Reference
    _mutex_free                               - Undefined Weak Reference
    _mutex_release                            - Undefined Weak Reference
    _rand_init                                - Undefined Weak Reference
    _signal_finish                            - Undefined Weak Reference
    _signal_init                              - Undefined Weak Reference
    _terminateio                              - Undefined Weak Reference
    __Vectors_Size                           0x00000298   Number         0  startup_stm32h750xx.o ABSOLUTE
    __Vectors                                0x08000000   Data           4  startup_stm32h750xx.o(RESET)
    __Vectors_End                            0x08000298   Data           0  startup_stm32h750xx.o(RESET)
    __main                                   0x08000299   Thumb Code     8  __main.o(!!!main)
    __scatterload                            0x080002a1   Thumb Code     0  __scatter.o(!!!scatter)
    __scatterload_rt2                        0x080002a1   Thumb Code    84  __scatter.o(!!!scatter)
    __scatterload_rt2_thumb_only             0x080002a1   Thumb Code     0  __scatter.o(!!!scatter)
    __scatterload_loop                       0x080002ab   Thumb Code     0  __scatter.o(!!!scatter)
    __scatterload_copy                       0x080002fd   Thumb Code    26  __scatter_copy.o(!!handler_copy)
    __scatterload_null                       0x08000319   Thumb Code     2  __scatter.o(!!handler_null)
    __scatterload_zeroinit                   0x0800031d   Thumb Code    28  __scatter_zi.o(!!handler_zi)
    __rt_lib_init                            0x08000339   Thumb Code     0  libinit.o(.ARM.Collect$$libinit$$00000000)
    __rt_lib_init_fp_1                       0x0800033b   Thumb Code     0  libinit2.o(.ARM.Collect$$libinit$$00000001)
    __rt_lib_init_heap_2                     0x0800033f   Thumb Code     0  libinit2.o(.ARM.Collect$$libinit$$00000007)
    __rt_lib_init_preinit_1                  0x0800033f   Thumb Code     0  libinit2.o(.ARM.Collect$$libinit$$00000006)
    __rt_lib_init_relocate_pie_1             0x0800033f   Thumb Code     0  libinit2.o(.ARM.Collect$$libinit$$00000004)
    __rt_lib_init_alloca_1                   0x08000347   Thumb Code     0  libinit2.o(.ARM.Collect$$libinit$$00000030)
    __rt_lib_init_argv_1                     0x08000347   Thumb Code     0  libinit2.o(.ARM.Collect$$libinit$$0000002E)
    __rt_lib_init_atexit_1                   0x08000347   Thumb Code     0  libinit2.o(.ARM.Collect$$libinit$$0000001D)
    __rt_lib_init_clock_1                    0x08000347   Thumb Code     0  libinit2.o(.ARM.Collect$$libinit$$00000023)
    __rt_lib_init_cpp_1                      0x08000347   Thumb Code     0  libinit2.o(.ARM.Collect$$libinit$$00000034)
    __rt_lib_init_exceptions_1               0x08000347   Thumb Code     0  libinit2.o(.ARM.Collect$$libinit$$00000032)
    __rt_lib_init_fp_trap_1                  0x08000347   Thumb Code     0  libinit2.o(.ARM.Collect$$libinit$$00000021)
    __rt_lib_init_getenv_1                   0x08000347   Thumb Code     0  libinit2.o(.ARM.Collect$$libinit$$00000025)
    __rt_lib_init_heap_1                     0x08000347   Thumb Code     0  libinit2.o(.ARM.Collect$$libinit$$0000000C)
    __rt_lib_init_lc_collate_1               0x08000347   Thumb Code     0  libinit2.o(.ARM.Collect$$libinit$$00000013)
    __rt_lib_init_lc_ctype_1                 0x08000347   Thumb Code     0  libinit2.o(.ARM.Collect$$libinit$$00000015)
    __rt_lib_init_lc_monetary_1              0x08000347   Thumb Code     0  libinit2.o(.ARM.Collect$$libinit$$00000017)
    __rt_lib_init_lc_numeric_1               0x08000347   Thumb Code     0  libinit2.o(.ARM.Collect$$libinit$$00000019)
    __rt_lib_init_lc_time_1                  0x08000347   Thumb Code     0  libinit2.o(.ARM.Collect$$libinit$$0000001B)
    __rt_lib_init_rand_1                     0x08000347   Thumb Code     0  libinit2.o(.ARM.Collect$$libinit$$00000010)
    __rt_lib_init_return                     0x08000347   Thumb Code     0  libinit2.o(.ARM.Collect$$libinit$$00000035)
    __rt_lib_init_signal_1                   0x08000347   Thumb Code     0  libinit2.o(.ARM.Collect$$libinit$$0000001F)
    __rt_lib_init_stdio_1                    0x08000347   Thumb Code     0  libinit2.o(.ARM.Collect$$libinit$$00000027)
    __rt_lib_init_user_alloc_1               0x08000347   Thumb Code     0  libinit2.o(.ARM.Collect$$libinit$$0000000E)
    __rt_lib_shutdown                        0x08000349   Thumb Code     0  libshutdown.o(.ARM.Collect$$libshutdown$$00000000)
    __rt_lib_shutdown_cpp_1                  0x0800034b   Thumb Code     0  libshutdown2.o(.ARM.Collect$$libshutdown$$00000002)
    __rt_lib_shutdown_fp_trap_1              0x0800034b   Thumb Code     0  libshutdown2.o(.ARM.Collect$$libshutdown$$00000007)
    __rt_lib_shutdown_heap_1                 0x0800034b   Thumb Code     0  libshutdown2.o(.ARM.Collect$$libshutdown$$0000000F)
    __rt_lib_shutdown_return                 0x0800034b   Thumb Code     0  libshutdown2.o(.ARM.Collect$$libshutdown$$00000010)
    __rt_lib_shutdown_signal_1               0x0800034b   Thumb Code     0  libshutdown2.o(.ARM.Collect$$libshutdown$$0000000A)
    __rt_lib_shutdown_stdio_1                0x0800034b   Thumb Code     0  libshutdown2.o(.ARM.Collect$$libshutdown$$00000004)
    __rt_lib_shutdown_user_alloc_1           0x0800034b   Thumb Code     0  libshutdown2.o(.ARM.Collect$$libshutdown$$0000000C)
    __rt_entry                               0x0800034d   Thumb Code     0  __rtentry.o(.ARM.Collect$$rtentry$$00000000)
    __rt_entry_presh_1                       0x0800034d   Thumb Code     0  __rtentry2.o(.ARM.Collect$$rtentry$$00000002)
    __rt_entry_sh                            0x0800034d   Thumb Code     0  __rtentry4.o(.ARM.Collect$$rtentry$$00000004)
    __rt_entry_li                            0x08000353   Thumb Code     0  __rtentry2.o(.ARM.Collect$$rtentry$$0000000A)
    __rt_entry_postsh_1                      0x08000353   Thumb Code     0  __rtentry2.o(.ARM.Collect$$rtentry$$00000009)
    __rt_entry_main                          0x08000357   Thumb Code     0  __rtentry2.o(.ARM.Collect$$rtentry$$0000000D)
    __rt_entry_postli_1                      0x08000357   Thumb Code     0  __rtentry2.o(.ARM.Collect$$rtentry$$0000000C)
    __rt_exit                                0x0800035f   Thumb Code     0  rtexit.o(.ARM.Collect$$rtexit$$00000000)
    __rt_exit_ls                             0x08000361   Thumb Code     0  rtexit2.o(.ARM.Collect$$rtexit$$00000003)
    __rt_exit_prels_1                        0x08000361   Thumb Code     0  rtexit2.o(.ARM.Collect$$rtexit$$00000002)
    __rt_exit_exit                           0x08000365   Thumb Code     0  rtexit2.o(.ARM.Collect$$rtexit$$00000004)
    Reset_Handler                            0x0800036d   Thumb Code    12  startup_stm32h750xx.o(.text)
    ADC3_IRQHandler                          0x0800038b   Thumb Code     0  startup_stm32h750xx.o(.text)
    ADC_IRQHandler                           0x0800038b   Thumb Code     0  startup_stm32h750xx.o(.text)
    BDMA_Channel0_IRQHandler                 0x0800038b   Thumb Code     0  startup_stm32h750xx.o(.text)
    BDMA_Channel1_IRQHandler                 0x0800038b   Thumb Code     0  startup_stm32h750xx.o(.text)
    BDMA_Channel2_IRQHandler                 0x0800038b   Thumb Code     0  startup_stm32h750xx.o(.text)
    BDMA_Channel3_IRQHandler                 0x0800038b   Thumb Code     0  startup_stm32h750xx.o(.text)
    BDMA_Channel4_IRQHandler                 0x0800038b   Thumb Code     0  startup_stm32h750xx.o(.text)
    BDMA_Channel5_IRQHandler                 0x0800038b   Thumb Code     0  startup_stm32h750xx.o(.text)
    BDMA_Channel6_IRQHandler                 0x0800038b   Thumb Code     0  startup_stm32h750xx.o(.text)
    BDMA_Channel7_IRQHandler                 0x0800038b   Thumb Code     0  startup_stm32h750xx.o(.text)
    CEC_IRQHandler                           0x0800038b   Thumb Code     0  startup_stm32h750xx.o(.text)
    COMP1_IRQHandler                         0x0800038b   Thumb Code     0  startup_stm32h750xx.o(.text)
    CRS_IRQHandler                           0x0800038b   Thumb Code     0  startup_stm32h750xx.o(.text)
    CRYP_IRQHandler                          0x0800038b   Thumb Code     0  startup_stm32h750xx.o(.text)
    DCMI_IRQHandler                          0x0800038b   Thumb Code     0  startup_stm32h750xx.o(.text)
    DFSDM1_FLT0_IRQHandler                   0x0800038b   Thumb Code     0  startup_stm32h750xx.o(.text)
    DFSDM1_FLT1_IRQHandler                   0x0800038b   Thumb Code     0  startup_stm32h750xx.o(.text)
    DFSDM1_FLT2_IRQHandler                   0x0800038b   Thumb Code     0  startup_stm32h750xx.o(.text)
    DFSDM1_FLT3_IRQHandler                   0x0800038b   Thumb Code     0  startup_stm32h750xx.o(.text)
    DMA1_Stream2_IRQHandler                  0x0800038b   Thumb Code     0  startup_stm32h750xx.o(.text)
    DMA1_Stream3_IRQHandler                  0x0800038b   Thumb Code     0  startup_stm32h750xx.o(.text)
    DMA1_Stream4_IRQHandler                  0x0800038b   Thumb Code     0  startup_stm32h750xx.o(.text)
    DMA1_Stream5_IRQHandler                  0x0800038b   Thumb Code     0  startup_stm32h750xx.o(.text)
    DMA1_Stream6_IRQHandler                  0x0800038b   Thumb Code     0  startup_stm32h750xx.o(.text)
    DMA1_Stream7_IRQHandler                  0x0800038b   Thumb Code     0  startup_stm32h750xx.o(.text)
    DMA2D_IRQHandler                         0x0800038b   Thumb Code     0  startup_stm32h750xx.o(.text)
    DMA2_Stream0_IRQHandler                  0x0800038b   Thumb Code     0  startup_stm32h750xx.o(.text)
    DMA2_Stream1_IRQHandler                  0x0800038b   Thumb Code     0  startup_stm32h750xx.o(.text)
    DMA2_Stream2_IRQHandler                  0x0800038b   Thumb Code     0  startup_stm32h750xx.o(.text)
    DMA2_Stream3_IRQHandler                  0x0800038b   Thumb Code     0  startup_stm32h750xx.o(.text)
    DMA2_Stream4_IRQHandler                  0x0800038b   Thumb Code     0  startup_stm32h750xx.o(.text)
    DMA2_Stream5_IRQHandler                  0x0800038b   Thumb Code     0  startup_stm32h750xx.o(.text)
    DMA2_Stream6_IRQHandler                  0x0800038b   Thumb Code     0  startup_stm32h750xx.o(.text)
    DMA2_Stream7_IRQHandler                  0x0800038b   Thumb Code     0  startup_stm32h750xx.o(.text)
    DMAMUX1_OVR_IRQHandler                   0x0800038b   Thumb Code     0  startup_stm32h750xx.o(.text)
    DMAMUX2_OVR_IRQHandler                   0x0800038b   Thumb Code     0  startup_stm32h750xx.o(.text)
    ECC_IRQHandler                           0x0800038b   Thumb Code     0  startup_stm32h750xx.o(.text)
    ETH_IRQHandler                           0x0800038b   Thumb Code     0  startup_stm32h750xx.o(.text)
    ETH_WKUP_IRQHandler                      0x0800038b   Thumb Code     0  startup_stm32h750xx.o(.text)
    EXTI1_IRQHandler                         0x0800038b   Thumb Code     0  startup_stm32h750xx.o(.text)
    EXTI2_IRQHandler                         0x0800038b   Thumb Code     0  startup_stm32h750xx.o(.text)
    EXTI3_IRQHandler                         0x0800038b   Thumb Code     0  startup_stm32h750xx.o(.text)
    EXTI4_IRQHandler                         0x0800038b   Thumb Code     0  startup_stm32h750xx.o(.text)
    EXTI9_5_IRQHandler                       0x0800038b   Thumb Code     0  startup_stm32h750xx.o(.text)
    FDCAN1_IT0_IRQHandler                    0x0800038b   Thumb Code     0  startup_stm32h750xx.o(.text)
    FDCAN1_IT1_IRQHandler                    0x0800038b   Thumb Code     0  startup_stm32h750xx.o(.text)
    FDCAN2_IT0_IRQHandler                    0x0800038b   Thumb Code     0  startup_stm32h750xx.o(.text)
    FDCAN2_IT1_IRQHandler                    0x0800038b   Thumb Code     0  startup_stm32h750xx.o(.text)
    FDCAN_CAL_IRQHandler                     0x0800038b   Thumb Code     0  startup_stm32h750xx.o(.text)
    FLASH_IRQHandler                         0x0800038b   Thumb Code     0  startup_stm32h750xx.o(.text)
    FMC_IRQHandler                           0x0800038b   Thumb Code     0  startup_stm32h750xx.o(.text)
    FPU_IRQHandler                           0x0800038b   Thumb Code     0  startup_stm32h750xx.o(.text)
    HASH_RNG_IRQHandler                      0x0800038b   Thumb Code     0  startup_stm32h750xx.o(.text)
    HRTIM1_FLT_IRQHandler                    0x0800038b   Thumb Code     0  startup_stm32h750xx.o(.text)
    HRTIM1_Master_IRQHandler                 0x0800038b   Thumb Code     0  startup_stm32h750xx.o(.text)
    HRTIM1_TIMA_IRQHandler                   0x0800038b   Thumb Code     0  startup_stm32h750xx.o(.text)
    HRTIM1_TIMB_IRQHandler                   0x0800038b   Thumb Code     0  startup_stm32h750xx.o(.text)
    HRTIM1_TIMC_IRQHandler                   0x0800038b   Thumb Code     0  startup_stm32h750xx.o(.text)
    HRTIM1_TIMD_IRQHandler                   0x0800038b   Thumb Code     0  startup_stm32h750xx.o(.text)
    HRTIM1_TIME_IRQHandler                   0x0800038b   Thumb Code     0  startup_stm32h750xx.o(.text)
    HSEM1_IRQHandler                         0x0800038b   Thumb Code     0  startup_stm32h750xx.o(.text)
    I2C1_ER_IRQHandler                       0x0800038b   Thumb Code     0  startup_stm32h750xx.o(.text)
    I2C1_EV_IRQHandler                       0x0800038b   Thumb Code     0  startup_stm32h750xx.o(.text)
    I2C2_ER_IRQHandler                       0x0800038b   Thumb Code     0  startup_stm32h750xx.o(.text)
    I2C2_EV_IRQHandler                       0x0800038b   Thumb Code     0  startup_stm32h750xx.o(.text)
    I2C3_ER_IRQHandler                       0x0800038b   Thumb Code     0  startup_stm32h750xx.o(.text)
    I2C3_EV_IRQHandler                       0x0800038b   Thumb Code     0  startup_stm32h750xx.o(.text)
    I2C4_ER_IRQHandler                       0x0800038b   Thumb Code     0  startup_stm32h750xx.o(.text)
    I2C4_EV_IRQHandler                       0x0800038b   Thumb Code     0  startup_stm32h750xx.o(.text)
    JPEG_IRQHandler                          0x0800038b   Thumb Code     0  startup_stm32h750xx.o(.text)
    LPTIM1_IRQHandler                        0x0800038b   Thumb Code     0  startup_stm32h750xx.o(.text)
    LPTIM2_IRQHandler                        0x0800038b   Thumb Code     0  startup_stm32h750xx.o(.text)
    LPTIM3_IRQHandler                        0x0800038b   Thumb Code     0  startup_stm32h750xx.o(.text)
    LPTIM4_IRQHandler                        0x0800038b   Thumb Code     0  startup_stm32h750xx.o(.text)
    LPTIM5_IRQHandler                        0x0800038b   Thumb Code     0  startup_stm32h750xx.o(.text)
    LPUART1_IRQHandler                       0x0800038b   Thumb Code     0  startup_stm32h750xx.o(.text)
    LTDC_ER_IRQHandler                       0x0800038b   Thumb Code     0  startup_stm32h750xx.o(.text)
    LTDC_IRQHandler                          0x0800038b   Thumb Code     0  startup_stm32h750xx.o(.text)
    MDIOS_IRQHandler                         0x0800038b   Thumb Code     0  startup_stm32h750xx.o(.text)
    MDIOS_WKUP_IRQHandler                    0x0800038b   Thumb Code     0  startup_stm32h750xx.o(.text)
    MDMA_IRQHandler                          0x0800038b   Thumb Code     0  startup_stm32h750xx.o(.text)
    OTG_FS_EP1_IN_IRQHandler                 0x0800038b   Thumb Code     0  startup_stm32h750xx.o(.text)
    OTG_FS_EP1_OUT_IRQHandler                0x0800038b   Thumb Code     0  startup_stm32h750xx.o(.text)
    OTG_FS_IRQHandler                        0x0800038b   Thumb Code     0  startup_stm32h750xx.o(.text)
    OTG_FS_WKUP_IRQHandler                   0x0800038b   Thumb Code     0  startup_stm32h750xx.o(.text)
    OTG_HS_EP1_IN_IRQHandler                 0x0800038b   Thumb Code     0  startup_stm32h750xx.o(.text)
    OTG_HS_EP1_OUT_IRQHandler                0x0800038b   Thumb Code     0  startup_stm32h750xx.o(.text)
    OTG_HS_IRQHandler                        0x0800038b   Thumb Code     0  startup_stm32h750xx.o(.text)
    OTG_HS_WKUP_IRQHandler                   0x0800038b   Thumb Code     0  startup_stm32h750xx.o(.text)
    PVD_AVD_IRQHandler                       0x0800038b   Thumb Code     0  startup_stm32h750xx.o(.text)
    QUADSPI_IRQHandler                       0x0800038b   Thumb Code     0  startup_stm32h750xx.o(.text)
    RCC_IRQHandler                           0x0800038b   Thumb Code     0  startup_stm32h750xx.o(.text)
    RTC_Alarm_IRQHandler                     0x0800038b   Thumb Code     0  startup_stm32h750xx.o(.text)
    RTC_WKUP_IRQHandler                      0x0800038b   Thumb Code     0  startup_stm32h750xx.o(.text)
    SAI1_IRQHandler                          0x0800038b   Thumb Code     0  startup_stm32h750xx.o(.text)
    SAI2_IRQHandler                          0x0800038b   Thumb Code     0  startup_stm32h750xx.o(.text)
    SAI3_IRQHandler                          0x0800038b   Thumb Code     0  startup_stm32h750xx.o(.text)
    SAI4_IRQHandler                          0x0800038b   Thumb Code     0  startup_stm32h750xx.o(.text)
    SDMMC1_IRQHandler                        0x0800038b   Thumb Code     0  startup_stm32h750xx.o(.text)
    SDMMC2_IRQHandler                        0x0800038b   Thumb Code     0  startup_stm32h750xx.o(.text)
    SPDIF_RX_IRQHandler                      0x0800038b   Thumb Code     0  startup_stm32h750xx.o(.text)
    SPI1_IRQHandler                          0x0800038b   Thumb Code     0  startup_stm32h750xx.o(.text)
    SPI2_IRQHandler                          0x0800038b   Thumb Code     0  startup_stm32h750xx.o(.text)
    SPI3_IRQHandler                          0x0800038b   Thumb Code     0  startup_stm32h750xx.o(.text)
    SPI4_IRQHandler                          0x0800038b   Thumb Code     0  startup_stm32h750xx.o(.text)
    SPI5_IRQHandler                          0x0800038b   Thumb Code     0  startup_stm32h750xx.o(.text)
    SPI6_IRQHandler                          0x0800038b   Thumb Code     0  startup_stm32h750xx.o(.text)
    SWPMI1_IRQHandler                        0x0800038b   Thumb Code     0  startup_stm32h750xx.o(.text)
    TAMP_STAMP_IRQHandler                    0x0800038b   Thumb Code     0  startup_stm32h750xx.o(.text)
    TIM15_IRQHandler                         0x0800038b   Thumb Code     0  startup_stm32h750xx.o(.text)
    TIM16_IRQHandler                         0x0800038b   Thumb Code     0  startup_stm32h750xx.o(.text)
    TIM17_IRQHandler                         0x0800038b   Thumb Code     0  startup_stm32h750xx.o(.text)
    TIM1_BRK_IRQHandler                      0x0800038b   Thumb Code     0  startup_stm32h750xx.o(.text)
    TIM1_CC_IRQHandler                       0x0800038b   Thumb Code     0  startup_stm32h750xx.o(.text)
    TIM1_TRG_COM_IRQHandler                  0x0800038b   Thumb Code     0  startup_stm32h750xx.o(.text)
    TIM1_UP_IRQHandler                       0x0800038b   Thumb Code     0  startup_stm32h750xx.o(.text)
    TIM2_IRQHandler                          0x0800038b   Thumb Code     0  startup_stm32h750xx.o(.text)
    TIM3_IRQHandler                          0x0800038b   Thumb Code     0  startup_stm32h750xx.o(.text)
    TIM4_IRQHandler                          0x0800038b   Thumb Code     0  startup_stm32h750xx.o(.text)
    TIM5_IRQHandler                          0x0800038b   Thumb Code     0  startup_stm32h750xx.o(.text)
    TIM6_DAC_IRQHandler                      0x0800038b   Thumb Code     0  startup_stm32h750xx.o(.text)
    TIM7_IRQHandler                          0x0800038b   Thumb Code     0  startup_stm32h750xx.o(.text)
    TIM8_BRK_TIM12_IRQHandler                0x0800038b   Thumb Code     0  startup_stm32h750xx.o(.text)
    TIM8_CC_IRQHandler                       0x0800038b   Thumb Code     0  startup_stm32h750xx.o(.text)
    TIM8_TRG_COM_TIM14_IRQHandler            0x0800038b   Thumb Code     0  startup_stm32h750xx.o(.text)
    TIM8_UP_TIM13_IRQHandler                 0x0800038b   Thumb Code     0  startup_stm32h750xx.o(.text)
    UART4_IRQHandler                         0x0800038b   Thumb Code     0  startup_stm32h750xx.o(.text)
    UART5_IRQHandler                         0x0800038b   Thumb Code     0  startup_stm32h750xx.o(.text)
    UART7_IRQHandler                         0x0800038b   Thumb Code     0  startup_stm32h750xx.o(.text)
    UART8_IRQHandler                         0x0800038b   Thumb Code     0  startup_stm32h750xx.o(.text)
    USART2_IRQHandler                        0x0800038b   Thumb Code     0  startup_stm32h750xx.o(.text)
    USART3_IRQHandler                        0x0800038b   Thumb Code     0  startup_stm32h750xx.o(.text)
    USART6_IRQHandler                        0x0800038b   Thumb Code     0  startup_stm32h750xx.o(.text)
    WAKEUP_PIN_IRQHandler                    0x0800038b   Thumb Code     0  startup_stm32h750xx.o(.text)
    WWDG_IRQHandler                          0x0800038b   Thumb Code     0  startup_stm32h750xx.o(.text)
    __user_initial_stackheap                 0x0800038d   Thumb Code     0  startup_stm32h750xx.o(.text)
    malloc                                   0x080003b5   Thumb Code    94  h1_alloc.o(.text)
    __aeabi_uldivmod                         0x08000413   Thumb Code     0  lludivv7m.o(.text)
    _ll_udiv                                 0x08000413   Thumb Code   240  lludivv7m.o(.text)
    memcmp                                   0x08000503   Thumb Code    88  memcmp.o(.text)
    __aeabi_memcpy                           0x0800055b   Thumb Code     0  rt_memcpy_v6.o(.text)
    __rt_memcpy                              0x0800055b   Thumb Code   138  rt_memcpy_v6.o(.text)
    _memcpy_lastbytes                        0x080005c1   Thumb Code     0  rt_memcpy_v6.o(.text)
    __aeabi_memclr4                          0x080005e5   Thumb Code     0  rt_memclr_w.o(.text)
    __aeabi_memclr8                          0x080005e5   Thumb Code     0  rt_memclr_w.o(.text)
    __rt_memclr_w                            0x080005e5   Thumb Code     0  rt_memclr_w.o(.text)
    _memset_w                                0x080005e9   Thumb Code    74  rt_memclr_w.o(.text)
    __use_two_region_memory                  0x08000633   Thumb Code     2  heapauxi.o(.text)
    __rt_heap_escrow                         0x08000635   Thumb Code     2  heapauxi.o(.text)
    __rt_heap_expand                         0x08000637   Thumb Code     2  heapauxi.o(.text)
    __rt_heap_descriptor                     0x08000639   Thumb Code     8  rt_heap_descriptor_intlibspace.o(.text)
    __use_no_heap                            0x08000641   Thumb Code     2  hguard.o(.text)
    __heap$guard                             0x08000643   Thumb Code     2  hguard.o(.text)
    _terminate_user_alloc                    0x08000645   Thumb Code     2  init_alloc.o(.text)
    _init_user_alloc                         0x08000647   Thumb Code     2  init_alloc.o(.text)
    __Heap_Full                              0x08000649   Thumb Code    34  init_alloc.o(.text)
    __Heap_Broken                            0x0800066b   Thumb Code     6  init_alloc.o(.text)
    _init_alloc                              0x08000671   Thumb Code    94  init_alloc.o(.text)
    __Heap_Initialize                        0x080006cf   Thumb Code     8  h1_init.o(.text)
    __Heap_DescSize                          0x080006d7   Thumb Code     4  h1_init.o(.text)
    free                                     0x080006db   Thumb Code    78  h1_free.o(.text)
    __aeabi_memcpy4                          0x08000729   Thumb Code     0  rt_memcpy_w.o(.text)
    __aeabi_memcpy8                          0x08000729   Thumb Code     0  rt_memcpy_w.o(.text)
    __rt_memcpy_w                            0x08000729   Thumb Code   100  rt_memcpy_w.o(.text)
    _memcpy_lastbytes_aligned                0x08000771   Thumb Code     0  rt_memcpy_w.o(.text)
    __user_libspace                          0x0800078d   Thumb Code     8  libspace.o(.text)
    __user_perproc_libspace                  0x0800078d   Thumb Code     0  libspace.o(.text)
    __user_perthread_libspace                0x0800078d   Thumb Code     0  libspace.o(.text)
    __Heap_ProvideMemory                     0x08000795   Thumb Code    52  h1_extend.o(.text)
    _maybe_terminate_alloc                   0x08000795   Thumb Code     0  maybetermalloc1.o(.text)
    __rt_SIGRTMEM                            0x080007c9   Thumb Code    14  defsig_rtmem_outer.o(.text)
    __I$use$semihosting                      0x080007d7   Thumb Code     0  use_no_semi.o(.text)
    __use_no_semihosting_swi                 0x080007d7   Thumb Code     2  use_no_semi.o(.text)
    __semihosting_library_function           0x080007d9   Thumb Code     0  indicate_semi.o(.text)
    __user_setup_stackheap                   0x080007d9   Thumb Code    74  sys_stackheap_outer.o(.text)
    exit                                     0x08000823   Thumb Code    18  exit.o(.text)
    __sig_exit                               0x08000835   Thumb Code    10  defsig_exit.o(.text)
    __rt_SIGRTMEM_inner                      0x08000841   Thumb Code    22  defsig_rtmem_inner.o(.text)
    _sys_exit                                0x08000891   Thumb Code     8  sys_exit.o(.text)
    __default_signal_display                 0x0800089d   Thumb Code    50  defsig_general.o(.text)
    _ttywrch                                 0x080008cf   Thumb Code    14  sys_wrch.o(.text)
    BusFault_Handler                         0x080008e1   Thumb Code     4  stm32h7xx_it.o(.text.BusFault_Handler)
    DMA1_Stream0_IRQHandler                  0x080008e9   Thumb Code    16  stm32h7xx_it.o(.text.DMA1_Stream0_IRQHandler)
    DMA1_Stream1_IRQHandler                  0x080008f9   Thumb Code    16  stm32h7xx_it.o(.text.DMA1_Stream1_IRQHandler)
    DebugMon_Handler                         0x08001389   Thumb Code     2  stm32h7xx_it.o(.text.DebugMon_Handler)
    EXTI0_IRQHandler                         0x08001391   Thumb Code    10  stm32h7xx_it.o(.text.EXTI0_IRQHandler)
    EXTI15_10_IRQHandler                     0x080013a1   Thumb Code    12  stm32h7xx_it.o(.text.EXTI15_10_IRQHandler)
    Error_Handler                            0x080013b1   Thumb Code    14  main.o(.text.Error_Handler)
    ExitRun0Mode                             0x080013c1   Thumb Code    40  system_stm32h7xx.o(.text.ExitRun0Mode)
    HAL_DMA_Abort                            0x080013e9   Thumb Code  2424  stm32h7xx_hal_dma.o(.text.HAL_DMA_Abort)
    HAL_DMA_Abort_IT                         0x08001d61   Thumb Code  1706  stm32h7xx_hal_dma.o(.text.HAL_DMA_Abort_IT)
    HAL_DMA_IRQHandler                       0x08002411   Thumb Code  4544  stm32h7xx_hal_dma.o(.text.HAL_DMA_IRQHandler)
    HAL_DMA_Init                             0x080035d1   Thumb Code  2402  stm32h7xx_hal_dma.o(.text.HAL_DMA_Init)
    HAL_DMA_Start_IT                         0x08003f39   Thumb Code  1794  stm32h7xx_hal_dma.o(.text.HAL_DMA_Start_IT)
    HAL_Delay                                0x08004641   Thumb Code    66  stm32h7xx_hal.o(.text.HAL_Delay)
    HAL_GPIO_EXTI_Callback                   0x08004689   Thumb Code    10  stm32h7xx_hal_gpio.o(.text.HAL_GPIO_EXTI_Callback)
    HAL_GPIO_EXTI_IRQHandler                 0x08004699   Thumb Code    52  stm32h7xx_hal_gpio.o(.text.HAL_GPIO_EXTI_IRQHandler)
    HAL_GPIO_Init                            0x080046d1   Thumb Code   964  stm32h7xx_hal_gpio.o(.text.HAL_GPIO_Init)
    HAL_GPIO_WritePin                        0x08004a99   Thumb Code    46  stm32h7xx_hal_gpio.o(.text.HAL_GPIO_WritePin)
    HAL_GetREVID                             0x08004ac9   Thumb Code    14  stm32h7xx_hal.o(.text.HAL_GetREVID)
    HAL_GetTick                              0x08004ad9   Thumb Code    12  stm32h7xx_hal.o(.text.HAL_GetTick)
    HAL_I2CEx_ConfigAnalogFilter             0x08004ae9   Thumb Code   152  stm32h7xx_hal_i2c_ex.o(.text.HAL_I2CEx_ConfigAnalogFilter)
    HAL_I2CEx_ConfigDigitalFilter            0x08004b81   Thumb Code   162  stm32h7xx_hal_i2c_ex.o(.text.HAL_I2CEx_ConfigDigitalFilter)
    HAL_I2C_Init                             0x08004c29   Thumb Code   276  stm32h7xx_hal_i2c.o(.text.HAL_I2C_Init)
    HAL_I2C_Master_Transmit                  0x08004d41   Thumb Code   594  stm32h7xx_hal_i2c.o(.text.HAL_I2C_Master_Transmit)
    HAL_I2C_MspInit                          0x08004f99   Thumb Code   172  i2c.o(.text.HAL_I2C_MspInit)
    HAL_IncTick                              0x08005049   Thumb Code    26  stm32h7xx_hal.o(.text.HAL_IncTick)
    HAL_Init                                 0x08005069   Thumb Code   122  stm32h7xx_hal.o(.text.HAL_Init)
    HAL_InitTick                             0x080050e9   Thumb Code   134  stm32h7xx_hal.o(.text.HAL_InitTick)
    HAL_MPU_ConfigRegion                     0x08005171   Thumb Code   128  stm32h7xx_hal_cortex.o(.text.HAL_MPU_ConfigRegion)
    HAL_MPU_Disable                          0x080051f1   Thumb Code    34  stm32h7xx_hal_cortex.o(.text.HAL_MPU_Disable)
    HAL_MPU_Enable                           0x08005219   Thumb Code    48  stm32h7xx_hal_cortex.o(.text.HAL_MPU_Enable)
    HAL_MspInit                              0x08005249   Thumb Code    36  stm32h7xx_hal_msp.o(.text.HAL_MspInit)
    HAL_NVIC_EnableIRQ                       0x08005271   Thumb Code    20  stm32h7xx_hal_cortex.o(.text.HAL_NVIC_EnableIRQ)
    HAL_NVIC_SetPriority                     0x08005289   Thumb Code    46  stm32h7xx_hal_cortex.o(.text.HAL_NVIC_SetPriority)
    HAL_NVIC_SetPriorityGrouping             0x080052b9   Thumb Code    16  stm32h7xx_hal_cortex.o(.text.HAL_NVIC_SetPriorityGrouping)
    HAL_PWREx_ConfigSupply                   0x080052c9   Thumb Code   162  stm32h7xx_hal_pwr_ex.o(.text.HAL_PWREx_ConfigSupply)
    HAL_RCCEx_GetD3PCLK1Freq                 0x08005371   Thumb Code    38  stm32h7xx_hal_rcc_ex.o(.text.HAL_RCCEx_GetD3PCLK1Freq)
    HAL_RCCEx_GetPLL2ClockFreq               0x08005399   Thumb Code   668  stm32h7xx_hal_rcc_ex.o(.text.HAL_RCCEx_GetPLL2ClockFreq)
    HAL_RCCEx_GetPLL3ClockFreq               0x08005649   Thumb Code   668  stm32h7xx_hal_rcc_ex.o(.text.HAL_RCCEx_GetPLL3ClockFreq)
    HAL_RCCEx_PeriphCLKConfig                0x080058f9   Thumb Code  4256  stm32h7xx_hal_rcc_ex.o(.text.HAL_RCCEx_PeriphCLKConfig)
    HAL_RCC_ClockConfig                      0x08006999   Thumb Code  1176  stm32h7xx_hal_rcc.o(.text.HAL_RCC_ClockConfig)
    HAL_RCC_GetHCLKFreq                      0x08006e31   Thumb Code    86  stm32h7xx_hal_rcc.o(.text.HAL_RCC_GetHCLKFreq)
    HAL_RCC_GetPCLK1Freq                     0x08006e89   Thumb Code    38  stm32h7xx_hal_rcc.o(.text.HAL_RCC_GetPCLK1Freq)
    HAL_RCC_GetPCLK2Freq                     0x08006eb1   Thumb Code    38  stm32h7xx_hal_rcc.o(.text.HAL_RCC_GetPCLK2Freq)
    HAL_RCC_GetSysClockFreq                  0x08006ed9   Thumb Code   768  stm32h7xx_hal_rcc.o(.text.HAL_RCC_GetSysClockFreq)
    HAL_RCC_OscConfig                        0x080071e9   Thumb Code  2904  stm32h7xx_hal_rcc.o(.text.HAL_RCC_OscConfig)
    HAL_SYSTICK_Config                       0x08007d41   Thumb Code    16  stm32h7xx_hal_cortex.o(.text.HAL_SYSTICK_Config)
    HAL_UARTEx_DisableFifoMode               0x08007d51   Thumb Code   124  stm32h7xx_hal_uart_ex.o(.text.HAL_UARTEx_DisableFifoMode)
    HAL_UARTEx_ReceiveToIdle_DMA             0x08007dd1   Thumb Code   176  stm32h7xx_hal_uart_ex.o(.text.HAL_UARTEx_ReceiveToIdle_DMA)
    HAL_UARTEx_RxEventCallback               0x08007e81   Thumb Code   904  bsp_uart.o(.text.HAL_UARTEx_RxEventCallback)
    HAL_UARTEx_RxFifoFullCallback            0x08008209   Thumb Code     8  stm32h7xx_hal_uart_ex.o(.text.HAL_UARTEx_RxFifoFullCallback)
    HAL_UARTEx_SetRxFifoThreshold            0x08008211   Thumb Code   140  stm32h7xx_hal_uart_ex.o(.text.HAL_UARTEx_SetRxFifoThreshold)
    HAL_UARTEx_SetTxFifoThreshold            0x080082a1   Thumb Code   140  stm32h7xx_hal_uart_ex.o(.text.HAL_UARTEx_SetTxFifoThreshold)
    HAL_UARTEx_TxFifoEmptyCallback           0x08008331   Thumb Code     8  stm32h7xx_hal_uart_ex.o(.text.HAL_UARTEx_TxFifoEmptyCallback)
    HAL_UARTEx_WakeupCallback                0x08008339   Thumb Code     8  stm32h7xx_hal_uart_ex.o(.text.HAL_UARTEx_WakeupCallback)
    HAL_UART_ErrorCallback                   0x08008341   Thumb Code   824  bsp_uart.o(.text.HAL_UART_ErrorCallback)
    HAL_UART_IRQHandler                      0x08008679   Thumb Code  1790  stm32h7xx_hal_uart.o(.text.HAL_UART_IRQHandler)
    HAL_UART_Init                            0x08008d79   Thumb Code   170  stm32h7xx_hal_uart.o(.text.HAL_UART_Init)
    HAL_UART_MspInit                         0x08008e29   Thumb Code   364  usart.o(.text.HAL_UART_MspInit)
    HAL_UART_RxCpltCallback                  0x08008f99   Thumb Code     8  stm32h7xx_hal_uart.o(.text.HAL_UART_RxCpltCallback)
    HAL_UART_RxHalfCpltCallback              0x08008fa1   Thumb Code     8  stm32h7xx_hal_uart.o(.text.HAL_UART_RxHalfCpltCallback)
    HAL_UART_Transmit                        0x08008fa9   Thumb Code   312  stm32h7xx_hal_uart.o(.text.HAL_UART_Transmit)
    HAL_UART_Transmit_DMA                    0x080090e1   Thumb Code   264  stm32h7xx_hal_uart.o(.text.HAL_UART_Transmit_DMA)
    HAL_UART_Transmit_IT                     0x080091e9   Thumb Code   304  stm32h7xx_hal_uart.o(.text.HAL_UART_Transmit_IT)
    HAL_UART_TxCpltCallback                  0x08009319   Thumb Code     8  stm32h7xx_hal_uart.o(.text.HAL_UART_TxCpltCallback)
    HAL_UART_TxHalfCpltCallback              0x08009321   Thumb Code     8  stm32h7xx_hal_uart.o(.text.HAL_UART_TxHalfCpltCallback)
    HardFault_Handler                        0x08009329   Thumb Code     4  stm32h7xx_it.o(.text.HardFault_Handler)
    LED_Off                                  0x080097e9   Thumb Code    32  led.o(.text.LED_Off)
    LED_On                                   0x08009809   Thumb Code    34  led.o(.text.LED_On)
    LED_Register                             0x08009831   Thumb Code    90  led.o(.text.LED_Register)
    MX_DMA_Init                              0x080098e9   Thumb Code    76  dma.o(.text.MX_DMA_Init)
    MX_GPIO_Init                             0x08009939   Thumb Code   254  gpio.o(.text.MX_GPIO_Init)
    MX_I2C1_Init                             0x08009a39   Thumb Code   118  i2c.o(.text.MX_I2C1_Init)
    MX_USART1_UART_Init                      0x08009ab1   Thumb Code   142  usart.o(.text.MX_USART1_UART_Init)
    MemManage_Handler                        0x08009b41   Thumb Code     4  stm32h7xx_it.o(.text.MemManage_Handler)
    NMI_Handler                              0x08009b49   Thumb Code     4  stm32h7xx_it.o(.text.NMI_Handler)
    OLED_Init                                0x08009bc1   Thumb Code   232  oled.o(.text.OLED_Init)
    OLED_NewFrame                            0x08009ca9   Thumb Code    22  oled.o(.text.OLED_NewFrame)
    OLED_PrintASCIIChar                      0x08009cc1   Thumb Code   106  oled.o(.text.OLED_PrintASCIIChar)
    OLED_PrintString                         0x08009d31   Thumb Code   438  oled.o(.text.OLED_PrintString)
    OLED_Register                            0x08009ee9   Thumb Code    72  oled.o(.text.OLED_Register)
    OLED_Send                                0x08009f31   Thumb Code    42  oled.o(.text.OLED_Send)
    OLED_SendCmd                             0x08009f61   Thumb Code    36  oled.o(.text.OLED_SendCmd)
    OLED_SetBits                             0x08009f89   Thumb Code   176  oled.o(.text.OLED_SetBits)
    OLED_SetBits_Fine                        0x0800a039   Thumb Code   256  oled.o(.text.OLED_SetBits_Fine)
    OLED_SetBlock                            0x0800a139   Thumb Code   316  oled.o(.text.OLED_SetBlock)
    OLED_SetByte_Fine                        0x0800a279   Thumb Code   214  oled.o(.text.OLED_SetByte_Fine)
    OLED_ShowFrame                           0x0800a351   Thumb Code   124  oled.o(.text.OLED_ShowFrame)
    PendSV_Handler                           0x0800a3d1   Thumb Code     2  stm32h7xx_it.o(.text.PendSV_Handler)
    SVC_Handler                              0x0800a779   Thumb Code     2  stm32h7xx_it.o(.text.SVC_Handler)
    SysTick_Handler                          0x0800a7d9   Thumb Code     8  stm32h7xx_it.o(.text.SysTick_Handler)
    SystemClock_Config                       0x0800a7e1   Thumb Code   228  main.o(.text.SystemClock_Config)
    SystemInit                               0x0800a8c9   Thumb Code   396  system_stm32h7xx.o(.text.SystemInit)
    UART1_UserCallback                       0x0800aa59   Thumb Code   122  main.o(.text.UART1_UserCallback)
    UART_AdvFeatureConfig                    0x0800ab61   Thumb Code   328  stm32h7xx_hal_uart.o(.text.UART_AdvFeatureConfig)
    UART_CheckIdleState                      0x0800aca9   Thumb Code   326  stm32h7xx_hal_uart.o(.text.UART_CheckIdleState)
    UART_Register                            0x0800b1a1   Thumb Code   214  bsp_uart.o(.text.UART_Register)
    UART_Send                                0x0800b279   Thumb Code   128  bsp_uart.o(.text.UART_Send)
    UART_Service_Init                        0x0800b2f9   Thumb Code   488  bsp_uart.o(.text.UART_Service_Init)
    UART_SetConfig                           0x0800b4e1   Thumb Code  2338  stm32h7xx_hal_uart.o(.text.UART_SetConfig)
    UART_Start_Receive_DMA                   0x0800be09   Thumb Code   302  stm32h7xx_hal_uart.o(.text.UART_Start_Receive_DMA)
    UART_WaitOnFlagUntilTimeout              0x0800c1f9   Thumb Code   268  stm32h7xx_hal_uart.o(.text.UART_WaitOnFlagUntilTimeout)
    USART1_IRQHandler                        0x0800c309   Thumb Code    16  stm32h7xx_it.o(.text.USART1_IRQHandler)
    UsageFault_Handler                       0x0800c319   Thumb Code     4  stm32h7xx_it.o(.text.UsageFault_Handler)
    _OLED_GetUTF8Len                         0x0800c321   Thumb Code   114  oled.o(.text._OLED_GetUTF8Len)
    main                                     0x0800c461   Thumb Code   282  main.o(.text.main)
    _fp_init                                 0x0800c57b   Thumb Code    26  fpinit.o(x$fpl$fpinit)
    __fplib_config_fpu_vfp                   0x0800c593   Thumb Code     0  fpinit.o(x$fpl$fpinit)
    __fplib_config_pureend_doubles           0x0800c593   Thumb Code     0  fpinit.o(x$fpl$fpinit)
    D1CorePrescTable                         0x0800c5a4   Data          16  system_stm32h7xx.o(.rodata.D1CorePrescTable)
    UARTPrescTable                           0x0800c5cc   Data          24  stm32h7xx_hal_uart.o(.rodata.UARTPrescTable)
    afont16x8                                0x0800c5e4   Data           8  font.o(.rodata.afont16x8)
    ascii_16x8                               0x0800c5ec   Data        1520  font.o(.rodata.ascii_16x8)
    font16x16                                0x0800cbdc   Data          16  font.o(.rodata.font16x16)
    zh16x16                                  0x0800cc0c   Data         144  font.o(.rodata.zh16x16)
    Region$$Table$$Base                      0x0800cc9c   Number         0  anon$$obj.o(Region$$Table)
    Region$$Table$$Limit                     0x0800ccbc   Number         0  anon$$obj.o(Region$$Table)
    SystemCoreClock                          0x24000000   Data           4  system_stm32h7xx.o(.data.SystemCoreClock)
    SystemD2Clock                            0x24000004   Data           4  system_stm32h7xx.o(.data.SystemD2Clock)
    uwTickFreq                               0x24000008   Data           1  stm32h7xx_hal.o(.data.uwTickFreq)
    uwTickPrio                               0x2400000c   Data           4  stm32h7xx_hal.o(.data.uwTickPrio)
    __libspace_start                         0x24000010   Data          96  libspace.o(.bss)
    __temporary_stack_top$libspace           0x24000070   Data           0  libspace.o(.bss)
    hdma_usart1_rx                           0x240000f4   Data         120  usart.o(.bss.hdma_usart1_rx)
    hdma_usart1_tx                           0x2400016c   Data         120  usart.o(.bss.hdma_usart1_tx)
    hi2c1                                    0x240001e4   Data          84  i2c.o(.bss.hi2c1)
    huart1                                   0x24000238   Data         148  usart.o(.bss.huart1)
    led0                                     0x240002d0   Data           4  main.o(.bss.led0)
    led1                                     0x240002d4   Data           4  main.o(.bss.led1)
    oled                                     0x240002d8   Data           4  main.o(.bss.oled)
    uart1                                    0x240002dc   Data           4  main.o(.bss.uart1)
    uwTick                                   0x240002f4   Data           4  stm32h7xx_hal.o(.bss.uwTick)



==============================================================================

Memory Map of the image

  Image Entry point : 0x08000299

  Load Region LR_IROM1 (Base: 0x08000000, Size: 0x0000ccd0, Max: 0x00020000, ABSOLUTE)

    Execution Region ER_IROM1 (Exec base: 0x08000000, Load base: 0x08000000, Size: 0x0000ccbc, Max: 0x00020000, ABSOLUTE)

    Exec Addr    Load Addr    Size         Type   Attr      Idx    E Section Name        Object

    0x08000000   0x08000000   0x00000298   Data   RO            3    RESET               startup_stm32h750xx.o
    0x08000298   0x08000298   0x00000008   Code   RO         2075  * !!!main             c_w.l(__main.o)
    0x080002a0   0x080002a0   0x0000005c   Code   RO         2300    !!!scatter          c_w.l(__scatter.o)
    0x080002fc   0x080002fc   0x0000001a   Code   RO         2304    !!handler_copy      c_w.l(__scatter_copy.o)
    0x08000316   0x08000316   0x00000002   PAD
    0x08000318   0x08000318   0x00000002   Code   RO         2301    !!handler_null      c_w.l(__scatter.o)
    0x0800031a   0x0800031a   0x00000002   PAD
    0x0800031c   0x0800031c   0x0000001c   Code   RO         2306    !!handler_zi        c_w.l(__scatter_zi.o)
    0x08000338   0x08000338   0x00000002   Code   RO         2235    .ARM.Collect$$libinit$$00000000  c_w.l(libinit.o)
    0x0800033a   0x0800033a   0x00000004   Code   RO         2117    .ARM.Collect$$libinit$$00000001  c_w.l(libinit2.o)
    0x0800033e   0x0800033e   0x00000000   Code   RO         2120    .ARM.Collect$$libinit$$00000004  c_w.l(libinit2.o)
    0x0800033e   0x0800033e   0x00000000   Code   RO         2122    .ARM.Collect$$libinit$$00000006  c_w.l(libinit2.o)
    0x0800033e   0x0800033e   0x00000008   Code   RO         2123    .ARM.Collect$$libinit$$00000007  c_w.l(libinit2.o)
    0x08000346   0x08000346   0x00000000   Code   RO         2125    .ARM.Collect$$libinit$$0000000C  c_w.l(libinit2.o)
    0x08000346   0x08000346   0x00000000   Code   RO         2127    .ARM.Collect$$libinit$$0000000E  c_w.l(libinit2.o)
    0x08000346   0x08000346   0x00000000   Code   RO         2129    .ARM.Collect$$libinit$$00000010  c_w.l(libinit2.o)
    0x08000346   0x08000346   0x00000000   Code   RO         2132    .ARM.Collect$$libinit$$00000013  c_w.l(libinit2.o)
    0x08000346   0x08000346   0x00000000   Code   RO         2134    .ARM.Collect$$libinit$$00000015  c_w.l(libinit2.o)
    0x08000346   0x08000346   0x00000000   Code   RO         2136    .ARM.Collect$$libinit$$00000017  c_w.l(libinit2.o)
    0x08000346   0x08000346   0x00000000   Code   RO         2138    .ARM.Collect$$libinit$$00000019  c_w.l(libinit2.o)
    0x08000346   0x08000346   0x00000000   Code   RO         2140    .ARM.Collect$$libinit$$0000001B  c_w.l(libinit2.o)
    0x08000346   0x08000346   0x00000000   Code   RO         2142    .ARM.Collect$$libinit$$0000001D  c_w.l(libinit2.o)
    0x08000346   0x08000346   0x00000000   Code   RO         2144    .ARM.Collect$$libinit$$0000001F  c_w.l(libinit2.o)
    0x08000346   0x08000346   0x00000000   Code   RO         2146    .ARM.Collect$$libinit$$00000021  c_w.l(libinit2.o)
    0x08000346   0x08000346   0x00000000   Code   RO         2148    .ARM.Collect$$libinit$$00000023  c_w.l(libinit2.o)
    0x08000346   0x08000346   0x00000000   Code   RO         2150    .ARM.Collect$$libinit$$00000025  c_w.l(libinit2.o)
    0x08000346   0x08000346   0x00000000   Code   RO         2152    .ARM.Collect$$libinit$$00000027  c_w.l(libinit2.o)
    0x08000346   0x08000346   0x00000000   Code   RO         2156    .ARM.Collect$$libinit$$0000002E  c_w.l(libinit2.o)
    0x08000346   0x08000346   0x00000000   Code   RO         2158    .ARM.Collect$$libinit$$00000030  c_w.l(libinit2.o)
    0x08000346   0x08000346   0x00000000   Code   RO         2160    .ARM.Collect$$libinit$$00000032  c_w.l(libinit2.o)
    0x08000346   0x08000346   0x00000000   Code   RO         2162    .ARM.Collect$$libinit$$00000034  c_w.l(libinit2.o)
    0x08000346   0x08000346   0x00000002   Code   RO         2163    .ARM.Collect$$libinit$$00000035  c_w.l(libinit2.o)
    0x08000348   0x08000348   0x00000002   Code   RO         2297    .ARM.Collect$$libshutdown$$00000000  c_w.l(libshutdown.o)
    0x0800034a   0x0800034a   0x00000000   Code   RO         2253    .ARM.Collect$$libshutdown$$00000002  c_w.l(libshutdown2.o)
    0x0800034a   0x0800034a   0x00000000   Code   RO         2255    .ARM.Collect$$libshutdown$$00000004  c_w.l(libshutdown2.o)
    0x0800034a   0x0800034a   0x00000000   Code   RO         2258    .ARM.Collect$$libshutdown$$00000007  c_w.l(libshutdown2.o)
    0x0800034a   0x0800034a   0x00000000   Code   RO         2261    .ARM.Collect$$libshutdown$$0000000A  c_w.l(libshutdown2.o)
    0x0800034a   0x0800034a   0x00000000   Code   RO         2263    .ARM.Collect$$libshutdown$$0000000C  c_w.l(libshutdown2.o)
    0x0800034a   0x0800034a   0x00000000   Code   RO         2266    .ARM.Collect$$libshutdown$$0000000F  c_w.l(libshutdown2.o)
    0x0800034a   0x0800034a   0x00000002   Code   RO         2267    .ARM.Collect$$libshutdown$$00000010  c_w.l(libshutdown2.o)
    0x0800034c   0x0800034c   0x00000000   Code   RO         2079    .ARM.Collect$$rtentry$$00000000  c_w.l(__rtentry.o)
    0x0800034c   0x0800034c   0x00000000   Code   RO         2172    .ARM.Collect$$rtentry$$00000002  c_w.l(__rtentry2.o)
    0x0800034c   0x0800034c   0x00000006   Code   RO         2184    .ARM.Collect$$rtentry$$00000004  c_w.l(__rtentry4.o)
    0x08000352   0x08000352   0x00000000   Code   RO         2174    .ARM.Collect$$rtentry$$00000009  c_w.l(__rtentry2.o)
    0x08000352   0x08000352   0x00000004   Code   RO         2175    .ARM.Collect$$rtentry$$0000000A  c_w.l(__rtentry2.o)
    0x08000356   0x08000356   0x00000000   Code   RO         2177    .ARM.Collect$$rtentry$$0000000C  c_w.l(__rtentry2.o)
    0x08000356   0x08000356   0x00000008   Code   RO         2178    .ARM.Collect$$rtentry$$0000000D  c_w.l(__rtentry2.o)
    0x0800035e   0x0800035e   0x00000002   Code   RO         2240    .ARM.Collect$$rtexit$$00000000  c_w.l(rtexit.o)
    0x08000360   0x08000360   0x00000000   Code   RO         2273    .ARM.Collect$$rtexit$$00000002  c_w.l(rtexit2.o)
    0x08000360   0x08000360   0x00000004   Code   RO         2274    .ARM.Collect$$rtexit$$00000003  c_w.l(rtexit2.o)
    0x08000364   0x08000364   0x00000006   Code   RO         2275    .ARM.Collect$$rtexit$$00000004  c_w.l(rtexit2.o)
    0x0800036a   0x0800036a   0x00000002   PAD
    0x0800036c   0x0800036c   0x00000048   Code   RO            4    .text               startup_stm32h750xx.o
    0x080003b4   0x080003b4   0x0000005e   Code   RO         2009    .text               c_w.l(h1_alloc.o)
    0x08000412   0x08000412   0x000000f0   Code   RO         2063    .text               c_w.l(lludivv7m.o)
    0x08000502   0x08000502   0x00000058   Code   RO         2065    .text               c_w.l(memcmp.o)
    0x0800055a   0x0800055a   0x0000008a   Code   RO         2067    .text               c_w.l(rt_memcpy_v6.o)
    0x080005e4   0x080005e4   0x0000004e   Code   RO         2071    .text               c_w.l(rt_memclr_w.o)
    0x08000632   0x08000632   0x00000006   Code   RO         2073    .text               c_w.l(heapauxi.o)
    0x08000638   0x08000638   0x00000008   Code   RO         2087    .text               c_w.l(rt_heap_descriptor_intlibspace.o)
    0x08000640   0x08000640   0x00000004   Code   RO         2089    .text               c_w.l(hguard.o)
    0x08000644   0x08000644   0x0000008a   Code   RO         2091    .text               c_w.l(init_alloc.o)
    0x080006ce   0x080006ce   0x0000000c   Code   RO         2097    .text               c_w.l(h1_init.o)
    0x080006da   0x080006da   0x0000004e   Code   RO         2099    .text               c_w.l(h1_free.o)
    0x08000728   0x08000728   0x00000064   Code   RO         2113    .text               c_w.l(rt_memcpy_w.o)
    0x0800078c   0x0800078c   0x00000008   Code   RO         2168    .text               c_w.l(libspace.o)
    0x08000794   0x08000794   0x00000000   Code   RO         2190    .text               c_w.l(maybetermalloc1.o)
    0x08000794   0x08000794   0x00000034   Code   RO         2192    .text               c_w.l(h1_extend.o)
    0x080007c8   0x080007c8   0x0000000e   Code   RO         2196    .text               c_w.l(defsig_rtmem_outer.o)
    0x080007d6   0x080007d6   0x00000002   Code   RO         2207    .text               c_w.l(use_no_semi.o)
    0x080007d8   0x080007d8   0x00000000   Code   RO         2209    .text               c_w.l(indicate_semi.o)
    0x080007d8   0x080007d8   0x0000004a   Code   RO         2210    .text               c_w.l(sys_stackheap_outer.o)
    0x08000822   0x08000822   0x00000012   Code   RO         2216    .text               c_w.l(exit.o)
    0x08000834   0x08000834   0x0000000a   Code   RO         2218    .text               c_w.l(defsig_exit.o)
    0x0800083e   0x0800083e   0x00000002   PAD
    0x08000840   0x08000840   0x00000050   Code   RO         2224    .text               c_w.l(defsig_rtmem_inner.o)
    0x08000890   0x08000890   0x0000000c   Code   RO         2236    .text               c_w.l(sys_exit.o)
    0x0800089c   0x0800089c   0x00000032   Code   RO         2248    .text               c_w.l(defsig_general.o)
    0x080008ce   0x080008ce   0x0000000e   Code   RO         2268    .text               c_w.l(sys_wrch.o)
    0x080008dc   0x080008dc   0x00000004   PAD
    0x080008e0   0x080008e0   0x00000004   Code   RO           89    .text.BusFault_Handler  stm32h7xx_it.o
    0x080008e4   0x080008e4   0x00000004   PAD
    0x080008e8   0x080008e8   0x00000010   Code   RO          103    .text.DMA1_Stream0_IRQHandler  stm32h7xx_it.o
    0x080008f8   0x080008f8   0x00000010   Code   RO          105    .text.DMA1_Stream1_IRQHandler  stm32h7xx_it.o
    0x08000908   0x08000908   0x000001ca   Code   RO          640    .text.DMA_CalcBaseAndBitshift  stm32h7xx_hal_dma.o
    0x08000ad2   0x08000ad2   0x00000006   PAD
    0x08000ad8   0x08000ad8   0x00000178   Code   RO          642    .text.DMA_CalcDMAMUXChannelBaseAndMask  stm32h7xx_hal_dma.o
    0x08000c50   0x08000c50   0x0000012a   Code   RO          644    .text.DMA_CalcDMAMUXRequestGenBaseAndMask  stm32h7xx_hal_dma.o
    0x08000d7a   0x08000d7a   0x00000006   PAD
    0x08000d80   0x08000d80   0x000000f0   Code   RO          638    .text.DMA_CheckFifoParam  stm32h7xx_hal_dma.o
    0x08000e70   0x08000e70   0x00000514   Code   RO          650    .text.DMA_SetConfig  stm32h7xx_hal_dma.o
    0x08001384   0x08001384   0x00000004   PAD
    0x08001388   0x08001388   0x00000002   Code   RO           95    .text.DebugMon_Handler  stm32h7xx_it.o
    0x0800138a   0x0800138a   0x00000006   PAD
    0x08001390   0x08001390   0x0000000a   Code   RO          101    .text.EXTI0_IRQHandler  stm32h7xx_it.o
    0x0800139a   0x0800139a   0x00000006   PAD
    0x080013a0   0x080013a0   0x0000000c   Code   RO          109    .text.EXTI15_10_IRQHandler  stm32h7xx_it.o
    0x080013ac   0x080013ac   0x00000004   PAD
    0x080013b0   0x080013b0   0x0000000e   Code   RO           19    .text.Error_Handler  main.o
    0x080013be   0x080013be   0x00000002   PAD
    0x080013c0   0x080013c0   0x00000028   Code   RO         1210    .text.ExitRun0Mode  system_stm32h7xx.o
    0x080013e8   0x080013e8   0x00000978   Code   RO          654    .text.HAL_DMA_Abort  stm32h7xx_hal_dma.o
    0x08001d60   0x08001d60   0x000006aa   Code   RO          656    .text.HAL_DMA_Abort_IT  stm32h7xx_hal_dma.o
    0x0800240a   0x0800240a   0x00000006   PAD
    0x08002410   0x08002410   0x000011c0   Code   RO          660    .text.HAL_DMA_IRQHandler  stm32h7xx_hal_dma.o
    0x080035d0   0x080035d0   0x00000962   Code   RO          636    .text.HAL_DMA_Init  stm32h7xx_hal_dma.o
    0x08003f32   0x08003f32   0x00000006   PAD
    0x08003f38   0x08003f38   0x00000702   Code   RO          652    .text.HAL_DMA_Start_IT  stm32h7xx_hal_dma.o
    0x0800463a   0x0800463a   0x00000006   PAD
    0x08004640   0x08004640   0x00000042   Code   RO          900    .text.HAL_Delay     stm32h7xx_hal.o
    0x08004682   0x08004682   0x00000006   PAD
    0x08004688   0x08004688   0x0000000a   Code   RO          598    .text.HAL_GPIO_EXTI_Callback  stm32h7xx_hal_gpio.o
    0x08004692   0x08004692   0x00000006   PAD
    0x08004698   0x08004698   0x00000034   Code   RO          596    .text.HAL_GPIO_EXTI_IRQHandler  stm32h7xx_hal_gpio.o
    0x080046cc   0x080046cc   0x00000004   PAD
    0x080046d0   0x080046d0   0x000003c4   Code   RO          584    .text.HAL_GPIO_Init  stm32h7xx_hal_gpio.o
    0x08004a94   0x08004a94   0x00000004   PAD
    0x08004a98   0x08004a98   0x0000002e   Code   RO          590    .text.HAL_GPIO_WritePin  stm32h7xx_hal_gpio.o
    0x08004ac6   0x08004ac6   0x00000002   PAD
    0x08004ac8   0x08004ac8   0x0000000e   Code   RO          908    .text.HAL_GetREVID  stm32h7xx_hal.o
    0x08004ad6   0x08004ad6   0x00000002   PAD
    0x08004ad8   0x08004ad8   0x0000000c   Code   RO          892    .text.HAL_GetTick   stm32h7xx_hal.o
    0x08004ae4   0x08004ae4   0x00000004   PAD
    0x08004ae8   0x08004ae8   0x00000098   Code   RO          372    .text.HAL_I2CEx_ConfigAnalogFilter  stm32h7xx_hal_i2c_ex.o
    0x08004b80   0x08004b80   0x000000a2   Code   RO          374    .text.HAL_I2CEx_ConfigDigitalFilter  stm32h7xx_hal_i2c_ex.o
    0x08004c22   0x08004c22   0x00000006   PAD
    0x08004c28   0x08004c28   0x00000114   Code   RO          203    .text.HAL_I2C_Init  stm32h7xx_hal_i2c.o
    0x08004d3c   0x08004d3c   0x00000004   PAD
    0x08004d40   0x08004d40   0x00000252   Code   RO          211    .text.HAL_I2C_Master_Transmit  stm32h7xx_hal_i2c.o
    0x08004f92   0x08004f92   0x00000006   PAD
    0x08004f98   0x08004f98   0x000000ac   Code   RO           55    .text.HAL_I2C_MspInit  i2c.o
    0x08005044   0x08005044   0x00000004   PAD
    0x08005048   0x08005048   0x0000001a   Code   RO          890    .text.HAL_IncTick   stm32h7xx_hal.o
    0x08005062   0x08005062   0x00000006   PAD
    0x08005068   0x08005068   0x0000007a   Code   RO          880    .text.HAL_Init      stm32h7xx_hal.o
    0x080050e2   0x080050e2   0x00000006   PAD
    0x080050e8   0x080050e8   0x00000086   Code   RO          882    .text.HAL_InitTick  stm32h7xx_hal.o
    0x0800516e   0x0800516e   0x00000002   PAD
    0x08005170   0x08005170   0x00000080   Code   RO          162    .text.HAL_MPU_ConfigRegion  stm32h7xx_hal_cortex.o
    0x080051f0   0x080051f0   0x00000022   Code   RO          154    .text.HAL_MPU_Disable  stm32h7xx_hal_cortex.o
    0x08005212   0x08005212   0x00000006   PAD
    0x08005218   0x08005218   0x00000030   Code   RO          156    .text.HAL_MPU_Enable  stm32h7xx_hal_cortex.o
    0x08005248   0x08005248   0x00000024   Code   RO          118    .text.HAL_MspInit   stm32h7xx_hal_msp.o
    0x0800526c   0x0800526c   0x00000004   PAD
    0x08005270   0x08005270   0x00000014   Code   RO          138    .text.HAL_NVIC_EnableIRQ  stm32h7xx_hal_cortex.o
    0x08005284   0x08005284   0x00000004   PAD
    0x08005288   0x08005288   0x0000002e   Code   RO          130    .text.HAL_NVIC_SetPriority  stm32h7xx_hal_cortex.o
    0x080052b6   0x080052b6   0x00000002   PAD
    0x080052b8   0x080052b8   0x00000010   Code   RO          126    .text.HAL_NVIC_SetPriorityGrouping  stm32h7xx_hal_cortex.o
    0x080052c8   0x080052c8   0x000000a2   Code   RO          793    .text.HAL_PWREx_ConfigSupply  stm32h7xx_hal_pwr_ex.o
    0x0800536a   0x0800536a   0x00000006   PAD
    0x08005370   0x08005370   0x00000026   Code   RO          442    .text.HAL_RCCEx_GetD3PCLK1Freq  stm32h7xx_hal_rcc_ex.o
    0x08005396   0x08005396   0x00000002   PAD
    0x08005398   0x08005398   0x000002ac   Code   RO          438    .text.HAL_RCCEx_GetPLL2ClockFreq  stm32h7xx_hal_rcc_ex.o
    0x08005644   0x08005644   0x00000004   PAD
    0x08005648   0x08005648   0x000002ac   Code   RO          440    .text.HAL_RCCEx_GetPLL3ClockFreq  stm32h7xx_hal_rcc_ex.o
    0x080058f4   0x080058f4   0x00000004   PAD
    0x080058f8   0x080058f8   0x000010a0   Code   RO          426    .text.HAL_RCCEx_PeriphCLKConfig  stm32h7xx_hal_rcc_ex.o
    0x08006998   0x08006998   0x00000498   Code   RO          395    .text.HAL_RCC_ClockConfig  stm32h7xx_hal_rcc.o
    0x08006e30   0x08006e30   0x00000056   Code   RO          405    .text.HAL_RCC_GetHCLKFreq  stm32h7xx_hal_rcc.o
    0x08006e86   0x08006e86   0x00000002   PAD
    0x08006e88   0x08006e88   0x00000026   Code   RO          407    .text.HAL_RCC_GetPCLK1Freq  stm32h7xx_hal_rcc.o
    0x08006eae   0x08006eae   0x00000002   PAD
    0x08006eb0   0x08006eb0   0x00000026   Code   RO          409    .text.HAL_RCC_GetPCLK2Freq  stm32h7xx_hal_rcc.o
    0x08006ed6   0x08006ed6   0x00000002   PAD
    0x08006ed8   0x08006ed8   0x00000310   Code   RO          397    .text.HAL_RCC_GetSysClockFreq  stm32h7xx_hal_rcc.o
    0x080071e8   0x080071e8   0x00000b58   Code   RO          393    .text.HAL_RCC_OscConfig  stm32h7xx_hal_rcc.o
    0x08007d40   0x08007d40   0x00000010   Code   RO          150    .text.HAL_SYSTICK_Config  stm32h7xx_hal_cortex.o
    0x08007d50   0x08007d50   0x0000007c   Code   RO         1183    .text.HAL_UARTEx_DisableFifoMode  stm32h7xx_hal_uart_ex.o
    0x08007dcc   0x08007dcc   0x00000004   PAD
    0x08007dd0   0x08007dd0   0x000000b0   Code   RO         1193    .text.HAL_UARTEx_ReceiveToIdle_DMA  stm32h7xx_hal_uart_ex.o
    0x08007e80   0x08007e80   0x00000388   Code   RO         1230    .text.HAL_UARTEx_RxEventCallback  bsp_uart.o
    0x08008208   0x08008208   0x00000008   Code   RO         1165    .text.HAL_UARTEx_RxFifoFullCallback  stm32h7xx_hal_uart_ex.o
    0x08008210   0x08008210   0x0000008c   Code   RO         1187    .text.HAL_UARTEx_SetRxFifoThreshold  stm32h7xx_hal_uart_ex.o
    0x0800829c   0x0800829c   0x00000004   PAD
    0x080082a0   0x080082a0   0x0000008c   Code   RO         1185    .text.HAL_UARTEx_SetTxFifoThreshold  stm32h7xx_hal_uart_ex.o
    0x0800832c   0x0800832c   0x00000004   PAD
    0x08008330   0x08008330   0x00000008   Code   RO         1167    .text.HAL_UARTEx_TxFifoEmptyCallback  stm32h7xx_hal_uart_ex.o
    0x08008338   0x08008338   0x00000008   Code   RO         1163    .text.HAL_UARTEx_WakeupCallback  stm32h7xx_hal_uart_ex.o
    0x08008340   0x08008340   0x00000338   Code   RO         1232    .text.HAL_UART_ErrorCallback  bsp_uart.o
    0x08008678   0x08008678   0x000006fe   Code   RO         1101    .text.HAL_UART_IRQHandler  stm32h7xx_hal_uart.o
    0x08008d76   0x08008d76   0x00000002   PAD
    0x08008d78   0x08008d78   0x000000aa   Code   RO         1013    .text.HAL_UART_Init  stm32h7xx_hal_uart.o
    0x08008e22   0x08008e22   0x00000006   PAD
    0x08008e28   0x08008e28   0x0000016c   Code   RO           69    .text.HAL_UART_MspInit  usart.o
    0x08008f94   0x08008f94   0x00000004   PAD
    0x08008f98   0x08008f98   0x00000008   Code   RO         1115    .text.HAL_UART_RxCpltCallback  stm32h7xx_hal_uart.o
    0x08008fa0   0x08008fa0   0x00000008   Code   RO         1117    .text.HAL_UART_RxHalfCpltCallback  stm32h7xx_hal_uart.o
    0x08008fa8   0x08008fa8   0x00000138   Code   RO         1033    .text.HAL_UART_Transmit  stm32h7xx_hal_uart.o
    0x080090e0   0x080090e0   0x00000108   Code   RO         1053    .text.HAL_UART_Transmit_DMA  stm32h7xx_hal_uart.o
    0x080091e8   0x080091e8   0x00000130   Code   RO         1039    .text.HAL_UART_Transmit_IT  stm32h7xx_hal_uart.o
    0x08009318   0x08009318   0x00000008   Code   RO         1111    .text.HAL_UART_TxCpltCallback  stm32h7xx_hal_uart.o
    0x08009320   0x08009320   0x00000008   Code   RO         1113    .text.HAL_UART_TxHalfCpltCallback  stm32h7xx_hal_uart.o
    0x08009328   0x08009328   0x00000004   Code   RO           85    .text.HardFault_Handler  stm32h7xx_it.o
    0x0800932c   0x0800932c   0x00000004   PAD
    0x08009330   0x08009330   0x00000040   Code   RO          227    .text.I2C_Flush_TXDR  stm32h7xx_hal_i2c.o
    0x08009370   0x08009370   0x000001fe   Code   RO          363    .text.I2C_IsErrorOccurred  stm32h7xx_hal_i2c.o
    0x0800956e   0x0800956e   0x00000002   PAD
    0x08009570   0x08009570   0x00000054   Code   RO          215    .text.I2C_TransferConfig  stm32h7xx_hal_i2c.o
    0x080095c4   0x080095c4   0x00000004   PAD
    0x080095c8   0x080095c8   0x000000c4   Code   RO          213    .text.I2C_WaitOnFlagUntilTimeout  stm32h7xx_hal_i2c.o
    0x0800968c   0x0800968c   0x00000004   PAD
    0x08009690   0x08009690   0x000000a2   Code   RO          219    .text.I2C_WaitOnSTOPFlagUntilTimeout  stm32h7xx_hal_i2c.o
    0x08009732   0x08009732   0x00000006   PAD
    0x08009738   0x08009738   0x000000ac   Code   RO          217    .text.I2C_WaitOnTXISFlagUntilTimeout  stm32h7xx_hal_i2c.o
    0x080097e4   0x080097e4   0x00000004   PAD
    0x080097e8   0x080097e8   0x00000020   Code   RO         1256    .text.LED_Off       led.o
    0x08009808   0x08009808   0x00000022   Code   RO         1258    .text.LED_On        led.o
    0x0800982a   0x0800982a   0x00000006   PAD
    0x08009830   0x08009830   0x0000005a   Code   RO         1254    .text.LED_Register  led.o
    0x0800988a   0x0800988a   0x00000006   PAD
    0x08009890   0x08009890   0x00000056   Code   RO           13    .text.MPU_Config    main.o
    0x080098e6   0x080098e6   0x00000002   PAD
    0x080098e8   0x080098e8   0x0000004c   Code   RO           45    .text.MX_DMA_Init   dma.o
    0x08009934   0x08009934   0x00000004   PAD
    0x08009938   0x08009938   0x000000fe   Code   RO           37    .text.MX_GPIO_Init  gpio.o
    0x08009a36   0x08009a36   0x00000002   PAD
    0x08009a38   0x08009a38   0x00000076   Code   RO           53    .text.MX_I2C1_Init  i2c.o
    0x08009aae   0x08009aae   0x00000002   PAD
    0x08009ab0   0x08009ab0   0x0000008e   Code   RO           67    .text.MX_USART1_UART_Init  usart.o
    0x08009b3e   0x08009b3e   0x00000002   PAD
    0x08009b40   0x08009b40   0x00000004   Code   RO           87    .text.MemManage_Handler  stm32h7xx_it.o
    0x08009b44   0x08009b44   0x00000004   PAD
    0x08009b48   0x08009b48   0x00000004   Code   RO           83    .text.NMI_Handler   stm32h7xx_it.o
    0x08009b4c   0x08009b4c   0x00000004   PAD
    0x08009b50   0x08009b50   0x0000006c   Code   RO          136    .text.NVIC_EncodePriority  stm32h7xx_hal_cortex.o
    0x08009bbc   0x08009bbc   0x00000004   PAD
    0x08009bc0   0x08009bc0   0x000000e8   Code   RO         1286    .text.OLED_Init     oled.o
    0x08009ca8   0x08009ca8   0x00000016   Code   RO         1288    .text.OLED_NewFrame  oled.o
    0x08009cbe   0x08009cbe   0x00000002   PAD
    0x08009cc0   0x08009cc0   0x0000006a   Code   RO         1328    .text.OLED_PrintASCIIChar  oled.o
    0x08009d2a   0x08009d2a   0x00000006   PAD
    0x08009d30   0x08009d30   0x000001b6   Code   RO         1334    .text.OLED_PrintString  oled.o
    0x08009ee6   0x08009ee6   0x00000002   PAD
    0x08009ee8   0x08009ee8   0x00000048   Code   RO         1280    .text.OLED_Register  oled.o
    0x08009f30   0x08009f30   0x0000002a   Code   RO         1282    .text.OLED_Send     oled.o
    0x08009f5a   0x08009f5a   0x00000006   PAD
    0x08009f60   0x08009f60   0x00000024   Code   RO         1284    .text.OLED_SendCmd  oled.o
    0x08009f84   0x08009f84   0x00000004   PAD
    0x08009f88   0x08009f88   0x000000b0   Code   RO         1306    .text.OLED_SetBits  oled.o
    0x0800a038   0x0800a038   0x00000100   Code   RO         1304    .text.OLED_SetBits_Fine  oled.o
    0x0800a138   0x0800a138   0x0000013c   Code   RO         1308    .text.OLED_SetBlock  oled.o
    0x0800a274   0x0800a274   0x00000004   PAD
    0x0800a278   0x0800a278   0x000000d6   Code   RO         1300    .text.OLED_SetByte_Fine  oled.o
    0x0800a34e   0x0800a34e   0x00000002   PAD
    0x0800a350   0x0800a350   0x0000007c   Code   RO         1290    .text.OLED_ShowFrame  oled.o
    0x0800a3cc   0x0800a3cc   0x00000004   PAD
    0x0800a3d0   0x0800a3d0   0x00000002   Code   RO           97    .text.PendSV_Handler  stm32h7xx_it.o
    0x0800a3d2   0x0800a3d2   0x00000006   PAD
    0x0800a3d8   0x0800a3d8   0x000001ca   Code   RO          428    .text.RCCEx_PLL2_Config  stm32h7xx_hal_rcc_ex.o
    0x0800a5a2   0x0800a5a2   0x00000006   PAD
    0x0800a5a8   0x0800a5a8   0x000001ca   Code   RO          430    .text.RCCEx_PLL3_Config  stm32h7xx_hal_rcc_ex.o
    0x0800a772   0x0800a772   0x00000006   PAD
    0x0800a778   0x0800a778   0x00000002   Code   RO           93    .text.SVC_Handler   stm32h7xx_it.o
    0x0800a77a   0x0800a77a   0x00000006   PAD
    0x0800a780   0x0800a780   0x00000052   Code   RO          152    .text.SysTick_Config  stm32h7xx_hal_cortex.o
    0x0800a7d2   0x0800a7d2   0x00000006   PAD
    0x0800a7d8   0x0800a7d8   0x00000008   Code   RO           99    .text.SysTick_Handler  stm32h7xx_it.o
    0x0800a7e0   0x0800a7e0   0x000000e4   Code   RO           15    .text.SystemClock_Config  main.o
    0x0800a8c4   0x0800a8c4   0x00000004   PAD
    0x0800a8c8   0x0800a8c8   0x0000018c   Code   RO         1206    .text.SystemInit    system_stm32h7xx.o
    0x0800aa54   0x0800aa54   0x00000004   PAD
    0x0800aa58   0x0800aa58   0x0000007a   Code   RO           17    .text.UART1_UserCallback  main.o
    0x0800aad2   0x0800aad2   0x00000006   PAD
    0x0800aad8   0x0800aad8   0x00000086   Code   RO         1181    .text.UARTEx_SetNbDataToProcess  stm32h7xx_hal_uart_ex.o
    0x0800ab5e   0x0800ab5e   0x00000002   PAD
    0x0800ab60   0x0800ab60   0x00000148   Code   RO         1017    .text.UART_AdvFeatureConfig  stm32h7xx_hal_uart.o
    0x0800aca8   0x0800aca8   0x00000146   Code   RO         1021    .text.UART_CheckIdleState  stm32h7xx_hal_uart.o
    0x0800adee   0x0800adee   0x00000002   PAD
    0x0800adf0   0x0800adf0   0x0000001e   Code   RO         1103    .text.UART_DMAAbortOnError  stm32h7xx_hal_uart.o
    0x0800ae0e   0x0800ae0e   0x00000002   PAD
    0x0800ae10   0x0800ae10   0x00000080   Code   RO         1059    .text.UART_DMAError  stm32h7xx_hal_uart.o
    0x0800ae90   0x0800ae90   0x000000f6   Code   RO         1149    .text.UART_DMAReceiveCplt  stm32h7xx_hal_uart.o
    0x0800af86   0x0800af86   0x00000002   PAD
    0x0800af88   0x0800af88   0x00000036   Code   RO         1151    .text.UART_DMARxHalfCplt  stm32h7xx_hal_uart.o
    0x0800afbe   0x0800afbe   0x00000002   PAD
    0x0800afc0   0x0800afc0   0x0000007a   Code   RO         1055    .text.UART_DMATransmitCplt  stm32h7xx_hal_uart.o
    0x0800b03a   0x0800b03a   0x00000006   PAD
    0x0800b040   0x0800b040   0x00000016   Code   RO         1057    .text.UART_DMATxHalfCplt  stm32h7xx_hal_uart.o
    0x0800b056   0x0800b056   0x00000002   PAD
    0x0800b058   0x0800b058   0x0000009e   Code   RO         1073    .text.UART_EndRxTransfer  stm32h7xx_hal_uart.o
    0x0800b0f6   0x0800b0f6   0x00000002   PAD
    0x0800b0f8   0x0800b0f8   0x00000044   Code   RO         1109    .text.UART_EndTransmit_IT  stm32h7xx_hal_uart.o
    0x0800b13c   0x0800b13c   0x00000004   PAD
    0x0800b140   0x0800b140   0x0000005c   Code   RO         1071    .text.UART_EndTxTransfer  stm32h7xx_hal_uart.o
    0x0800b19c   0x0800b19c   0x00000004   PAD
    0x0800b1a0   0x0800b1a0   0x000000d6   Code   RO         1222    .text.UART_Register  bsp_uart.o
    0x0800b276   0x0800b276   0x00000002   PAD
    0x0800b278   0x0800b278   0x00000080   Code   RO         1226    .text.UART_Send     bsp_uart.o
    0x0800b2f8   0x0800b2f8   0x000001e8   Code   RO         1224    .text.UART_Service_Init  bsp_uart.o
    0x0800b4e0   0x0800b4e0   0x00000922   Code   RO         1019    .text.UART_SetConfig  stm32h7xx_hal_uart.o
    0x0800be02   0x0800be02   0x00000006   PAD
    0x0800be08   0x0800be08   0x0000012e   Code   RO         1063    .text.UART_Start_Receive_DMA  stm32h7xx_hal_uart.o
    0x0800bf36   0x0800bf36   0x00000002   PAD
    0x0800bf38   0x0800bf38   0x00000098   Code   RO         1045    .text.UART_TxISR_16BIT  stm32h7xx_hal_uart.o
    0x0800bfd0   0x0800bfd0   0x000000ce   Code   RO         1041    .text.UART_TxISR_16BIT_FIFOEN  stm32h7xx_hal_uart.o
    0x0800c09e   0x0800c09e   0x00000002   PAD
    0x0800c0a0   0x0800c0a0   0x0000008e   Code   RO         1047    .text.UART_TxISR_8BIT  stm32h7xx_hal_uart.o
    0x0800c12e   0x0800c12e   0x00000002   PAD
    0x0800c130   0x0800c130   0x000000c4   Code   RO         1043    .text.UART_TxISR_8BIT_FIFOEN  stm32h7xx_hal_uart.o
    0x0800c1f4   0x0800c1f4   0x00000004   PAD
    0x0800c1f8   0x0800c1f8   0x0000010c   Code   RO         1035    .text.UART_WaitOnFlagUntilTimeout  stm32h7xx_hal_uart.o
    0x0800c304   0x0800c304   0x00000004   PAD
    0x0800c308   0x0800c308   0x00000010   Code   RO          107    .text.USART1_IRQHandler  stm32h7xx_it.o
    0x0800c318   0x0800c318   0x00000004   Code   RO           91    .text.UsageFault_Handler  stm32h7xx_it.o
    0x0800c31c   0x0800c31c   0x00000004   PAD
    0x0800c320   0x0800c320   0x00000072   Code   RO         1332    .text._OLED_GetUTF8Len  oled.o
    0x0800c392   0x0800c392   0x00000006   PAD
    0x0800c398   0x0800c398   0x00000030   Code   RO          140    .text.__NVIC_EnableIRQ  stm32h7xx_hal_cortex.o
    0x0800c3c8   0x0800c3c8   0x00000010   Code   RO          132    .text.__NVIC_GetPriorityGrouping  stm32h7xx_hal_cortex.o
    0x0800c3d8   0x0800c3d8   0x00000042   Code   RO          134    .text.__NVIC_SetPriority  stm32h7xx_hal_cortex.o
    0x0800c41a   0x0800c41a   0x00000006   PAD
    0x0800c420   0x0800c420   0x0000003c   Code   RO          128    .text.__NVIC_SetPriorityGrouping  stm32h7xx_hal_cortex.o
    0x0800c45c   0x0800c45c   0x00000004   PAD
    0x0800c460   0x0800c460   0x0000011a   Code   RO           11    .text.main          main.o
    0x0800c57a   0x0800c57a   0x0000001a   Code   RO         2205    x$fpl$fpinit        fz_wv.l(fpinit.o)
    0x0800c594   0x0800c594   0x00000004   Data   RO           26    .rodata..L__const.main.oled_init  main.o
    0x0800c598   0x0800c598   0x0000000c   Data   RO           24    .rodata..L__const.main.uart1_init  main.o
    0x0800c5a4   0x0800c5a4   0x00000010   Data   RO         1214    .rodata.D1CorePrescTable  system_stm32h7xx.o
    0x0800c5b4   0x0800c5b4   0x00000008   Data   RO          670    .rodata.DMA_CalcBaseAndBitshift.flagBitshiftOffset  stm32h7xx_hal_dma.o
    0x0800c5bc   0x0800c5bc   0x00000008   Data   RO         1198    .rodata.UARTEx_SetNbDataToProcess.denominator  stm32h7xx_hal_uart_ex.o
    0x0800c5c4   0x0800c5c4   0x00000008   Data   RO         1197    .rodata.UARTEx_SetNbDataToProcess.numerator  stm32h7xx_hal_uart_ex.o
    0x0800c5cc   0x0800c5cc   0x00000018   Data   RO         1153    .rodata.UARTPrescTable  stm32h7xx_hal_uart.o
    0x0800c5e4   0x0800c5e4   0x00000008   Data   RO         1379    .rodata.afont16x8   font.o
    0x0800c5ec   0x0800c5ec   0x000005f0   Data   RO         1378    .rodata.ascii_16x8  font.o
    0x0800cbdc   0x0800cbdc   0x00000010   Data   RO         1383    .rodata.font16x16   font.o
    0x0800cbec   0x0800cbec   0x00000020   Data   RO           28    .rodata.str1.1      main.o
    0x0800cc0c   0x0800cc0c   0x00000090   Data   RO         1382    .rodata.zh16x16     font.o
    0x0800cc9c   0x0800cc9c   0x00000020   Data   RO         2299    Region$$Table       anon$$obj.o


    Execution Region RW_IRAM1 (Exec base: 0x20000000, Load base: 0x0800ccbc, Size: 0x00000000, Max: 0x00020000, ABSOLUTE)

    **** No section assigned to this execution region ****


    Execution Region RW_IRAM2 (Exec base: 0x24000000, Load base: 0x0800ccc0, Size: 0x000008f8, Max: 0x00080000, ABSOLUTE)

    Exec Addr    Load Addr    Size         Type   Attr      Idx    E Section Name        Object

    0x24000000   0x0800ccc0   0x00000004   Data   RW         1212    .data.SystemCoreClock  system_stm32h7xx.o
    0x24000004   0x0800ccc4   0x00000004   Data   RW         1213    .data.SystemD2Clock  system_stm32h7xx.o
    0x24000008   0x0800ccc8   0x00000001   Data   RW          977    .data.uwTickFreq    stm32h7xx_hal.o
    0x24000009   0x0800ccc9   0x00000003   PAD
    0x2400000c   0x0800cccc   0x00000004   Data   RW          976    .data.uwTickPrio    stm32h7xx_hal.o
    0x24000010        -       0x00000060   Zero   RW         2169    .bss                c_w.l(libspace.o)
    0x24000070        -       0x00000002   Zero   RW         1336    .bss.OLED_SendCmd.sendBuffer  oled.o
    0x24000072        -       0x00000001   Zero   RW         1338    .bss.OLED_SetByte_Fine.temp  oled.o
    0x24000073        -       0x00000081   Zero   RW         1337    .bss.OLED_ShowFrame.sendBuffer  oled.o
    0x240000f4        -       0x00000078   Zero   RW           74    .bss.hdma_usart1_rx  usart.o
    0x2400016c        -       0x00000078   Zero   RW           75    .bss.hdma_usart1_tx  usart.o
    0x240001e4        -       0x00000054   Zero   RW           59    .bss.hi2c1          i2c.o
    0x24000238        -       0x00000094   Zero   RW           73    .bss.huart1         usart.o
    0x240002cc        -       0x00000001   Zero   RW         1234    .bss.idx            bsp_uart.o
    0x240002cd   0x0800ccd0   0x00000003   PAD
    0x240002d0        -       0x00000004   Zero   RW           22    .bss.led0           main.o
    0x240002d4        -       0x00000004   Zero   RW           23    .bss.led1           main.o
    0x240002d8        -       0x00000004   Zero   RW           27    .bss.oled           main.o
    0x240002dc        -       0x00000004   Zero   RW           25    .bss.uart1          main.o
    0x240002e0        -       0x00000014   Zero   RW         1235    .bss.usart_instance  bsp_uart.o
    0x240002f4        -       0x00000004   Zero   RW          978    .bss.uwTick         stm32h7xx_hal.o
    0x240002f8        -       0x00000200   Zero   RW            2    HEAP                startup_stm32h750xx.o
    0x240004f8        -       0x00000400   Zero   RW            1    STACK               startup_stm32h750xx.o


==============================================================================

Image component sizes


      Code (inc. data)   RO Data    RW Data    ZI Data      Debug   Object Name

      2558          0          0          0         21       6269   bsp_uart.o
        76          0          0          0          0       5326   dma.o
         0          0       1688          0          0       1298   font.o
       254          0          0          0          0       6043   gpio.o
       290          0          0          0         84       7895   i2c.o
       156          0          0          0          0       1780   led.o
       732         18         48          0         16       9698   main.o
      2148          0          0          0        132      14251   oled.o
        72         30        664          0       1536        856   startup_stm32h750xx.o
       374          0          0          5          4      13793   stm32h7xx_hal.o
       688          0          0          0          0      11599   stm32h7xx_hal_cortex.o
     15542          8          8          0          0      12807   stm32h7xx_hal_dma.o
      1072          0          0          0          0       7020   stm32h7xx_hal_gpio.o
      2058          0          0          0          0      37259   stm32h7xx_hal_i2c.o
       314          0          0          0          0       7295   stm32h7xx_hal_i2c_ex.o
        36          0          0          0          0       2232   stm32h7xx_hal_msp.o
       162          0          0          0          0      10384   stm32h7xx_hal_pwr_ex.o
      5026         66          0          0          0      11910   stm32h7xx_hal_rcc.o
      6578         96          0          0          0      19300   stm32h7xx_hal_rcc_ex.o
      8050        258         24          0          0      29295   stm32h7xx_hal_uart.o
       738          0         16          0          0       8895   stm32h7xx_hal_uart_ex.o
       104          0          0          0          0       1654   stm32h7xx_it.o
       436          0         16          8          0       6174   system_stm32h7xx.o
       506          0          0          0        388      11467   usart.o

    ----------------------------------------------------------------------
     48354        484       2496         16       2184     244500   Object Totals
         0          0         32          0          0          0   (incl. Generated)
       384          8          0          3          3          0   (incl. Padding)

    ----------------------------------------------------------------------

      Code (inc. data)   RO Data    RW Data    ZI Data      Debug   Library Member Name

         8          0          0          0          0         68   __main.o
         0          0          0          0          0          0   __rtentry.o
        12          0          0          0          0          0   __rtentry2.o
         6          0          0          0          0          0   __rtentry4.o
        94          8          0          0          0          0   __scatter.o
        26          0          0          0          0          0   __scatter_copy.o
        28          0          0          0          0          0   __scatter_zi.o
        10          0          0          0          0         68   defsig_exit.o
        50          0          0          0          0         88   defsig_general.o
        80         58          0          0          0         76   defsig_rtmem_inner.o
        14          0          0          0          0         80   defsig_rtmem_outer.o
        18          0          0          0          0         80   exit.o
        94          0          0          0          0         80   h1_alloc.o
        52          0          0          0          0         68   h1_extend.o
        78          0          0          0          0         80   h1_free.o
        12          0          0          0          0         84   h1_init.o
         6          0          0          0          0        152   heapauxi.o
         4          0          0          0          0        136   hguard.o
         0          0          0          0          0          0   indicate_semi.o
       138          0          0          0          0        168   init_alloc.o
         2          0          0          0          0          0   libinit.o
        14          0          0          0          0          0   libinit2.o
         2          0          0          0          0          0   libshutdown.o
         2          0          0          0          0          0   libshutdown2.o
         8          4          0          0         96         68   libspace.o
       240          0          0          0          0        100   lludivv7m.o
         0          0          0          0          0          0   maybetermalloc1.o
        88          0          0          0          0         76   memcmp.o
         8          4          0          0          0         68   rt_heap_descriptor_intlibspace.o
        78          0          0          0          0         80   rt_memclr_w.o
       138          0          0          0          0         68   rt_memcpy_v6.o
       100          0          0          0          0         80   rt_memcpy_w.o
         2          0          0          0          0          0   rtexit.o
        10          0          0          0          0          0   rtexit2.o
        12          4          0          0          0         68   sys_exit.o
        74          0          0          0          0         80   sys_stackheap_outer.o
        14          0          0          0          0         76   sys_wrch.o
         2          0          0          0          0         68   use_no_semi.o
        26          0          0          0          0        116   fpinit.o

    ----------------------------------------------------------------------
      1562         78          0          0         96       2176   Library Totals
        12          0          0          0          0          0   (incl. Padding)

    ----------------------------------------------------------------------

      Code (inc. data)   RO Data    RW Data    ZI Data      Debug   Library Name

      1524         78          0          0         96       2060   c_w.l
        26          0          0          0          0        116   fz_wv.l

    ----------------------------------------------------------------------
      1562         78          0          0         96       2176   Library Totals

    ----------------------------------------------------------------------

==============================================================================


      Code (inc. data)   RO Data    RW Data    ZI Data      Debug   

     49916        562       2496         16       2280     245232   Grand Totals
     49916        562       2496         16       2280     245232   ELF Image Totals
     49916        562       2496         16          0          0   ROM Totals

==============================================================================

    Total RO  Size (Code + RO Data)                52412 (  51.18kB)
    Total RW  Size (RW Data + ZI Data)              2296 (   2.24kB)
    Total ROM Size (Code + RO Data + RW Data)      52428 (  51.20kB)

==============================================================================

